[1/160] running abovebelow/abovebelow1 ...
  ok correct=True queries=0 test_input_queries=0 turns=2 tokens=4655
[2/160] running abovebelow/abovebelow2 ...
  ok correct=None queries=51 test_input_queries=0 turns=13 tokens=130073
[3/160] running abovebelow/abovebelow3 ...
  ok correct=True queries=0 test_input_queries=0 turns=2 tokens=2927
[4/160] running abovebelow/abovebelow4 ...
  ok correct=True queries=1 test_input_queries=0 turns=3 tokens=9059
[5/160] running abovebelow/abovebelow5 ...
  ok correct=True queries=0 test_input_queries=0 turns=2 tokens=2925
[6/160] running abovebelow/abovebelow6 ...
  ok correct=True queries=5 test_input_queries=0 turns=7 tokens=12616
[7/160] running abovebelow/abovebelow7 ...
  ok correct=True queries=20 test_input_queries=0 turns=8 tokens=41212
[8/160] running abovebelow/abovebelow8 ...
  ok correct=True queries=1 test_input_queries=0 turns=4 tokens=7799
[9/160] running abovebelow/abovebelow9 ...
  ok correct=True queries=1 test_input_queries=0 turns=3 tokens=5888
[10/160] running abovebelow/abovebelow10 ...
  ok correct=True queries=0 test_input_queries=0 turns=2 tokens=4137
[11/160] running center/center1 ...
  ok correct=True queries=30 test_input_queries=0 turns=9 tokens=63075
[12/160] running center/center2 ...
  ok correct=True queries=2 test_input_queries=0 turns=5 tokens=3514
[13/160] running center/center3 ...
  ok correct=True queries=0 test_input_queries=0 turns=2 tokens=3963
[14/160] running center/center4 ...
  ok correct=True queries=0 test_input_queries=0 turns=2 tokens=5603
[15/160] running center/center5 ...
  ok correct=True queries=12 test_input_queries=0 turns=7 tokens=24919
[16/160] running center/center6 ...
  ok correct=True queries=0 test_input_queries=0 turns=2 tokens=3849
[17/160] running center/center7 ...
  ok correct=True queries=19 test_input_queries=1 turns=13 tokens=24816
[18/160] running center/center8 ...
  ok correct=True queries=0 test_input_queries=0 turns=2 tokens=4762
[19/160] running center/center9 ...
  ok correct=True queries=3 test_input_queries=0 turns=4 tokens=5912
[20/160] running center/center10 ...
  ok correct=True queries=0 test_input_queries=0 turns=2 tokens=3832
[21/160] running cleanup/cleanup1 ...
  ok correct=True queries=0 test_input_queries=0 turns=2 tokens=3168
[22/160] running cleanup/cleanup2 ...
  ok correct=True queries=0 test_input_queries=0 turns=2 tokens=4488
[23/160] running cleanup/cleanup3 ...
  ok correct=True queries=10 test_input_queries=0 turns=5 tokens=18065
[24/160] running cleanup/cleanup4 ...
  ok correct=True queries=0 test_input_queries=0 turns=3 tokens=10149
[25/160] running cleanup/cleanup5 ...
  ok correct=True queries=20 test_input_queries=0 turns=6 tokens=25489
[26/160] running cleanup/cleanup6 ...
  ok correct=None queries=80 test_input_queries=0 turns=17 tokens=143107
[27/160] running cleanup/cleanup7 ...
  ok correct=None queries=50 test_input_queries=0 turns=12 tokens=58546
[28/160] running cleanup/cleanup8 ...
  ok correct=True queries=0 test_input_queries=0 turns=2 tokens=6198
[29/160] running cleanup/cleanup9 ...
  ok correct=True queries=0 test_input_queries=0 turns=2 tokens=6109
[30/160] running cleanup/cleanup10 ...
  ok correct=True queries=10 test_input_queries=0 turns=4 tokens=18817
[31/160] running completeshape/completeshape1 ...
  ok correct=True queries=11 test_input_queries=1 turns=5 tokens=16391
[32/160] running completeshape/completeshape2 ...
  ok correct=True queries=0 test_input_queries=0 turns=2 tokens=3534
[33/160] running completeshape/completeshape3 ...
  ok correct=True queries=0 test_input_queries=0 turns=2 tokens=4475
[34/160] running completeshape/completeshape4 ...
  ok correct=True queries=3 test_input_queries=0 turns=4 tokens=6879
[35/160] running completeshape/completeshape5 ...
  ok correct=True queries=40 test_input_queries=0 turns=12 tokens=38688
[36/160] running completeshape/completeshape6 ...
  ok correct=True queries=0 test_input_queries=0 turns=2 tokens=3332
[37/160] running completeshape/completeshape7 ...
  ok correct=True queries=0 test_input_queries=0 turns=2 tokens=2471
[38/160] running completeshape/completeshape8 ...
  ok correct=None queries=80 test_input_queries=0 turns=17 tokens=137389
[39/160] running completeshape/completeshape9 ...
  ok correct=True queries=0 test_input_queries=0 turns=2 tokens=5474
[40/160] running completeshape/completeshape10 ...
  ok correct=True queries=43 test_input_queries=1 turns=14 tokens=101489
[41/160] running copy/copy1 ...
  ok correct=True queries=0 test_input_queries=0 turns=2 tokens=1662
[42/160] running copy/copy2 ...
  ok correct=True queries=0 test_input_queries=0 turns=2 tokens=3510
[43/160] running copy/copy3 ...
  ok correct=None queries=32 test_input_queries=2 turns=9 tokens=50366
[44/160] running copy/copy4 ...
  ok correct=True queries=20 test_input_queries=0 turns=7 tokens=49776
[45/160] running copy/copy5 ...
  ok correct=True queries=11 test_input_queries=0 turns=7 tokens=12397
[46/160] running copy/copy6 ...
  ok correct=True queries=21 test_input_queries=0 turns=8 tokens=16870
[47/160] running copy/copy7 ...
  ok correct=True queries=20 test_input_queries=0 turns=6 tokens=18829
[48/160] running copy/copy8 ...
  ok correct=None queries=40 test_input_queries=0 turns=12 tokens=66261
[49/160] running copy/copy9 ...
  ok correct=None queries=41 test_input_queries=0 turns=10 tokens=130886
[50/160] running copy/copy10 ...
  ok correct=None queries=50 test_input_queries=0 turns=14 tokens=123571
[51/160] running count/count1 ...
  ok correct=True queries=7 test_input_queries=0 turns=5 tokens=9341
[52/160] running count/count2 ...
  ok correct=True queries=3 test_input_queries=0 turns=6 tokens=15030
[53/160] running count/count3 ...
  ok correct=True queries=3 test_input_queries=0 turns=6 tokens=16423
[54/160] running count/count4 ...
  ok correct=True queries=4 test_input_queries=0 turns=6 tokens=10908
[55/160] running count/count5 ...
  ok correct=True queries=3 test_input_queries=0 turns=6 tokens=9048
[56/160] running count/count6 ...
  ok correct=True queries=26 test_input_queries=0 turns=13 tokens=48057
[57/160] running count/count7 ...
  ok correct=True queries=11 test_input_queries=0 turns=6 tokens=11693
[58/160] running count/count8 ...
  ok correct=True queries=3 test_input_queries=0 turns=4 tokens=5128
[59/160] running count/count9 ...
  ok correct=True queries=2 test_input_queries=0 turns=4 tokens=6865
[60/160] running count/count10 ...
  ok correct=True queries=17 test_input_queries=0 turns=10 tokens=20223
[61/160] running extendtoboundary/extendtoboundary1 ...
  ok correct=True queries=10 test_input_queries=0 turns=5 tokens=13376
[62/160] running extendtoboundary/extendtoboundary2 ...
  ok correct=True queries=22 test_input_queries=0 turns=8 tokens=40734
[63/160] running extendtoboundary/extendtoboundary3 ...
  ok correct=None queries=21 test_input_queries=0 turns=12 tokens=72811
[64/160] running extendtoboundary/extendtoboundary4 ...
  ok correct=True queries=12 test_input_queries=1 turns=7 tokens=12778
[65/160] running extendtoboundary/extendtoboundary5 ...
  ok correct=True queries=1 test_input_queries=0 turns=3 tokens=3613
[66/160] running extendtoboundary/extendtoboundary6 ...
  ok correct=True queries=52 test_input_queries=0 turns=14 tokens=56467
[67/160] running extendtoboundary/extendtoboundary7 ...
  ok correct=None queries=27 test_input_queries=1 turns=13 tokens=47595
[68/160] running extendtoboundary/extendtoboundary8 ...
  ok correct=True queries=32 test_input_queries=0 turns=11 tokens=53214
[69/160] running extendtoboundary/extendtoboundary9 ...
  ok correct=None queries=41 test_input_queries=0 turns=17 tokens=103441
[70/160] running extendtoboundary/extendtoboundary10 ...
  ok correct=True queries=0 test_input_queries=0 turns=4 tokens=13063
[71/160] running extract/extract1 ...
  ok correct=True queries=0 test_input_queries=0 turns=2 tokens=3401
[72/160] running extract/extract2 ...
  ok correct=True queries=1 test_input_queries=0 turns=4 tokens=6500
[73/160] running extract/extract3 ...
  ok correct=True queries=0 test_input_queries=0 turns=2 tokens=3811
[74/160] running extract/extract4 ...
  ok correct=True queries=72 test_input_queries=0 turns=22 tokens=120384
[75/160] running extract/extract5 ...
  ERR extract/extract5: ValueError: Could not sample dynamic hot-start pair for 'extract/extract5'; try another seed.
[76/160] running extract/extract6 ...
  ok correct=True queries=20 test_input_queries=0 turns=6 tokens=18875
[77/160] running extract/extract7 ...
  ok correct=True queries=23 test_input_queries=0 turns=11 tokens=29000
[78/160] running extract/extract8 ...
  ok correct=None queries=41 test_input_queries=0 turns=11 tokens=65312
[79/160] running extract/extract9 ...
  ok correct=True queries=0 test_input_queries=0 turns=2 tokens=3813
[80/160] running extract/extract10 ...
  ok correct=True queries=2 test_input_queries=0 turns=5 tokens=8454
[81/160] running fillednotfilled/fillednotfilled1 ...
  ok correct=True queries=1 test_input_queries=0 turns=7 tokens=23551
[82/160] running fillednotfilled/fillednotfilled2 ...
  ok correct=True queries=3 test_input_queries=0 turns=8 tokens=29239
[83/160] running fillednotfilled/fillednotfilled3 ...
  ok correct=True queries=2 test_input_queries=0 turns=4 tokens=8012
[84/160] running fillednotfilled/fillednotfilled4 ...
  ok correct=True queries=1 test_input_queries=0 turns=5 tokens=10396
[85/160] running fillednotfilled/fillednotfilled5 ...
  ok correct=True queries=10 test_input_queries=0 turns=5 tokens=14524
[86/160] running fillednotfilled/fillednotfilled6 ...
  ok correct=True queries=11 test_input_queries=0 turns=5 tokens=37286
[87/160] running fillednotfilled/fillednotfilled7 ...
  ok correct=True queries=13 test_input_queries=0 turns=8 tokens=30138
[88/160] running fillednotfilled/fillednotfilled8 ...
  ok correct=True queries=13 test_input_queries=0 turns=8 tokens=31274
[89/160] running fillednotfilled/fillednotfilled9 ...
  ok correct=True queries=0 test_input_queries=0 turns=2 tokens=5286
[90/160] running fillednotfilled/fillednotfilled10 ...
  ok correct=True queries=3 test_input_queries=0 turns=4 tokens=9223
[91/160] running horizontalvertical/horizontalvertical1 ...
  ok correct=True queries=1 test_input_queries=0 turns=4 tokens=18305
[92/160] running horizontalvertical/horizontalvertical2 ...
  ok correct=True queries=2 test_input_queries=0 turns=5 tokens=16839
[93/160] running horizontalvertical/horizontalvertical3 ...
  ok correct=True queries=4 test_input_queries=0 turns=9 tokens=31041
[94/160] running horizontalvertical/horizontalvertical4 ...
  ok correct=True queries=10 test_input_queries=0 turns=4 tokens=27408
[95/160] running horizontalvertical/horizontalvertical5 ...
  ok correct=True queries=2 test_input_queries=0 turns=5 tokens=12212
[96/160] running horizontalvertical/horizontalvertical6 ...
  ok correct=True queries=4 test_input_queries=0 turns=7 tokens=20554
[97/160] running horizontalvertical/horizontalvertical7 ...
  ok correct=True queries=1 test_input_queries=0 turns=4 tokens=11342
[98/160] running horizontalvertical/horizontalvertical8 ...
  ok correct=None queries=0 test_input_queries=0 turns=6 tokens=35229
[99/160] running horizontalvertical/horizontalvertical9 ...
  ok correct=True queries=1 test_input_queries=0 turns=4 tokens=5363
[100/160] running horizontalvertical/horizontalvertical10 ...
  ok correct=True queries=3 test_input_queries=0 turns=7 tokens=16172
[101/160] running insideoutside/insideoutside1 ...
  ok correct=True queries=23 test_input_queries=0 turns=11 tokens=34418
[102/160] running insideoutside/insideoutside2 ...
  ok correct=True queries=11 test_input_queries=0 turns=5 tokens=11262
[103/160] running insideoutside/insideoutside3 ...
  ok correct=True queries=12 test_input_queries=1 turns=7 tokens=19891
[104/160] running insideoutside/insideoutside4 ...
  ok correct=True queries=2 test_input_queries=0 turns=4 tokens=9769
[105/160] running insideoutside/insideoutside5 ...
  ok correct=True queries=0 test_input_queries=0 turns=2 tokens=7015
[106/160] running insideoutside/insideoutside6 ...
  ok correct=True queries=0 test_input_queries=0 turns=2 tokens=6742
[107/160] running insideoutside/insideoutside7 ...
  ok correct=True queries=3 test_input_queries=0 turns=5 tokens=8400
[108/160] running insideoutside/insideoutside8 ...
  ok correct=True queries=20 test_input_queries=0 turns=6 tokens=22867
[109/160] running insideoutside/insideoutside9 ...
  ok correct=True queries=0 test_input_queries=0 turns=5 tokens=9878
[110/160] running insideoutside/insideoutside10 ...
  ok correct=True queries=10 test_input_queries=0 turns=4 tokens=10986
[111/160] running movetoboundary/movetoboundary1 ...
  ok correct=True queries=0 test_input_queries=0 turns=2 tokens=4565
[112/160] running movetoboundary/movetoboundary2 ...
  ok correct=True queries=64 test_input_queries=4 turns=19 tokens=134827
[113/160] running movetoboundary/movetoboundary3 ...
  ok correct=True queries=1 test_input_queries=0 turns=3 tokens=5850
[114/160] running movetoboundary/movetoboundary4 ...
  ok correct=None queries=41 test_input_queries=0 turns=10 tokens=55740
[115/160] running movetoboundary/movetoboundary5 ...
  ok correct=True queries=111 test_input_queries=1 turns=25 tokens=174738
[116/160] running movetoboundary/movetoboundary6 ...
  ok correct=True queries=2 test_input_queries=0 turns=5 tokens=9737
[117/160] running movetoboundary/movetoboundary7 ...
  ok correct=True queries=0 test_input_queries=0 turns=2 tokens=6424
[118/160] running movetoboundary/movetoboundary8 ...
  ok correct=True queries=22 test_input_queries=2 turns=8 tokens=42585
[119/160] running movetoboundary/movetoboundary9 ...
  ok correct=True queries=0 test_input_queries=0 turns=2 tokens=4709
[120/160] running movetoboundary/movetoboundary10 ...
  ok correct=True queries=10 test_input_queries=0 turns=5 tokens=21901
[121/160] running order/order1 ...
  ok correct=True queries=20 test_input_queries=0 turns=7 tokens=46737
[122/160] running order/order2 ...
  ok correct=None queries=22 test_input_queries=0 turns=10 tokens=48791
[123/160] running order/order3 ...
  ok correct=None queries=41 test_input_queries=0 turns=13 tokens=62963
[124/160] running order/order4 ...
  ok correct=None queries=50 test_input_queries=0 turns=15 tokens=93692
[125/160] running order/order5 ...
  ok correct=None queries=60 test_input_queries=0 turns=14 tokens=97901
[126/160] running order/order6 ...
  ok correct=True queries=30 test_input_queries=0 turns=8 tokens=55229
[127/160] running order/order7 ...
  ok correct=None queries=32 test_input_queries=0 turns=10 tokens=56757
[128/160] running order/order8 ...
  ok correct=True queries=0 test_input_queries=0 turns=3 tokens=7563
[129/160] running order/order9 ...
  ok correct=True queries=0 test_input_queries=0 turns=4 tokens=6252
[130/160] running order/order10 ...
  ok correct=True queries=1 test_input_queries=0 turns=3 tokens=4835
[131/160] running samedifferent/samedifferent1 ...
  ok correct=None queries=30 test_input_queries=0 turns=11 tokens=89622
[132/160] running samedifferent/samedifferent2 ...
  ok correct=True queries=0 test_input_queries=0 turns=2 tokens=5183
[133/160] running samedifferent/samedifferent3 ...
  ok correct=True queries=12 test_input_queries=0 turns=9 tokens=43699
[134/160] running samedifferent/samedifferent4 ...
  ok correct=True queries=30 test_input_queries=0 turns=9 tokens=46124
[135/160] running samedifferent/samedifferent5 ...
  ok correct=True queries=0 test_input_queries=0 turns=6 tokens=17391
[136/160] running samedifferent/samedifferent6 ...
  ok correct=None queries=30 test_input_queries=0 turns=10 tokens=118923
[137/160] running samedifferent/samedifferent7 ...
  ok correct=None queries=10 test_input_queries=0 turns=7 tokens=60621
[138/160] running samedifferent/samedifferent8 ...
  ok correct=True queries=14 test_input_queries=0 turns=9 tokens=16874
[139/160] running samedifferent/samedifferent9 ...
  ok correct=None queries=13 test_input_queries=0 turns=10 tokens=30465
[140/160] running samedifferent/samedifferent10 ...
  ok correct=True queries=1 test_input_queries=0 turns=4 tokens=12964
[141/160] running topbottom2d/topbottom2d1 ...
  ok correct=True queries=1 test_input_queries=0 turns=3 tokens=6076
[142/160] running topbottom2d/topbottom2d2 ...
  ok correct=True queries=23 test_input_queries=0 turns=9 tokens=27359
[143/160] running topbottom2d/topbottom2d3 ...
  ok correct=True queries=3 test_input_queries=0 turns=4 tokens=7043
[144/160] running topbottom2d/topbottom2d4 ...
  ok correct=True queries=32 test_input_queries=0 turns=10 tokens=100070
[145/160] running topbottom2d/topbottom2d5 ...
  ok correct=True queries=15 test_input_queries=0 turns=9 tokens=37794
[146/160] running topbottom2d/topbottom2d6 ...
  ok correct=True queries=4 test_input_queries=0 turns=6 tokens=8997
[147/160] running topbottom2d/topbottom2d7 ...
  ok correct=True queries=5 test_input_queries=0 turns=6 tokens=8307
[148/160] running topbottom2d/topbottom2d8 ...
  ok correct=True queries=0 test_input_queries=0 turns=2 tokens=3215
[149/160] running topbottom2d/topbottom2d9 ...
  ok correct=True queries=3 test_input_queries=0 turns=6 tokens=10878
[150/160] running topbottom2d/topbottom2d10 ...
  ok correct=True queries=51 test_input_queries=0 turns=13 tokens=54246
[151/160] running topbottom3d/topbottom3d1 ...
  ok correct=None queries=32 test_input_queries=2 turns=13 tokens=107107
[152/160] running topbottom3d/topbottom3d2 ...
  ok correct=True queries=20 test_input_queries=0 turns=7 tokens=26060
[153/160] running topbottom3d/topbottom3d3 ...
  ok correct=True queries=0 test_input_queries=0 turns=2 tokens=6081
[154/160] running topbottom3d/topbottom3d4 ...
  ok correct=None queries=41 test_input_queries=0 turns=13 tokens=76390
[155/160] running topbottom3d/topbottom3d5 ...
  ERR topbottom3d/topbottom3d5: ValueError: Could not build a ConceptARC trial for 'topbottom3d/topbottom3d5'; try another seed.
[156/160] running topbottom3d/topbottom3d6 ...
  ok correct=True queries=2 test_input_queries=0 turns=4 tokens=11911
[157/160] running topbottom3d/topbottom3d7 ...
  ok correct=True queries=1 test_input_queries=0 turns=4 tokens=6862
[158/160] running topbottom3d/topbottom3d8 ...
  ok correct=True queries=2 test_input_queries=0 turns=5 tokens=12445
[159/160] running topbottom3d/topbottom3d9 ...
  ok correct=True queries=0 test_input_queries=0 turns=2 tokens=4302
[160/160] running topbottom3d/topbottom3d10 ...
  ok correct=True queries=20 test_input_queries=0 turns=8 tokens=49374
{
  "finished_at": "2026-09-02T10:13:16.138056+00:00",
  "elapsed_s": 5808.962,
  "n_tasks": 160,
  "n_ok": 158,
  "n_error": 2,
  "n_skipped": 0,
  "n_correct": 133,
  "n_sampler_exhausted": 0,
  "total_usage": {
    "input_tokens": 4422311,
    "cached_input_tokens": 2902378,
    "output_tokens": 343770,
    "reasoning_tokens": 175008,
    "total_tokens": 4766081
  }
}
