[1/160] running abovebelow/abovebelow1 ...
  ok correct=True queries=3 test_input_queries=0 turns=5 tokens=14171
[2/160] running abovebelow/abovebelow2 ...
  ok correct=False queries=0 test_input_queries=0 turns=6 tokens=21842
[3/160] running abovebelow/abovebelow3 ...
  ok correct=False queries=0 test_input_queries=0 turns=2 tokens=3793
[4/160] running abovebelow/abovebelow4 ...
  ok correct=True queries=1 test_input_queries=0 turns=3 tokens=8258
[5/160] running abovebelow/abovebelow5 ...
  ok correct=True queries=2 test_input_queries=0 turns=4 tokens=5306
[6/160] running abovebelow/abovebelow6 ...
  ok correct=True queries=0 test_input_queries=0 turns=2 tokens=3069
[7/160] running abovebelow/abovebelow7 ...
  ok correct=True queries=1 test_input_queries=0 turns=4 tokens=8025
[8/160] running abovebelow/abovebelow8 ...
  ok correct=True queries=1 test_input_queries=0 turns=3 tokens=7545
[9/160] running abovebelow/abovebelow9 ...
  ok correct=True queries=0 test_input_queries=0 turns=2 tokens=5284
[10/160] running abovebelow/abovebelow10 ...
  ok correct=True queries=1 test_input_queries=0 turns=3 tokens=5553
[11/160] running center/center1 ...
  ok correct=False queries=0 test_input_queries=0 turns=2 tokens=2554
[12/160] running center/center2 ...
  ok correct=True queries=2 test_input_queries=0 turns=5 tokens=2942
[13/160] running center/center3 ...
  ok correct=True queries=0 test_input_queries=0 turns=2 tokens=4046
[14/160] running center/center4 ...
  ok correct=True queries=1 test_input_queries=0 turns=5 tokens=17506
[15/160] running center/center5 ...
  ok correct=True queries=0 test_input_queries=0 turns=2 tokens=4586
[16/160] running center/center6 ...
  ok correct=True queries=0 test_input_queries=0 turns=2 tokens=3574
[17/160] running center/center7 ...
  ok correct=True queries=5 test_input_queries=0 turns=7 tokens=6884
[18/160] running center/center8 ...
  ok correct=True queries=0 test_input_queries=0 turns=2 tokens=8941
[19/160] running center/center9 ...
  ok correct=True queries=1 test_input_queries=0 turns=3 tokens=3628
[20/160] running center/center10 ...
  ok correct=True queries=0 test_input_queries=0 turns=2 tokens=4146
[21/160] running cleanup/cleanup1 ...
  ok correct=True queries=0 test_input_queries=0 turns=2 tokens=2794
[22/160] running cleanup/cleanup2 ...
  ok correct=True queries=0 test_input_queries=0 turns=2 tokens=3016
[23/160] running cleanup/cleanup3 ...
  ok correct=True queries=0 test_input_queries=0 turns=2 tokens=4551
[24/160] running cleanup/cleanup4 ...
  ok correct=True queries=0 test_input_queries=0 turns=2 tokens=4914
[25/160] running cleanup/cleanup5 ...
  ok correct=True queries=0 test_input_queries=0 turns=2 tokens=4222
[26/160] running cleanup/cleanup6 ...
  ok correct=True queries=0 test_input_queries=0 turns=2 tokens=5055
[27/160] running cleanup/cleanup7 ...
  ok correct=True queries=0 test_input_queries=0 turns=2 tokens=4271
[28/160] running cleanup/cleanup8 ...
  ok correct=True queries=0 test_input_queries=0 turns=2 tokens=5901
[29/160] running cleanup/cleanup9 ...
  ok correct=True queries=0 test_input_queries=0 turns=2 tokens=5933
[30/160] running cleanup/cleanup10 ...
  ok correct=True queries=0 test_input_queries=0 turns=2 tokens=4097
[31/160] running completeshape/completeshape1 ...
  ok correct=True queries=0 test_input_queries=0 turns=2 tokens=4189
[32/160] running completeshape/completeshape2 ...
  ok correct=True queries=1 test_input_queries=0 turns=3 tokens=4381
[33/160] running completeshape/completeshape3 ...
  ok correct=True queries=0 test_input_queries=0 turns=2 tokens=3962
[34/160] running completeshape/completeshape4 ...
  ok correct=True queries=1 test_input_queries=0 turns=3 tokens=3877
[35/160] running completeshape/completeshape5 ...
  ok correct=True queries=0 test_input_queries=0 turns=2 tokens=2283
[36/160] running completeshape/completeshape6 ...
  ok correct=True queries=0 test_input_queries=0 turns=2 tokens=3604
[37/160] running completeshape/completeshape7 ...
  ok correct=True queries=0 test_input_queries=0 turns=2 tokens=3775
[38/160] running completeshape/completeshape8 ...
  ok correct=False queries=0 test_input_queries=0 turns=2 tokens=3208
[39/160] running completeshape/completeshape9 ...
  ok correct=True queries=0 test_input_queries=0 turns=2 tokens=3952
[40/160] running completeshape/completeshape10 ...
  ok correct=True queries=1 test_input_queries=0 turns=3 tokens=8774
[41/160] running copy/copy1 ...
  ok correct=True queries=0 test_input_queries=0 turns=2 tokens=3013
[42/160] running copy/copy2 ...
  ok correct=True queries=0 test_input_queries=0 turns=2 tokens=3963
[43/160] running copy/copy3 ...
  ok correct=True queries=0 test_input_queries=0 turns=2 tokens=4591
[44/160] running copy/copy4 ...
  ok correct=True queries=0 test_input_queries=0 turns=2 tokens=10804
[45/160] running copy/copy5 ...
  ok correct=True queries=0 test_input_queries=0 turns=2 tokens=2831
[46/160] running copy/copy6 ...
  ok correct=True queries=1 test_input_queries=0 turns=3 tokens=2377
[47/160] running copy/copy7 ...
  ok correct=True queries=0 test_input_queries=0 turns=2 tokens=3584
[48/160] running copy/copy8 ...
  ok correct=True queries=0 test_input_queries=0 turns=2 tokens=4688
[49/160] running copy/copy9 ...
  ok correct=True queries=0 test_input_queries=0 turns=2 tokens=8884
[50/160] running copy/copy10 ...
  ok correct=True queries=0 test_input_queries=0 turns=2 tokens=6155
[51/160] running count/count1 ...
  ok correct=True queries=2 test_input_queries=0 turns=4 tokens=6415
[52/160] running count/count2 ...
  ok correct=True queries=2 test_input_queries=0 turns=4 tokens=6062
[53/160] running count/count3 ...
  ok correct=False queries=3 test_input_queries=0 turns=5 tokens=10314
[54/160] running count/count4 ...
  ok correct=True queries=5 test_input_queries=0 turns=7 tokens=10721
[55/160] running count/count5 ...
  ok correct=True queries=1 test_input_queries=0 turns=3 tokens=3153
[56/160] running count/count6 ...
  ok correct=True queries=1 test_input_queries=0 turns=3 tokens=4539
[57/160] running count/count7 ...
  ok correct=True queries=1 test_input_queries=0 turns=3 tokens=3602
[58/160] running count/count8 ...
  ok correct=True queries=1 test_input_queries=0 turns=3 tokens=2491
[59/160] running count/count9 ...
  ok correct=False queries=6 test_input_queries=0 turns=12 tokens=22326
[60/160] running count/count10 ...
  ok correct=True queries=4 test_input_queries=0 turns=9 tokens=14362
[61/160] running extendtoboundary/extendtoboundary1 ...
  ok correct=True queries=0 test_input_queries=0 turns=2 tokens=3563
[62/160] running extendtoboundary/extendtoboundary2 ...
  ok correct=True queries=0 test_input_queries=0 turns=2 tokens=6474
[63/160] running extendtoboundary/extendtoboundary3 ...
  ok correct=True queries=0 test_input_queries=0 turns=2 tokens=6652
[64/160] running extendtoboundary/extendtoboundary4 ...
  ok correct=True queries=1 test_input_queries=0 turns=3 tokens=3169
[65/160] running extendtoboundary/extendtoboundary5 ...
  ok correct=True queries=0 test_input_queries=0 turns=2 tokens=4235
[66/160] running extendtoboundary/extendtoboundary6 ...
  ok correct=True queries=1 test_input_queries=0 turns=3 tokens=4822
[67/160] running extendtoboundary/extendtoboundary7 ...
  ok correct=True queries=1 test_input_queries=0 turns=3 tokens=3996
[68/160] running extendtoboundary/extendtoboundary8 ...
  ok correct=True queries=0 test_input_queries=0 turns=2 tokens=4308
[69/160] running extendtoboundary/extendtoboundary9 ...
  ok correct=True queries=0 test_input_queries=0 turns=2 tokens=5895
[70/160] running extendtoboundary/extendtoboundary10 ...
  ok correct=True queries=0 test_input_queries=0 turns=2 tokens=4066
[71/160] running extract/extract1 ...
  ok correct=True queries=2 test_input_queries=0 turns=4 tokens=6827
[72/160] running extract/extract2 ...
  ok correct=True queries=0 test_input_queries=0 turns=2 tokens=3086
[73/160] running extract/extract3 ...
  ok correct=True queries=1 test_input_queries=0 turns=3 tokens=5556
[74/160] running extract/extract4 ...
  ok correct=True queries=1 test_input_queries=0 turns=3 tokens=3835
[75/160] running extract/extract5 ...
  ok correct=True queries=1 test_input_queries=0 turns=3 tokens=10087
[76/160] running extract/extract6 ...
  ok correct=True queries=0 test_input_queries=0 turns=2 tokens=3629
[77/160] running extract/extract7 ...
  ok correct=True queries=1 test_input_queries=0 turns=3 tokens=4819
[78/160] running extract/extract8 ...
  ok correct=True queries=0 test_input_queries=0 turns=2 tokens=4640
[79/160] running extract/extract9 ...
  ok correct=True queries=0 test_input_queries=0 turns=2 tokens=3435
[80/160] running extract/extract10 ...
  ok correct=True queries=1 test_input_queries=0 turns=3 tokens=5564
[81/160] running fillednotfilled/fillednotfilled1 ...
  ok correct=True queries=0 test_input_queries=0 turns=2 tokens=6947
[82/160] running fillednotfilled/fillednotfilled2 ...
  ok correct=True queries=2 test_input_queries=0 turns=4 tokens=13057
[83/160] running fillednotfilled/fillednotfilled3 ...
  ok correct=True queries=1 test_input_queries=0 turns=3 tokens=3489
[84/160] running fillednotfilled/fillednotfilled4 ...
  ok correct=True queries=0 test_input_queries=0 turns=2 tokens=4544
[85/160] running fillednotfilled/fillednotfilled5 ...
  ok correct=True queries=0 test_input_queries=0 turns=2 tokens=3844
[86/160] running fillednotfilled/fillednotfilled6 ...
  ok correct=True queries=0 test_input_queries=0 turns=2 tokens=13966
[87/160] running fillednotfilled/fillednotfilled7 ...
  ok correct=True queries=2 test_input_queries=0 turns=6 tokens=9462
[88/160] running fillednotfilled/fillednotfilled8 ...
  ok correct=False queries=0 test_input_queries=0 turns=2 tokens=4198
[89/160] running fillednotfilled/fillednotfilled9 ...
  ok correct=True queries=0 test_input_queries=0 turns=2 tokens=5533
[90/160] running fillednotfilled/fillednotfilled10 ...
  ok correct=True queries=1 test_input_queries=0 turns=3 tokens=7551
[91/160] running horizontalvertical/horizontalvertical1 ...
  ok correct=True queries=0 test_input_queries=0 turns=2 tokens=5794
[92/160] running horizontalvertical/horizontalvertical2 ...
  ok correct=True queries=1 test_input_queries=0 turns=3 tokens=17647
[93/160] running horizontalvertical/horizontalvertical3 ...
  ok correct=True queries=3 test_input_queries=0 turns=5 tokens=12395
[94/160] running horizontalvertical/horizontalvertical4 ...
  ok correct=True queries=1 test_input_queries=0 turns=3 tokens=14820
[95/160] running horizontalvertical/horizontalvertical5 ...
  ok correct=True queries=2 test_input_queries=0 turns=4 tokens=10004
[96/160] running horizontalvertical/horizontalvertical6 ...
  ok correct=False queries=2 test_input_queries=0 turns=5 tokens=15303
[97/160] running horizontalvertical/horizontalvertical7 ...
  ok correct=True queries=2 test_input_queries=0 turns=4 tokens=7728
[98/160] running horizontalvertical/horizontalvertical8 ...
  ok correct=True queries=2 test_input_queries=0 turns=4 tokens=16201
[99/160] running horizontalvertical/horizontalvertical9 ...
  ok correct=True queries=0 test_input_queries=0 turns=2 tokens=2252
[100/160] running horizontalvertical/horizontalvertical10 ...
  ok correct=True queries=2 test_input_queries=0 turns=4 tokens=7633
[101/160] running insideoutside/insideoutside1 ...
  ok correct=True queries=1 test_input_queries=0 turns=3 tokens=4253
[102/160] running insideoutside/insideoutside2 ...
  ok correct=False queries=3 test_input_queries=0 turns=5 tokens=11411
[103/160] running insideoutside/insideoutside3 ...
  ok correct=True queries=2 test_input_queries=0 turns=4 tokens=8816
[104/160] running insideoutside/insideoutside4 ...
  ok correct=True queries=1 test_input_queries=0 turns=3 tokens=7735
[105/160] running insideoutside/insideoutside5 ...
  ok correct=True queries=1 test_input_queries=0 turns=3 tokens=12220
[106/160] running insideoutside/insideoutside6 ...
  ok correct=True queries=0 test_input_queries=0 turns=2 tokens=6154
[107/160] running insideoutside/insideoutside7 ...
  ok correct=True queries=1 test_input_queries=0 turns=3 tokens=4869
[108/160] running insideoutside/insideoutside8 ...
  ok correct=True queries=0 test_input_queries=0 turns=2 tokens=4443
[109/160] running insideoutside/insideoutside9 ...
  ok correct=False queries=0 test_input_queries=0 turns=2 tokens=3553
[110/160] running insideoutside/insideoutside10 ...
  ok correct=True queries=0 test_input_queries=0 turns=2 tokens=4609
[111/160] running movetoboundary/movetoboundary1 ...
  ok correct=True queries=0 test_input_queries=0 turns=2 tokens=3407
[112/160] running movetoboundary/movetoboundary2 ...
  ok correct=True queries=0 test_input_queries=0 turns=2 tokens=3165
[113/160] running movetoboundary/movetoboundary3 ...
  ok correct=True queries=0 test_input_queries=0 turns=2 tokens=3123
[114/160] running movetoboundary/movetoboundary4 ...
  ok correct=True queries=0 test_input_queries=0 turns=2 tokens=3177
[115/160] running movetoboundary/movetoboundary5 ...
  ok correct=True queries=1 test_input_queries=0 turns=3 tokens=5124
[116/160] running movetoboundary/movetoboundary6 ...
  ok correct=True queries=2 test_input_queries=0 turns=5 tokens=9180
[117/160] running movetoboundary/movetoboundary7 ...
  ok correct=True queries=0 test_input_queries=0 turns=2 tokens=7001
[118/160] running movetoboundary/movetoboundary8 ...
  ok correct=True queries=1 test_input_queries=0 turns=4 tokens=8001
[119/160] running movetoboundary/movetoboundary9 ...
  ok correct=True queries=0 test_input_queries=0 turns=2 tokens=4667
[120/160] running movetoboundary/movetoboundary10 ...
  ok correct=True queries=0 test_input_queries=0 turns=2 tokens=4463
[121/160] running order/order1 ...
  ok correct=True queries=0 test_input_queries=0 turns=2 tokens=6699
[122/160] running order/order2 ...
  ok correct=True queries=0 test_input_queries=0 turns=2 tokens=3799
[123/160] running order/order3 ...
  ok correct=True queries=0 test_input_queries=0 turns=2 tokens=2774
[124/160] running order/order4 ...
  ok correct=True queries=0 test_input_queries=0 turns=2 tokens=7417
[125/160] running order/order5 ...
  ok correct=True queries=0 test_input_queries=0 turns=2 tokens=3676
[126/160] running order/order6 ...
  ok correct=True queries=0 test_input_queries=0 turns=2 tokens=7811
[127/160] running order/order7 ...
  ok correct=True queries=1 test_input_queries=0 turns=4 tokens=8768
[128/160] running order/order8 ...
  ok correct=True queries=0 test_input_queries=0 turns=2 tokens=3169
[129/160] running order/order9 ...
  ok correct=True queries=0 test_input_queries=0 turns=2 tokens=2309
[130/160] running order/order10 ...
  ok correct=True queries=0 test_input_queries=0 turns=2 tokens=3249
[131/160] running samedifferent/samedifferent1 ...
  ok correct=True queries=0 test_input_queries=0 turns=2 tokens=5714
[132/160] running samedifferent/samedifferent2 ...
  ok correct=True queries=1 test_input_queries=0 turns=3 tokens=7150
[133/160] running samedifferent/samedifferent3 ...
  ok correct=False queries=0 test_input_queries=0 turns=2 tokens=5511
[134/160] running samedifferent/samedifferent4 ...
  ok correct=False queries=0 test_input_queries=0 turns=4 tokens=8389
[135/160] running samedifferent/samedifferent5 ...
  ok correct=True queries=1 test_input_queries=0 turns=3 tokens=6342
[136/160] running samedifferent/samedifferent6 ...
  ok correct=True queries=1 test_input_queries=0 turns=3 tokens=8247
[137/160] running samedifferent/samedifferent7 ...
  ok correct=True queries=0 test_input_queries=0 turns=4 tokens=17525
[138/160] running samedifferent/samedifferent8 ...
  ok correct=True queries=2 test_input_queries=0 turns=4 tokens=4748
[139/160] running samedifferent/samedifferent9 ...
  ok correct=True queries=2 test_input_queries=0 turns=6 tokens=16341
[140/160] running samedifferent/samedifferent10 ...
  ok correct=True queries=2 test_input_queries=0 turns=4 tokens=8849
[141/160] running topbottom2d/topbottom2d1 ...
  ok correct=True queries=0 test_input_queries=0 turns=2 tokens=4339
[142/160] running topbottom2d/topbottom2d2 ...
  ok correct=False queries=1 test_input_queries=0 turns=3 tokens=4261
[143/160] running topbottom2d/topbottom2d3 ...
  ok correct=True queries=1 test_input_queries=0 turns=3 tokens=6376
[144/160] running topbottom2d/topbottom2d4 ...
  ok correct=True queries=1 test_input_queries=0 turns=3 tokens=14567
[145/160] running topbottom2d/topbottom2d5 ...
  ok correct=True queries=2 test_input_queries=0 turns=4 tokens=11348
[146/160] running topbottom2d/topbottom2d6 ...
  ok correct=True queries=3 test_input_queries=0 turns=5 tokens=6045
[147/160] running topbottom2d/topbottom2d7 ...
  ok correct=True queries=3 test_input_queries=0 turns=6 tokens=8647
[148/160] running topbottom2d/topbottom2d8 ...
  ok correct=True queries=3 test_input_queries=0 turns=5 tokens=10083
[149/160] running topbottom2d/topbottom2d9 ...
  ok correct=True queries=2 test_input_queries=0 turns=4 tokens=4814
[150/160] running topbottom2d/topbottom2d10 ...
  ok correct=True queries=1 test_input_queries=0 turns=3 tokens=3868
[151/160] running topbottom3d/topbottom3d1 ...
  ok correct=True queries=1 test_input_queries=0 turns=3 tokens=9629
[152/160] running topbottom3d/topbottom3d2 ...
  ok correct=True queries=1 test_input_queries=0 turns=6 tokens=9951
[153/160] running topbottom3d/topbottom3d3 ...
  ok correct=True queries=0 test_input_queries=0 turns=2 tokens=5879
[154/160] running topbottom3d/topbottom3d4 ...
  ok correct=False queries=1 test_input_queries=0 turns=3 tokens=5148
[155/160] running topbottom3d/topbottom3d5 ...
  ok correct=True queries=1 test_input_queries=0 turns=3 tokens=5014
[156/160] running topbottom3d/topbottom3d6 ...
  ok correct=True queries=1 test_input_queries=0 turns=3 tokens=3629
[157/160] running topbottom3d/topbottom3d7 ...
  ok correct=True queries=0 test_input_queries=0 turns=2 tokens=5069
[158/160] running topbottom3d/topbottom3d8 ...
  ok correct=True queries=1 test_input_queries=0 turns=3 tokens=3202
[159/160] running topbottom3d/topbottom3d9 ...
  ok correct=True queries=1 test_input_queries=0 turns=4 tokens=6728
[160/160] running topbottom3d/topbottom3d10 ...
  ok correct=True queries=0 test_input_queries=0 turns=2 tokens=6622
{
  "finished_at": "2026-09-11T01:24:41.992206+00:00",
  "elapsed_s": 1984.767,
  "n_tasks": 160,
  "n_ok": 160,
  "n_error": 0,
  "n_skipped": 0,
  "n_correct": 146,
  "n_sampler_exhausted": 0,
  "total_usage": {
    "input_tokens": 960776,
    "cached_input_tokens": 217094,
    "output_tokens": 76614,
    "reasoning_tokens": 10238,
    "total_tokens": 1037390
  }
}
