[1/160] skip existing abovebelow/abovebelow1
[2/160] skip existing abovebelow/abovebelow2
[3/160] skip existing abovebelow/abovebelow3
[4/160] skip existing abovebelow/abovebelow4
[5/160] skip existing abovebelow/abovebelow5
[6/160] skip existing abovebelow/abovebelow6
[7/160] skip existing abovebelow/abovebelow7
[8/160] skip existing abovebelow/abovebelow8
[9/160] skip existing abovebelow/abovebelow9
[10/160] skip existing abovebelow/abovebelow10
[11/160] skip existing center/center1
[12/160] skip existing center/center2
[13/160] skip existing center/center3
[14/160] skip existing center/center4
[15/160] skip existing center/center5
[16/160] skip existing center/center6
[17/160] skip existing center/center7
[18/160] skip existing center/center8
[19/160] skip existing center/center9
[20/160] skip existing center/center10
[21/160] skip existing cleanup/cleanup1
[22/160] skip existing cleanup/cleanup2
[23/160] skip existing cleanup/cleanup3
[24/160] skip existing cleanup/cleanup4
[25/160] skip existing cleanup/cleanup5
[26/160] skip existing cleanup/cleanup6
[27/160] skip existing cleanup/cleanup7
[28/160] skip existing cleanup/cleanup8
[29/160] skip existing cleanup/cleanup9
[30/160] skip existing cleanup/cleanup10
[31/160] skip existing completeshape/completeshape1
[32/160] skip existing completeshape/completeshape2
[33/160] skip existing completeshape/completeshape3
[34/160] skip existing completeshape/completeshape4
[35/160] skip existing completeshape/completeshape5
[36/160] skip existing completeshape/completeshape6
[37/160] skip existing completeshape/completeshape7
[38/160] skip existing completeshape/completeshape8
[39/160] skip existing completeshape/completeshape9
[40/160] skip existing completeshape/completeshape10
[41/160] skip existing copy/copy1
[42/160] skip existing copy/copy2
[43/160] skip existing copy/copy3
[44/160] skip existing copy/copy4
[45/160] skip existing copy/copy5
[46/160] skip existing copy/copy6
[47/160] skip existing copy/copy7
[48/160] skip existing copy/copy8
[49/160] skip existing copy/copy9
[50/160] skip existing copy/copy10
[51/160] skip existing count/count1
[52/160] skip existing count/count2
[53/160] skip existing count/count3
[54/160] skip existing count/count4
[55/160] skip existing count/count5
[56/160] skip existing count/count6
[57/160] skip existing count/count7
[58/160] skip existing count/count8
[59/160] running count/count9 ...
  ok correct=True queries=3 test_input_queries=0 turns=6 tokens=11228
[60/160] running count/count10 ...
  ok correct=False queries=8 test_input_queries=0 turns=14 tokens=27090
[61/160] running extendtoboundary/extendtoboundary1 ...
  ok correct=True queries=0 test_input_queries=0 turns=2 tokens=3173
[62/160] running extendtoboundary/extendtoboundary2 ...
  ok correct=True queries=1 test_input_queries=0 turns=3 tokens=14094
[63/160] running extendtoboundary/extendtoboundary3 ...
  ok correct=True queries=1 test_input_queries=0 turns=4 tokens=8983
[64/160] running extendtoboundary/extendtoboundary4 ...
  ok correct=True queries=1 test_input_queries=0 turns=4 tokens=4313
[65/160] running extendtoboundary/extendtoboundary5 ...
  ok correct=True queries=2 test_input_queries=0 turns=4 tokens=3257
[66/160] running extendtoboundary/extendtoboundary6 ...
  ok correct=True queries=2 test_input_queries=0 turns=4 tokens=7898
[67/160] running extendtoboundary/extendtoboundary7 ...
  ok correct=True queries=0 test_input_queries=0 turns=4 tokens=6670
[68/160] running extendtoboundary/extendtoboundary8 ...
  ok correct=True queries=0 test_input_queries=0 turns=2 tokens=4866
[69/160] running extendtoboundary/extendtoboundary9 ...
  ok correct=True queries=0 test_input_queries=0 turns=2 tokens=7124
[70/160] running extendtoboundary/extendtoboundary10 ...
  ok correct=True queries=0 test_input_queries=0 turns=2 tokens=3546
[71/160] running extract/extract1 ...
  ok correct=True queries=0 test_input_queries=0 turns=2 tokens=2619
[72/160] running extract/extract2 ...
  ok correct=True queries=0 test_input_queries=0 turns=2 tokens=2865
[73/160] running extract/extract3 ...
  ok correct=True queries=1 test_input_queries=0 turns=4 tokens=8410
[74/160] running extract/extract4 ...
  ok correct=True queries=1 test_input_queries=0 turns=3 tokens=3790
[75/160] running extract/extract5 ...
  ok correct=True queries=0 test_input_queries=0 turns=2 tokens=6971
[76/160] running extract/extract6 ...
  ok correct=True queries=0 test_input_queries=0 turns=2 tokens=3061
[77/160] running extract/extract7 ...
  ok correct=True queries=1 test_input_queries=0 turns=3 tokens=3934
[78/160] running extract/extract8 ...
  ok correct=True queries=1 test_input_queries=0 turns=3 tokens=2700
[79/160] running extract/extract9 ...
  ok correct=True queries=0 test_input_queries=0 turns=2 tokens=2921
[80/160] running extract/extract10 ...
  ok correct=True queries=0 test_input_queries=0 turns=2 tokens=5275
[81/160] running fillednotfilled/fillednotfilled1 ...
  ok correct=True queries=1 test_input_queries=0 turns=3 tokens=8412
[82/160] running fillednotfilled/fillednotfilled2 ...
  ok correct=True queries=2 test_input_queries=0 turns=4 tokens=12533
[83/160] running fillednotfilled/fillednotfilled3 ...
  ok correct=True queries=1 test_input_queries=0 turns=3 tokens=7126
[84/160] running fillednotfilled/fillednotfilled4 ...
  ok correct=True queries=0 test_input_queries=0 turns=2 tokens=5433
[85/160] running fillednotfilled/fillednotfilled5 ...
  ok correct=True queries=0 test_input_queries=0 turns=2 tokens=5685
[86/160] running fillednotfilled/fillednotfilled6 ...
  ok correct=True queries=0 test_input_queries=0 turns=2 tokens=17400
[87/160] running fillednotfilled/fillednotfilled7 ...
  ok correct=False queries=0 test_input_queries=0 turns=2 tokens=2853
[88/160] running fillednotfilled/fillednotfilled8 ...
  ok correct=True queries=1 test_input_queries=0 turns=3 tokens=8563
[89/160] running fillednotfilled/fillednotfilled9 ...
  ok correct=True queries=0 test_input_queries=0 turns=2 tokens=5887
[90/160] running fillednotfilled/fillednotfilled10 ...
  ok correct=True queries=1 test_input_queries=0 turns=4 tokens=6150
[91/160] running horizontalvertical/horizontalvertical1 ...
  ok correct=True queries=1 test_input_queries=0 turns=4 tokens=17518
[92/160] running horizontalvertical/horizontalvertical2 ...
  ok correct=True queries=1 test_input_queries=0 turns=3 tokens=17255
[93/160] running horizontalvertical/horizontalvertical3 ...
  ok correct=True queries=2 test_input_queries=0 turns=4 tokens=10292
[94/160] running horizontalvertical/horizontalvertical4 ...
  ok correct=True queries=1 test_input_queries=0 turns=3 tokens=15061
[95/160] running horizontalvertical/horizontalvertical5 ...
  ok correct=True queries=1 test_input_queries=0 turns=3 tokens=8537
[96/160] running horizontalvertical/horizontalvertical6 ...
  ok correct=True queries=2 test_input_queries=0 turns=4 tokens=10642
[97/160] running horizontalvertical/horizontalvertical7 ...
  ok correct=True queries=2 test_input_queries=0 turns=4 tokens=9812
[98/160] running horizontalvertical/horizontalvertical8 ...
  ok correct=True queries=2 test_input_queries=0 turns=4 tokens=13943
[99/160] running horizontalvertical/horizontalvertical9 ...
  ok correct=True queries=0 test_input_queries=0 turns=2 tokens=2171
[100/160] running horizontalvertical/horizontalvertical10 ...
  ok correct=True queries=2 test_input_queries=0 turns=4 tokens=6874
[101/160] running insideoutside/insideoutside1 ...
  ok correct=True queries=1 test_input_queries=0 turns=3 tokens=3604
[102/160] running insideoutside/insideoutside2 ...
  ok correct=False queries=4 test_input_queries=0 turns=7 tokens=21186
[103/160] running insideoutside/insideoutside3 ...
  ok correct=True queries=1 test_input_queries=0 turns=3 tokens=8568
[104/160] running insideoutside/insideoutside4 ...
  ok correct=True queries=3 test_input_queries=0 turns=5 tokens=19943
[105/160] running insideoutside/insideoutside5 ...
  ok correct=True queries=0 test_input_queries=0 turns=2 tokens=7548
[106/160] running insideoutside/insideoutside6 ...
  ok correct=True queries=0 test_input_queries=0 turns=2 tokens=5544
[107/160] running insideoutside/insideoutside7 ...
  ok correct=True queries=1 test_input_queries=0 turns=3 tokens=3431
[108/160] running insideoutside/insideoutside8 ...
  ok correct=True queries=0 test_input_queries=0 turns=2 tokens=5757
[109/160] running insideoutside/insideoutside9 ...
  ok correct=True queries=0 test_input_queries=0 turns=2 tokens=2565
[110/160] running insideoutside/insideoutside10 ...
  ok correct=True queries=0 test_input_queries=0 turns=2 tokens=4177
[111/160] running movetoboundary/movetoboundary1 ...
  ok correct=True queries=0 test_input_queries=0 turns=2 tokens=5158
[112/160] running movetoboundary/movetoboundary2 ...
  ok correct=True queries=0 test_input_queries=0 turns=2 tokens=3089
[113/160] running movetoboundary/movetoboundary3 ...
  ok correct=True queries=0 test_input_queries=0 turns=2 tokens=3153
[114/160] running movetoboundary/movetoboundary4 ...
  ok correct=True queries=1 test_input_queries=0 turns=3 tokens=5234
[115/160] running movetoboundary/movetoboundary5 ...
  ok correct=True queries=2 test_input_queries=0 turns=5 tokens=9443
[116/160] running movetoboundary/movetoboundary6 ...
  ok correct=True queries=2 test_input_queries=0 turns=5 tokens=7707
[117/160] running movetoboundary/movetoboundary7 ...
  ok correct=False queries=0 test_input_queries=0 turns=2 tokens=7183
[118/160] running movetoboundary/movetoboundary8 ...
  ok correct=True queries=1 test_input_queries=0 turns=3 tokens=8326
[119/160] running movetoboundary/movetoboundary9 ...
  ok correct=True queries=1 test_input_queries=0 turns=4 tokens=11272
[120/160] running movetoboundary/movetoboundary10 ...
  ok correct=True queries=1 test_input_queries=0 turns=3 tokens=8812
[121/160] running order/order1 ...
  ok correct=True queries=1 test_input_queries=0 turns=3 tokens=17662
[122/160] running order/order2 ...
  ok correct=True queries=0 test_input_queries=0 turns=2 tokens=4910
[123/160] running order/order3 ...
  ok correct=True queries=1 test_input_queries=0 turns=4 tokens=6216
[124/160] running order/order4 ...
  ok correct=True queries=1 test_input_queries=0 turns=3 tokens=4742
[125/160] running order/order5 ...
  ok correct=True queries=0 test_input_queries=0 turns=2 tokens=3654
[126/160] running order/order6 ...
  ok correct=True queries=0 test_input_queries=0 turns=2 tokens=5919
[127/160] running order/order7 ...
  ok correct=True queries=0 test_input_queries=0 turns=2 tokens=3643
[128/160] running order/order8 ...
  ok correct=True queries=0 test_input_queries=0 turns=2 tokens=3469
[129/160] running order/order9 ...
  ok correct=True queries=0 test_input_queries=0 turns=2 tokens=2295
[130/160] running order/order10 ...
  ok correct=True queries=0 test_input_queries=0 turns=2 tokens=2921
[131/160] running samedifferent/samedifferent1 ...
  ok correct=True queries=0 test_input_queries=0 turns=2 tokens=6667
[132/160] running samedifferent/samedifferent2 ...
  ok correct=True queries=0 test_input_queries=0 turns=2 tokens=4970
[133/160] running samedifferent/samedifferent3 ...
  ok correct=True queries=1 test_input_queries=0 turns=3 tokens=8820
[134/160] running samedifferent/samedifferent4 ...
  ok correct=True queries=1 test_input_queries=0 turns=3 tokens=6779
[135/160] running samedifferent/samedifferent5 ...
  ok correct=True queries=1 test_input_queries=0 turns=3 tokens=7293
[136/160] running samedifferent/samedifferent6 ...
  ok correct=True queries=2 test_input_queries=0 turns=4 tokens=17932
[137/160] running samedifferent/samedifferent7 ...
  ok correct=True queries=0 test_input_queries=0 turns=2 tokens=12414
[138/160] running samedifferent/samedifferent8 ...
  ok correct=True queries=5 test_input_queries=0 turns=7 tokens=8770
[139/160] running samedifferent/samedifferent9 ...
  ok correct=False queries=1 test_input_queries=0 turns=5 tokens=10461
[140/160] running samedifferent/samedifferent10 ...
  ok correct=False queries=3 test_input_queries=0 turns=5 tokens=11294
[141/160] running topbottom2d/topbottom2d1 ...
  ok correct=True queries=1 test_input_queries=0 turns=3 tokens=6582
[142/160] running topbottom2d/topbottom2d2 ...
  ok correct=True queries=1 test_input_queries=0 turns=3 tokens=4282
[143/160] running topbottom2d/topbottom2d3 ...
  ok correct=False queries=1 test_input_queries=0 turns=3 tokens=7785
[144/160] running topbottom2d/topbottom2d4 ...
  ok correct=True queries=1 test_input_queries=0 turns=3 tokens=16387
[145/160] running topbottom2d/topbottom2d5 ...
  ok correct=True queries=2 test_input_queries=0 turns=4 tokens=14541
[146/160] running topbottom2d/topbottom2d6 ...
  ok correct=True queries=2 test_input_queries=0 turns=4 tokens=5680
[147/160] running topbottom2d/topbottom2d7 ...
  ok correct=True queries=1 test_input_queries=0 turns=3 tokens=3379
[148/160] running topbottom2d/topbottom2d8 ...
  ok correct=True queries=2 test_input_queries=0 turns=4 tokens=7349
[149/160] running topbottom2d/topbottom2d9 ...
  ok correct=True queries=2 test_input_queries=0 turns=4 tokens=5416
[150/160] running topbottom2d/topbottom2d10 ...
  ok correct=True queries=1 test_input_queries=0 turns=3 tokens=5000
[151/160] running topbottom3d/topbottom3d1 ...
  ok correct=True queries=0 test_input_queries=0 turns=2 tokens=5151
[152/160] running topbottom3d/topbottom3d2 ...
  ok correct=True queries=1 test_input_queries=0 turns=3 tokens=5595
[153/160] running topbottom3d/topbottom3d3 ...
  ok correct=True queries=0 test_input_queries=0 turns=2 tokens=6020
[154/160] running topbottom3d/topbottom3d4 ...
  ok correct=True queries=1 test_input_queries=0 turns=3 tokens=7024
[155/160] running topbottom3d/topbottom3d5 ...
  ok correct=True queries=1 test_input_queries=0 turns=5 tokens=9956
[156/160] running topbottom3d/topbottom3d6 ...
  ok correct=True queries=0 test_input_queries=0 turns=2 tokens=3963
[157/160] running topbottom3d/topbottom3d7 ...
  ok correct=True queries=1 test_input_queries=0 turns=3 tokens=6287
[158/160] running topbottom3d/topbottom3d8 ...
  ok correct=True queries=0 test_input_queries=0 turns=2 tokens=3007
[159/160] running topbottom3d/topbottom3d9 ...
  ok correct=True queries=0 test_input_queries=0 turns=3 tokens=6506
[160/160] running topbottom3d/topbottom3d10 ...
  ok correct=True queries=0 test_input_queries=0 turns=2 tokens=6607
{
  "finished_at": "2026-09-11T13:53:39.808655+00:00",
  "elapsed_s": 1439.678,
  "n_tasks": 160,
  "n_ok": 102,
  "n_error": 0,
  "n_skipped": 58,
  "n_correct": 146,
  "n_sampler_exhausted": 0,
  "total_usage": {
    "input_tokens": 1023743,
    "cached_input_tokens": 248255,
    "output_tokens": 80484,
    "reasoning_tokens": 12930,
    "total_tokens": 1104227
  }
}
