[1/50] running test2_t1 ...
  ok correct=False queries=2 test_input_queries=0 turns=5 tokens=11089
[2/50] running test2_t2 ...
  ok correct=True queries=3 test_input_queries=0 turns=6 tokens=13214
[3/50] running test2_t3 ...
  ok correct=True queries=1 test_input_queries=0 turns=4 tokens=7708
[4/50] running test2_t4 ...
  ok correct=True queries=1 test_input_queries=0 turns=4 tokens=11229
[5/50] running test2_t5 ...
  ok correct=True queries=4 test_input_queries=0 turns=7 tokens=15646
[6/50] running test2_t6 ...
  ok correct=False queries=4 test_input_queries=0 turns=10 tokens=37806
[7/50] running test2_t7 ...
  ok correct=False queries=2 test_input_queries=0 turns=5 tokens=10527
[8/50] running test2_t8 ...
  ok correct=True queries=0 test_input_queries=0 turns=3 tokens=5669
[9/50] running test2_t9 ...
  ok correct=True queries=1 test_input_queries=0 turns=5 tokens=8233
[10/50] running test2_t10 ...
  ok correct=True queries=0 test_input_queries=0 turns=3 tokens=5027
[11/50] running test2_t11 ...
  ok correct=False queries=5 test_input_queries=0 turns=8 tokens=38648
[12/50] running test2_t12 ...
  ok correct=False queries=1 test_input_queries=0 turns=5 tokens=17098
[13/50] running test2_t13 ...
  ok correct=False queries=1 test_input_queries=0 turns=4 tokens=12560
[14/50] running test2_t14 ...
  ok correct=True queries=1 test_input_queries=0 turns=6 tokens=12355
[15/50] running test2_t15 ...
  ok correct=True queries=2 test_input_queries=0 turns=5 tokens=12899
[16/50] running test2_t16 ...
  ok correct=True queries=1 test_input_queries=0 turns=6 tokens=16743
[17/50] running test2_t17 ...
  ok correct=True queries=1 test_input_queries=0 turns=6 tokens=23866
[18/50] running test2_t18 ...
  ok correct=False queries=1 test_input_queries=0 turns=4 tokens=12198
[19/50] running test2_t19 ...
  ok correct=False queries=1 test_input_queries=0 turns=4 tokens=9356
[20/50] running test2_t20 ...
  ok correct=True queries=1 test_input_queries=0 turns=4 tokens=10160
[21/50] running test2_t21 ...
  ok correct=True queries=2 test_input_queries=0 turns=5 tokens=12978
[22/50] running test2_t22 ...
  ok correct=False queries=2 test_input_queries=0 turns=8 tokens=31414
[23/50] running test2_t23 ...
  ok correct=False queries=1 test_input_queries=0 turns=4 tokens=8625
[24/50] running test2_t24 ...
  ok correct=False queries=2 test_input_queries=0 turns=7 tokens=18742
[25/50] running test2_t25 ...
  ok correct=False queries=1 test_input_queries=0 turns=6 tokens=20110
[26/50] running test2_t26 ...
  ok correct=False queries=0 test_input_queries=0 turns=3 tokens=7908
[27/50] running test2_t27 ...
  ok correct=False queries=0 test_input_queries=0 turns=4 tokens=40632
[28/50] running test2_t28 ...
  ok correct=True queries=1 test_input_queries=0 turns=5 tokens=17093
[29/50] running test2_t29 ...
  ok correct=False queries=0 test_input_queries=0 turns=3 tokens=11050
[30/50] running test2_t30 ...
  ok correct=True queries=0 test_input_queries=0 turns=3 tokens=9950
[31/50] running test2_t31 ...
  ok correct=True queries=1 test_input_queries=0 turns=5 tokens=11656
[32/50] running test2_t32 ...
  ok correct=True queries=0 test_input_queries=0 turns=3 tokens=9374
[33/50] running test2_t33 ...
  ok correct=False queries=0 test_input_queries=0 turns=6 tokens=14656
[34/50] running test2_t34 ...
  ok correct=True queries=1 test_input_queries=0 turns=4 tokens=9403
[35/50] running test2_t35 ...
  ok correct=False queries=1 test_input_queries=0 turns=4 tokens=9816
[36/50] running test2_t36 ...
  ok correct=False queries=0 test_input_queries=0 turns=3 tokens=14929
[37/50] running test2_t37 ...
  ok correct=True queries=0 test_input_queries=0 turns=3 tokens=10480
[38/50] running test2_t38 ...
  ok correct=True queries=3 test_input_queries=0 turns=6 tokens=10020
[39/50] running test2_t39 ...
  ok correct=True queries=0 test_input_queries=0 turns=3 tokens=21706
[40/50] running test2_t40 ...
  ok correct=False queries=0 test_input_queries=0 turns=3 tokens=12832
[41/50] running test2_t41 ...
  ok correct=True queries=3 test_input_queries=0 turns=6 tokens=18415
[42/50] running test2_t42 ...
  ok correct=True queries=1 test_input_queries=0 turns=4 tokens=7388
[43/50] running test2_t43 ...
  ok correct=True queries=1 test_input_queries=0 turns=4 tokens=15181
[44/50] running test2_t44 ...
  ok correct=True queries=2 test_input_queries=0 turns=5 tokens=12806
[45/50] running test2_t45 ...
  ok correct=True queries=2 test_input_queries=0 turns=6 tokens=19372
[46/50] running test2_t46 ...
  ok correct=True queries=1 test_input_queries=0 turns=4 tokens=4709
[47/50] running test2_t47 ...
  ok correct=True queries=0 test_input_queries=0 turns=3 tokens=4375
[48/50] running test2_t48 ...
  ok correct=True queries=0 test_input_queries=0 turns=4 tokens=19640
[49/50] running test2_t49 ...
  ok correct=True queries=1 test_input_queries=0 turns=4 tokens=24926
[50/50] running test2_t50 ...
  ok correct=True queries=0 test_input_queries=0 turns=3 tokens=10633
{
  "finished_at": "2026-09-19T05:00:20.238098+00:00",
  "elapsed_s": 2205.016,
  "n_tasks": 50,
  "n_ok": 50,
  "n_error": 0,
  "n_skipped": 0,
  "n_correct": 31,
  "n_sampler_exhausted": 0,
  "total_usage": {
    "input_tokens": 651275,
    "cached_input_tokens": 171168,
    "output_tokens": 81575,
    "reasoning_tokens": 34698,
    "total_tokens": 732850
  },
  "total_cost": 0.0
}
