[1/50] running test2_t1 ...
  ok correct=False queries=3 test_input_queries=0 turns=5 tokens=18765
[2/50] running test2_t2 ...
  ok correct=True queries=2 test_input_queries=0 turns=4 tokens=9294
[3/50] running test2_t3 ...
  ok correct=True queries=1 test_input_queries=0 turns=4 tokens=5812
[4/50] running test2_t4 ...
  ok correct=False queries=1 test_input_queries=0 turns=4 tokens=11250
[5/50] running test2_t5 ...
  ok correct=False queries=1 test_input_queries=0 turns=3 tokens=5517
[6/50] running test2_t6 ...
  ok correct=True queries=2 test_input_queries=0 turns=5 tokens=13902
[7/50] running test2_t7 ...
  ok correct=True queries=3 test_input_queries=0 turns=5 tokens=12839
[8/50] running test2_t8 ...
  ok correct=True queries=1 test_input_queries=0 turns=3 tokens=4880
[9/50] running test2_t9 ...
  ok correct=True queries=0 test_input_queries=0 turns=2 tokens=3008
[10/50] running test2_t10 ...
  ok correct=True queries=0 test_input_queries=0 turns=2 tokens=3220
[11/50] running test2_t11 ...
  ok correct=True queries=2 test_input_queries=0 turns=4 tokens=12737
[12/50] running test2_t12 ...
  ok correct=True queries=0 test_input_queries=0 turns=4 tokens=10695
[13/50] running test2_t13 ...
  ok correct=True queries=1 test_input_queries=0 turns=3 tokens=7571
[14/50] running test2_t14 ...
  ok correct=True queries=2 test_input_queries=0 turns=4 tokens=8813
[15/50] running test2_t15 ...
  ok correct=False queries=4 test_input_queries=0 turns=6 tokens=17332
[16/50] running test2_t16 ...
  ok correct=False queries=0 test_input_queries=0 turns=2 tokens=5644
[17/50] running test2_t17 ...
  ok correct=True queries=1 test_input_queries=0 turns=4 tokens=11264
[18/50] running test2_t18 ...
  ok correct=True queries=3 test_input_queries=0 turns=5 tokens=15143
[19/50] running test2_t19 ...
  ok correct=True queries=2 test_input_queries=0 turns=7 tokens=17616
[20/50] running test2_t20 ...
  ok correct=False queries=0 test_input_queries=0 turns=2 tokens=4304
[21/50] running test2_t21 ...
  ok correct=False queries=1 test_input_queries=0 turns=3 tokens=6931
[22/50] running test2_t22 ...
  ok correct=False queries=2 test_input_queries=0 turns=8 tokens=35357
[23/50] running test2_t23 ...
  ok correct=True queries=0 test_input_queries=0 turns=2 tokens=4979
[24/50] running test2_t24 ...
  ok correct=True queries=2 test_input_queries=0 turns=4 tokens=10562
[25/50] running test2_t25 ...
  ok correct=True queries=1 test_input_queries=0 turns=3 tokens=7400
[26/50] running test2_t26 ...
  ok correct=True queries=0 test_input_queries=0 turns=2 tokens=4764
[27/50] running test2_t27 ...
  ok correct=True queries=0 test_input_queries=0 turns=2 tokens=15100
[28/50] running test2_t28 ...
  ok correct=True queries=2 test_input_queries=0 turns=4 tokens=15051
[29/50] running test2_t29 ...
  ok correct=True queries=1 test_input_queries=0 turns=3 tokens=10187
[30/50] running test2_t30 ...
  ok correct=True queries=0 test_input_queries=0 turns=2 tokens=5026
[31/50] running test2_t31 ...
  ok correct=False queries=1 test_input_queries=0 turns=3 tokens=9558
[32/50] running test2_t32 ...
  ok correct=True queries=0 test_input_queries=0 turns=2 tokens=5539
[33/50] running test2_t33 ...
  ok correct=False queries=3 test_input_queries=0 turns=9 tokens=26260
[34/50] running test2_t34 ...
  ok correct=True queries=0 test_input_queries=0 turns=3 tokens=6399
[35/50] running test2_t35 ...
  ok correct=True queries=1 test_input_queries=0 turns=3 tokens=5574
[36/50] running test2_t36 ...
  ok correct=True queries=0 test_input_queries=0 turns=3 tokens=17274
[37/50] running test2_t37 ...
  ok correct=True queries=0 test_input_queries=0 turns=2 tokens=6600
[38/50] running test2_t38 ...
  ok correct=True queries=1 test_input_queries=0 turns=5 tokens=8970
[39/50] running test2_t39 ...
  ok correct=True queries=1 test_input_queries=0 turns=3 tokens=10936
[40/50] running test2_t40 ...
  ok correct=True queries=1 test_input_queries=0 turns=3 tokens=9060
[41/50] running test2_t41 ...
  ok correct=True queries=3 test_input_queries=0 turns=5 tokens=12325
[42/50] running test2_t42 ...
  ok correct=True queries=0 test_input_queries=0 turns=2 tokens=4797
[43/50] running test2_t43 ...
  ok correct=True queries=0 test_input_queries=0 turns=2 tokens=8796
[44/50] running test2_t44 ...
  ok correct=True queries=2 test_input_queries=0 turns=4 tokens=9265
[45/50] running test2_t45 ...
  ok correct=False queries=1 test_input_queries=0 turns=3 tokens=11010
[46/50] running test2_t46 ...
  ok correct=True queries=0 test_input_queries=0 turns=5 tokens=7661
[47/50] running test2_t47 ...
  ok correct=True queries=0 test_input_queries=0 turns=2 tokens=1953
[48/50] running test2_t48 ...
  ok correct=True queries=0 test_input_queries=0 turns=2 tokens=11763
[49/50] running test2_t49 ...
  ok correct=True queries=1 test_input_queries=0 turns=4 tokens=21549
[50/50] running test2_t50 ...
  ok correct=True queries=0 test_input_queries=0 turns=2 tokens=5328
{
  "finished_at": "2026-09-11T01:47:46.209137+00:00",
  "elapsed_s": 1384.029,
  "n_tasks": 50,
  "n_ok": 50,
  "n_error": 0,
  "n_skipped": 0,
  "n_correct": 39,
  "n_sampler_exhausted": 0,
  "total_usage": {
    "input_tokens": 457430,
    "cached_input_tokens": 157806,
    "output_tokens": 58150,
    "reasoning_tokens": 26076,
    "total_tokens": 515580
  }
}
