[1/50] running test2_t1 ...
  ok correct=None queries=62 test_input_queries=0 turns=16 tokens=131833
[2/50] running test2_t2 ...
  ok correct=True queries=32 test_input_queries=0 turns=10 tokens=43626
[3/50] running test2_t3 ...
  ok correct=None queries=51 test_input_queries=0 turns=12 tokens=55679
[4/50] running test2_t4 ...
  ok correct=None queries=21 test_input_queries=1 turns=8 tokens=66514
[5/50] running test2_t5 ...
  ok correct=None queries=33 test_input_queries=0 turns=10 tokens=46996
[6/50] running test2_t6 ...
  ok correct=None queries=44 test_input_queries=0 turns=14 tokens=77397
[7/50] running test2_t7 ...
  ok correct=None queries=51 test_input_queries=0 turns=12 tokens=65932
[8/50] running test2_t8 ...
  ok correct=True queries=30 test_input_queries=0 turns=8 tokens=29560
[9/50] running test2_t9 ...
  ok correct=True queries=0 test_input_queries=0 turns=5 tokens=11046
[10/50] running test2_t10 ...
  ok correct=True queries=1 test_input_queries=0 turns=3 tokens=7012
[11/50] running test2_t11 ...
  ok correct=None queries=23 test_input_queries=0 turns=8 tokens=30784
[12/50] running test2_t12 ...
  ok correct=None queries=50 test_input_queries=0 turns=12 tokens=72479
[13/50] running test2_t13 ...
  ok correct=None queries=33 test_input_queries=0 turns=11 tokens=50885
[14/50] running test2_t14 ...
  ok correct=True queries=3 test_input_queries=0 turns=6 tokens=12290
[15/50] running test2_t15 ...
  ok correct=None queries=21 test_input_queries=0 turns=7 tokens=29098
[16/50] running test2_t16 ...
  ok correct=None queries=20 test_input_queries=0 turns=7 tokens=36925
[17/50] running test2_t17 ...
  ok correct=True queries=40 test_input_queries=0 turns=10 tokens=48562
[18/50] running test2_t18 ...
  ok correct=None queries=42 test_input_queries=0 turns=12 tokens=80138
[19/50] running test2_t19 ...
  ok correct=True queries=2 test_input_queries=0 turns=5 tokens=20766
[20/50] running test2_t20 ...
  ok correct=None queries=32 test_input_queries=0 turns=12 tokens=71877
[21/50] running test2_t21 ...
  ok correct=None queries=20 test_input_queries=0 turns=5 tokens=23645
[22/50] running test2_t22 ...
  ok correct=None queries=20 test_input_queries=0 turns=8 tokens=29046
[23/50] running test2_t23 ...
  ok correct=None queries=20 test_input_queries=0 turns=7 tokens=32542
[24/50] running test2_t24 ...
  ok correct=None queries=44 test_input_queries=0 turns=14 tokens=82833
[25/50] running test2_t25 ...
  ok correct=None queries=50 test_input_queries=0 turns=13 tokens=85153
[26/50] running test2_t26 ...
  ok correct=True queries=0 test_input_queries=0 turns=2 tokens=6577
[27/50] running test2_t27 ...
  ok correct=None queries=20 test_input_queries=0 turns=5 tokens=65183
[28/50] running test2_t28 ...
  ok correct=None queries=50 test_input_queries=0 turns=14 tokens=105392
[29/50] running test2_t29 ...
  ok correct=None queries=21 test_input_queries=0 turns=7 tokens=42228
[30/50] running test2_t30 ...
  ok correct=None queries=161 test_input_queries=0 turns=35 tokens=450161
[31/50] running test2_t31 ...
  ok correct=None queries=62 test_input_queries=0 turns=16 tokens=113531
[32/50] running test2_t32 ...
  ok correct=True queries=0 test_input_queries=0 turns=2 tokens=4520
[33/50] running test2_t33 ...
  ok correct=True queries=30 test_input_queries=0 turns=10 tokens=46044
[34/50] running test2_t34 ...
  ok correct=None queries=41 test_input_queries=0 turns=12 tokens=52607
[35/50] running test2_t35 ...
  ok correct=True queries=0 test_input_queries=0 turns=3 tokens=9684
[36/50] running test2_t36 ...
  ok correct=None queries=10 test_input_queries=0 turns=4 tokens=30130
[37/50] running test2_t37 ...
  ok correct=None queries=33 test_input_queries=0 turns=10 tokens=84123
[38/50] running test2_t38 ...
  ok correct=None queries=34 test_input_queries=0 turns=12 tokens=49492
[39/50] running test2_t39 ...
  ok correct=None queries=20 test_input_queries=0 turns=8 tokens=59701
[40/50] running test2_t40 ...
  ok correct=None queries=16 test_input_queries=0 turns=13 tokens=88353
[41/50] running test2_t41 ...
  ok correct=None queries=33 test_input_queries=0 turns=12 tokens=92352
[42/50] running test2_t42 ...
  ok correct=None queries=30 test_input_queries=0 turns=10 tokens=53039
[43/50] running test2_t43 ...
  ok correct=None queries=56 test_input_queries=3 turns=18 tokens=207361
[44/50] running test2_t44 ...
  ok correct=None queries=30 test_input_queries=0 turns=9 tokens=52605
[45/50] running test2_t45 ...
  ok correct=None queries=32 test_input_queries=0 turns=10 tokens=61835
[46/50] running test2_t46 ...
  ok correct=None queries=22 test_input_queries=1 turns=8 tokens=15823
[47/50] running test2_t47 ...
  ok correct=None queries=62 test_input_queries=2 turns=18 tokens=138828
[48/50] running test2_t48 ...
  ok correct=None queries=10 test_input_queries=0 turns=7 tokens=70860
[49/50] running test2_t49 ...
  ok correct=None queries=51 test_input_queries=0 turns=12 tokens=136552
[50/50] running test2_t50 ...
  ok correct=None queries=4 test_input_queries=0 turns=8 tokens=29243
{
  "finished_at": "2026-09-02T11:01:26.648127+00:00",
  "elapsed_s": 2890.186,
  "n_tasks": 50,
  "n_ok": 50,
  "n_error": 0,
  "n_skipped": 0,
  "n_correct": 11,
  "n_sampler_exhausted": 0,
  "total_usage": {
    "input_tokens": 3091561,
    "cached_input_tokens": 2247152,
    "output_tokens": 217281,
    "reasoning_tokens": 132500,
    "total_tokens": 3308842
  }
}
