[1/50] running test2_t1 ...
  ok correct=True queries=0 test_input_queries=0 turns=2 tokens=3755
[2/50] running test2_t2 ...
  ok correct=True queries=2 test_input_queries=0 turns=4 tokens=7261
[3/50] running test2_t3 ...
  ok correct=True queries=0 test_input_queries=0 turns=2 tokens=2626
[4/50] running test2_t4 ...
  ok correct=False queries=0 test_input_queries=0 turns=3 tokens=12225
[5/50] running test2_t5 ...
  ok correct=True queries=2 test_input_queries=0 turns=4 tokens=7726
[6/50] running test2_t6 ...
  ok correct=True queries=2 test_input_queries=0 turns=6 tokens=18679
[7/50] running test2_t7 ...
  ok correct=False queries=1 test_input_queries=0 turns=3 tokens=7101
[8/50] running test2_t8 ...
  ok correct=True queries=1 test_input_queries=0 turns=3 tokens=4152
[9/50] running test2_t9 ...
  ok correct=True queries=0 test_input_queries=0 turns=2 tokens=3456
[10/50] running test2_t10 ...
  ok correct=True queries=0 test_input_queries=0 turns=2 tokens=3148
[11/50] running test2_t11 ...
  ok correct=False queries=3 test_input_queries=0 turns=5 tokens=15866
[12/50] running test2_t12 ...
  ok correct=True queries=0 test_input_queries=0 turns=3 tokens=8676
[13/50] running test2_t13 ...
  ok correct=True queries=1 test_input_queries=0 turns=3 tokens=9012
[14/50] running test2_t14 ...
  ok correct=True queries=3 test_input_queries=0 turns=6 tokens=13791
[15/50] running test2_t15 ...
  ok correct=True queries=4 test_input_queries=0 turns=6 tokens=19359
[16/50] running test2_t16 ...
  ok correct=True queries=0 test_input_queries=0 turns=2 tokens=5022
[17/50] running test2_t17 ...
  ok correct=True queries=4 test_input_queries=0 turns=8 tokens=30411
[18/50] running test2_t18 ...
  ok correct=True queries=2 test_input_queries=0 turns=4 tokens=15059
[19/50] running test2_t19 ...
  ok correct=True queries=1 test_input_queries=0 turns=6 tokens=18813
[20/50] running test2_t20 ...
  ok correct=True queries=0 test_input_queries=0 turns=2 tokens=5112
[21/50] running test2_t21 ...
  ok correct=True queries=1 test_input_queries=0 turns=3 tokens=5811
[22/50] running test2_t22 ...
  ok correct=False queries=2 test_input_queries=0 turns=7 tokens=22673
[23/50] running test2_t23 ...
  ok correct=True queries=0 test_input_queries=0 turns=2 tokens=4900
[24/50] running test2_t24 ...
  ok correct=True queries=3 test_input_queries=0 turns=5 tokens=15138
[25/50] running test2_t25 ...
  ok correct=True queries=1 test_input_queries=0 turns=3 tokens=6656
[26/50] running test2_t26 ...
  ok correct=True queries=0 test_input_queries=0 turns=2 tokens=4550
[27/50] running test2_t27 ...
  ok correct=True queries=0 test_input_queries=0 turns=2 tokens=16442
[28/50] running test2_t28 ...
  ok correct=False queries=0 test_input_queries=0 turns=2 tokens=4563
[29/50] running test2_t29 ...
  ok correct=True queries=1 test_input_queries=0 turns=3 tokens=8036
[30/50] running test2_t30 ...
  ok correct=True queries=0 test_input_queries=0 turns=2 tokens=4756
[31/50] running test2_t31 ...
  ok correct=False queries=1 test_input_queries=0 turns=3 tokens=7079
[32/50] running test2_t32 ...
  ok correct=True queries=0 test_input_queries=0 turns=2 tokens=4034
[33/50] running test2_t33 ...
  ok correct=False queries=2 test_input_queries=0 turns=8 tokens=21275
[34/50] running test2_t34 ...
  ok correct=True queries=1 test_input_queries=0 turns=3 tokens=4784
[35/50] running test2_t35 ...
  ok correct=True queries=0 test_input_queries=0 turns=2 tokens=6956
[36/50] running test2_t36 ...
  ok correct=True queries=1 test_input_queries=0 turns=4 tokens=16966
[37/50] running test2_t37 ...
  ok correct=True queries=1 test_input_queries=0 turns=4 tokens=10895
[38/50] running test2_t38 ...
  ok correct=False queries=0 test_input_queries=0 turns=2 tokens=3575
[39/50] running test2_t39 ...
  ok correct=True queries=0 test_input_queries=0 turns=2 tokens=11494
[40/50] running test2_t40 ...
  ok correct=True queries=4 test_input_queries=0 turns=6 tokens=32280
[41/50] running test2_t41 ...
  ok correct=True queries=1 test_input_queries=0 turns=4 tokens=18700
[42/50] running test2_t42 ...
  ok correct=True queries=0 test_input_queries=0 turns=2 tokens=4459
[43/50] running test2_t43 ...
  ok correct=False queries=0 test_input_queries=0 turns=2 tokens=6114
[44/50] running test2_t44 ...
  ok correct=True queries=0 test_input_queries=0 turns=3 tokens=7594
[45/50] running test2_t45 ...
  ok correct=False queries=0 test_input_queries=0 turns=4 tokens=13116
[46/50] running test2_t46 ...
  ok correct=True queries=1 test_input_queries=0 turns=5 tokens=6522
[47/50] running test2_t47 ...
  ok correct=True queries=0 test_input_queries=0 turns=2 tokens=2931
[48/50] running test2_t48 ...
  ok correct=True queries=0 test_input_queries=0 turns=2 tokens=12661
[49/50] running test2_t49 ...
  ok correct=True queries=1 test_input_queries=0 turns=3 tokens=20513
[50/50] running test2_t50 ...
  ok correct=True queries=0 test_input_queries=0 turns=2 tokens=6039
{
  "finished_at": "2026-09-11T13:38:08.018606+00:00",
  "elapsed_s": 1374.885,
  "n_tasks": 50,
  "n_ok": 50,
  "n_error": 0,
  "n_skipped": 0,
  "n_correct": 40,
  "n_sampler_exhausted": 0,
  "total_usage": {
    "input_tokens": 463718,
    "cached_input_tokens": 156504,
    "output_tokens": 59044,
    "reasoning_tokens": 26307,
    "total_tokens": 522762
  }
}
