[1/160] running abovebelow/abovebelow1 ...
  ok correct=None queries=3 test_input_queries=0 turns=6 tokens=17070
[2/160] running abovebelow/abovebelow2 ...
  ok correct=None queries=1 test_input_queries=0 turns=8 tokens=35837
[3/160] running abovebelow/abovebelow3 ...
  ok correct=None queries=4 test_input_queries=0 turns=7 tokens=20107
[4/160] running abovebelow/abovebelow4 ...
  ok correct=None queries=1 test_input_queries=0 turns=5 tokens=10630
[5/160] running abovebelow/abovebelow5 ...
  ok correct=None queries=2 test_input_queries=0 turns=5 tokens=6376
[6/160] running abovebelow/abovebelow6 ...
  ok correct=None queries=0 test_input_queries=0 turns=2 tokens=4389
[7/160] running abovebelow/abovebelow7 ...
  ok correct=None queries=1 test_input_queries=0 turns=5 tokens=11545
[8/160] running abovebelow/abovebelow8 ...
  ok correct=None queries=3 test_input_queries=0 turns=7 tokens=18817
[9/160] running abovebelow/abovebelow9 ...
  ok correct=None queries=1 test_input_queries=0 turns=3 tokens=5387
[10/160] running abovebelow/abovebelow10 ...
  ok correct=None queries=1 test_input_queries=0 turns=3 tokens=3166
[11/160] running center/center1 ...
  ok correct=None queries=1 test_input_queries=0 turns=5 tokens=8136
[12/160] running center/center2 ...
  ok correct=None queries=2 test_input_queries=0 turns=5 tokens=3626
[13/160] running center/center3 ...
  ok correct=None queries=4 test_input_queries=0 turns=6 tokens=15116
[14/160] running center/center4 ...
  ok correct=None queries=5 test_input_queries=0 turns=10 tokens=38005
[15/160] running center/center5 ...
  ok correct=None queries=1 test_input_queries=0 turns=3 tokens=8543
[16/160] running center/center6 ...
  ok correct=None queries=1 test_input_queries=0 turns=3 tokens=6032
[17/160] running center/center7 ...
  ok correct=None queries=11 test_input_queries=0 turns=13 tokens=21536
[18/160] running center/center8 ...
  ok correct=None queries=0 test_input_queries=0 turns=2 tokens=6416
[19/160] running center/center9 ...
  ok correct=None queries=2 test_input_queries=0 turns=6 tokens=9232
[20/160] running center/center10 ...
  ok correct=None queries=1 test_input_queries=0 turns=4 tokens=7479
[21/160] running cleanup/cleanup1 ...
  ok correct=None queries=2 test_input_queries=0 turns=4 tokens=6453
[22/160] running cleanup/cleanup2 ...
  ok correct=None queries=1 test_input_queries=0 turns=3 tokens=4639
[23/160] running cleanup/cleanup3 ...
  ok correct=None queries=3 test_input_queries=0 turns=7 tokens=17873
[24/160] running cleanup/cleanup4 ...
  ok correct=None queries=0 test_input_queries=0 turns=2 tokens=7175
[25/160] running cleanup/cleanup5 ...
  ok correct=None queries=3 test_input_queries=0 turns=6 tokens=19251
[26/160] running cleanup/cleanup6 ...
  ok correct=None queries=1 test_input_queries=0 turns=5 tokens=15698
[27/160] running cleanup/cleanup7 ...
  ok correct=None queries=0 test_input_queries=0 turns=5 tokens=11659
[28/160] running cleanup/cleanup8 ...
  ok correct=None queries=1 test_input_queries=0 turns=4 tokens=6869
[29/160] running cleanup/cleanup9 ...
  ok correct=None queries=1 test_input_queries=0 turns=3 tokens=5553
[30/160] running cleanup/cleanup10 ...
  ok correct=None queries=0 test_input_queries=0 turns=6 tokens=14299
[31/160] running completeshape/completeshape1 ...
  ok correct=None queries=1 test_input_queries=0 turns=4 tokens=11551
[32/160] running completeshape/completeshape2 ...
  ok correct=None queries=1 test_input_queries=0 turns=5 tokens=6978
[33/160] running completeshape/completeshape3 ...
  ok correct=None queries=0 test_input_queries=0 turns=2 tokens=3195
[34/160] running completeshape/completeshape4 ...
  ok correct=None queries=2 test_input_queries=0 turns=4 tokens=6298
[35/160] running completeshape/completeshape5 ...
  ok correct=None queries=1 test_input_queries=0 turns=4 tokens=5986
[36/160] running completeshape/completeshape6 ...
  ok correct=None queries=1 test_input_queries=0 turns=3 tokens=5143
[37/160] running completeshape/completeshape7 ...
  ok correct=None queries=0 test_input_queries=0 turns=2 tokens=3733
[38/160] running completeshape/completeshape8 ...
  ok correct=None queries=2 test_input_queries=0 turns=8 tokens=22483
[39/160] running completeshape/completeshape9 ...
  ok correct=None queries=0 test_input_queries=0 turns=4 tokens=11486
[40/160] running completeshape/completeshape10 ...
  ok correct=None queries=1 test_input_queries=0 turns=3 tokens=8366
[41/160] running copy/copy1 ...
  ok correct=None queries=0 test_input_queries=0 turns=2 tokens=1601
[42/160] running copy/copy2 ...
  ok correct=None queries=1 test_input_queries=0 turns=4 tokens=8521
[43/160] running copy/copy3 ...
  ok correct=None queries=1 test_input_queries=0 turns=3 tokens=7662
[44/160] running copy/copy4 ...
  ok correct=None queries=0 test_input_queries=0 turns=2 tokens=10396
[45/160] running copy/copy5 ...
  ok correct=None queries=3 test_input_queries=0 turns=7 tokens=9353
[46/160] running copy/copy6 ...
  ok correct=None queries=1 test_input_queries=0 turns=3 tokens=2515
[47/160] running copy/copy7 ...
  ok correct=None queries=2 test_input_queries=0 turns=4 tokens=6887
[48/160] running copy/copy8 ...
  ok correct=None queries=2 test_input_queries=0 turns=4 tokens=9148
[49/160] running copy/copy9 ...
  ok correct=None queries=0 test_input_queries=0 turns=2 tokens=7132
[50/160] running copy/copy10 ...
  ok correct=None queries=0 test_input_queries=0 turns=2 tokens=5290
[51/160] running count/count1 ...
  ok correct=None queries=4 test_input_queries=0 turns=7 tokens=14138
[52/160] running count/count2 ...
  ok correct=None queries=2 test_input_queries=0 turns=4 tokens=12361
[53/160] running count/count3 ...
  ok correct=None queries=5 test_input_queries=0 turns=7 tokens=14161
[54/160] running count/count4 ...
  ok correct=None queries=3 test_input_queries=0 turns=5 tokens=8088
[55/160] running count/count5 ...
  ok correct=None queries=9 test_input_queries=0 turns=14 tokens=22995
[56/160] running count/count6 ...
  ok correct=None queries=3 test_input_queries=0 turns=5 tokens=8423
[57/160] running count/count7 ...
  ok correct=None queries=1 test_input_queries=0 turns=3 tokens=3432
[58/160] running count/count8 ...
  ok correct=None queries=3 test_input_queries=0 turns=6 tokens=6907
[59/160] running count/count9 ...
  ok correct=None queries=6 test_input_queries=0 turns=7 tokens=17814
[60/160] running count/count10 ...
  ok correct=None queries=11 test_input_queries=0 turns=18 tokens=44150
[61/160] running extendtoboundary/extendtoboundary1 ...
  ok correct=None queries=0 test_input_queries=0 turns=6 tokens=16805
[62/160] running extendtoboundary/extendtoboundary2 ...
  ok correct=None queries=2 test_input_queries=0 turns=4 tokens=10472
[63/160] running extendtoboundary/extendtoboundary3 ...
  ok correct=None queries=2 test_input_queries=0 turns=5 tokens=11156
[64/160] running extendtoboundary/extendtoboundary4 ...
  ok correct=None queries=2 test_input_queries=0 turns=4 tokens=5620
[65/160] running extendtoboundary/extendtoboundary5 ...
  ok correct=None queries=2 test_input_queries=0 turns=4 tokens=4412
[66/160] running extendtoboundary/extendtoboundary6 ...
  ok correct=None queries=3 test_input_queries=0 turns=5 tokens=10818
[67/160] running extendtoboundary/extendtoboundary7 ...
  ok correct=None queries=2 test_input_queries=0 turns=4 tokens=12938
[68/160] running extendtoboundary/extendtoboundary8 ...
  ok correct=None queries=1 test_input_queries=0 turns=3 tokens=8186
[69/160] running extendtoboundary/extendtoboundary9 ...
  ok correct=None queries=0 test_input_queries=0 turns=2 tokens=4034
[70/160] running extendtoboundary/extendtoboundary10 ...
  ok correct=None queries=1 test_input_queries=0 turns=3 tokens=5967
[71/160] running extract/extract1 ...
  ok correct=None queries=1 test_input_queries=0 turns=3 tokens=4139
[72/160] running extract/extract2 ...
  ok correct=None queries=1 test_input_queries=0 turns=5 tokens=8747
[73/160] running extract/extract3 ...
  ok correct=None queries=2 test_input_queries=0 turns=7 tokens=23022
[74/160] running extract/extract4 ...
  ok correct=None queries=1 test_input_queries=0 turns=3 tokens=5538
[75/160] running extract/extract5 ...
  ok correct=None queries=1 test_input_queries=0 turns=4 tokens=10315
[76/160] running extract/extract6 ...
  ok correct=None queries=1 test_input_queries=0 turns=4 tokens=8135
[77/160] running extract/extract7 ...
  ok correct=None queries=4 test_input_queries=0 turns=7 tokens=8959
[78/160] running extract/extract8 ...
  ok correct=None queries=4 test_input_queries=0 turns=7 tokens=11935
[79/160] running extract/extract9 ...
  ok correct=None queries=1 test_input_queries=0 turns=3 tokens=4939
[80/160] running extract/extract10 ...
  ok correct=None queries=2 test_input_queries=0 turns=6 tokens=7752
[81/160] running fillednotfilled/fillednotfilled1 ...
  ok correct=None queries=1 test_input_queries=0 turns=3 tokens=8963
[82/160] running fillednotfilled/fillednotfilled2 ...
  ok correct=None queries=4 test_input_queries=0 turns=10 tokens=32287
[83/160] running fillednotfilled/fillednotfilled3 ...
  ok correct=None queries=1 test_input_queries=0 turns=3 tokens=5608
[84/160] running fillednotfilled/fillednotfilled4 ...
  ok correct=None queries=2 test_input_queries=0 turns=4 tokens=11480
[85/160] running fillednotfilled/fillednotfilled5 ...
  ok correct=None queries=1 test_input_queries=0 turns=4 tokens=5221
[86/160] running fillednotfilled/fillednotfilled6 ...
  ok correct=None queries=0 test_input_queries=0 turns=2 tokens=9027
[87/160] running fillednotfilled/fillednotfilled7 ...
  ok correct=None queries=1 test_input_queries=0 turns=4 tokens=9433
[88/160] running fillednotfilled/fillednotfilled8 ...
  ok correct=None queries=0 test_input_queries=0 turns=3 tokens=5505
[89/160] running fillednotfilled/fillednotfilled9 ...
  ok correct=None queries=0 test_input_queries=0 turns=2 tokens=5836
[90/160] running fillednotfilled/fillednotfilled10 ...
  ok correct=None queries=3 test_input_queries=0 turns=5 tokens=12441
[91/160] running horizontalvertical/horizontalvertical1 ...
  ok correct=None queries=0 test_input_queries=0 turns=3 tokens=8407
[92/160] running horizontalvertical/horizontalvertical2 ...
  ok correct=None queries=3 test_input_queries=0 turns=5 tokens=26751
[93/160] running horizontalvertical/horizontalvertical3 ...
  ok correct=None queries=3 test_input_queries=0 turns=7 tokens=20175
[94/160] running horizontalvertical/horizontalvertical4 ...
  ok correct=None queries=3 test_input_queries=0 turns=5 tokens=23282
[95/160] running horizontalvertical/horizontalvertical5 ...
  ok correct=None queries=5 test_input_queries=0 turns=7 tokens=22197
[96/160] running horizontalvertical/horizontalvertical6 ...
  ok correct=None queries=5 test_input_queries=0 turns=8 tokens=33833
[97/160] running horizontalvertical/horizontalvertical7 ...
  ok correct=None queries=5 test_input_queries=0 turns=7 tokens=21179
[98/160] running horizontalvertical/horizontalvertical8 ...
  ok correct=None queries=3 test_input_queries=0 turns=5 tokens=27402
[99/160] running horizontalvertical/horizontalvertical9 ...
  ok correct=None queries=1 test_input_queries=0 turns=4 tokens=5642
[100/160] running horizontalvertical/horizontalvertical10 ...
  ok correct=None queries=3 test_input_queries=0 turns=5 tokens=10648
[101/160] running insideoutside/insideoutside1 ...
  ok correct=None queries=3 test_input_queries=0 turns=5 tokens=9495
[102/160] running insideoutside/insideoutside2 ...
  ok correct=None queries=5 test_input_queries=0 turns=9 tokens=21114
[103/160] running insideoutside/insideoutside3 ...
  ok correct=None queries=4 test_input_queries=0 turns=6 tokens=14767
[104/160] running insideoutside/insideoutside4 ...
  ok correct=None queries=6 test_input_queries=0 turns=8 tokens=32559
[105/160] running insideoutside/insideoutside5 ...
  ok correct=None queries=3 test_input_queries=0 turns=6 tokens=24149
[106/160] running insideoutside/insideoutside6 ...
  ok correct=None queries=0 test_input_queries=0 turns=2 tokens=5174
[107/160] running insideoutside/insideoutside7 ...
  ok correct=None queries=2 test_input_queries=0 turns=4 tokens=6116
[108/160] running insideoutside/insideoutside8 ...
  ok correct=None queries=0 test_input_queries=0 turns=2 tokens=4030
[109/160] running insideoutside/insideoutside9 ...
  ok correct=None queries=2 test_input_queries=0 turns=5 tokens=11586
[110/160] running insideoutside/insideoutside10 ...
  ok correct=None queries=0 test_input_queries=0 turns=2 tokens=4594
[111/160] running movetoboundary/movetoboundary1 ...
  ok correct=None queries=3 test_input_queries=0 turns=6 tokens=13591
[112/160] running movetoboundary/movetoboundary2 ...
  ok correct=None queries=0 test_input_queries=0 turns=3 tokens=4716
[113/160] running movetoboundary/movetoboundary3 ...
  ok correct=None queries=3 test_input_queries=0 turns=5 tokens=9697
[114/160] running movetoboundary/movetoboundary4 ...
  ok correct=None queries=4 test_input_queries=0 turns=6 tokens=13083
[115/160] running movetoboundary/movetoboundary5 ...
  ok correct=None queries=2 test_input_queries=0 turns=4 tokens=7777
[116/160] running movetoboundary/movetoboundary6 ...
  ok correct=None queries=2 test_input_queries=0 turns=8 tokens=15041
[117/160] running movetoboundary/movetoboundary7 ...
  ok correct=None queries=2 test_input_queries=0 turns=4 tokens=15159
[118/160] running movetoboundary/movetoboundary8 ...
  ok correct=None queries=2 test_input_queries=0 turns=5 tokens=9285
[119/160] running movetoboundary/movetoboundary9 ...
  ok correct=None queries=1 test_input_queries=0 turns=4 tokens=12387
[120/160] running movetoboundary/movetoboundary10 ...
  ok correct=None queries=2 test_input_queries=0 turns=5 tokens=16820
[121/160] running order/order1 ...
  ok correct=None queries=2 test_input_queries=0 turns=4 tokens=11469
[122/160] running order/order2 ...
  ok correct=None queries=1 test_input_queries=0 turns=5 tokens=9677
[123/160] running order/order3 ...
  ok correct=None queries=2 test_input_queries=0 turns=6 tokens=10253
[124/160] running order/order4 ...
  ok correct=None queries=0 test_input_queries=0 turns=2 tokens=4901
[125/160] running order/order5 ...
  ok correct=None queries=1 test_input_queries=0 turns=4 tokens=8929
[126/160] running order/order6 ...
  ok correct=None queries=0 test_input_queries=0 turns=2 tokens=5394
[127/160] running order/order7 ...
  ok correct=None queries=0 test_input_queries=0 turns=2 tokens=3419
[128/160] running order/order8 ...
  ok correct=None queries=2 test_input_queries=0 turns=5 tokens=12517
[129/160] running order/order9 ...
  ok correct=None queries=1 test_input_queries=0 turns=5 tokens=7051
[130/160] running order/order10 ...
  ok correct=None queries=1 test_input_queries=0 turns=3 tokens=5751
[131/160] running samedifferent/samedifferent1 ...
  ok correct=None queries=2 test_input_queries=0 turns=4 tokens=12599
[132/160] running samedifferent/samedifferent2 ...
  ok correct=None queries=3 test_input_queries=0 turns=5 tokens=15133
[133/160] running samedifferent/samedifferent3 ...
  ok correct=None queries=2 test_input_queries=0 turns=4 tokens=11710
[134/160] running samedifferent/samedifferent4 ...
  ok correct=None queries=2 test_input_queries=0 turns=4 tokens=10200
[135/160] running samedifferent/samedifferent5 ...
  ok correct=None queries=2 test_input_queries=0 turns=4 tokens=7890
[136/160] running samedifferent/samedifferent6 ...
  ok correct=None queries=3 test_input_queries=0 turns=5 tokens=28638
[137/160] running samedifferent/samedifferent7 ...
  ok correct=None queries=1 test_input_queries=0 turns=3 tokens=14204
[138/160] running samedifferent/samedifferent8 ...
  ok correct=None queries=5 test_input_queries=0 turns=7 tokens=11472
[139/160] running samedifferent/samedifferent9 ...
  ok correct=None queries=17 test_input_queries=0 turns=20 tokens=66838
[140/160] running samedifferent/samedifferent10 ...
  ok correct=None queries=3 test_input_queries=0 turns=6 tokens=10204
[141/160] running topbottom2d/topbottom2d1 ...
  ok correct=None queries=1 test_input_queries=0 turns=3 tokens=5462
[142/160] running topbottom2d/topbottom2d2 ...
  ok correct=None queries=4 test_input_queries=0 turns=6 tokens=9989
[143/160] running topbottom2d/topbottom2d3 ...
  ok correct=None queries=3 test_input_queries=0 turns=5 tokens=9465
[144/160] running topbottom2d/topbottom2d4 ...
  ok correct=None queries=3 test_input_queries=0 turns=5 tokens=20224
[145/160] running topbottom2d/topbottom2d5 ...
  ok correct=None queries=1 test_input_queries=0 turns=4 tokens=12556
[146/160] running topbottom2d/topbottom2d6 ...
  ok correct=None queries=6 test_input_queries=0 turns=9 tokens=16435
[147/160] running topbottom2d/topbottom2d7 ...
  ok correct=None queries=4 test_input_queries=0 turns=8 tokens=13163
[148/160] running topbottom2d/topbottom2d8 ...
  ok correct=None queries=2 test_input_queries=0 turns=5 tokens=9120
[149/160] running topbottom2d/topbottom2d9 ...
  ok correct=None queries=6 test_input_queries=0 turns=9 tokens=13976
[150/160] running topbottom2d/topbottom2d10 ...
  ok correct=None queries=2 test_input_queries=0 turns=5 tokens=8694
[151/160] running topbottom3d/topbottom3d1 ...
  ok correct=None queries=1 test_input_queries=0 turns=3 tokens=11187
[152/160] running topbottom3d/topbottom3d2 ...
  ok correct=None queries=2 test_input_queries=0 turns=5 tokens=12084
[153/160] running topbottom3d/topbottom3d3 ...
  ok correct=None queries=0 test_input_queries=0 turns=2 tokens=6863
[154/160] running topbottom3d/topbottom3d4 ...
  ok correct=None queries=4 test_input_queries=0 turns=6 tokens=16665
[155/160] running topbottom3d/topbottom3d5 ...
  ok correct=None queries=2 test_input_queries=0 turns=6 tokens=9813
[156/160] running topbottom3d/topbottom3d6 ...
  ok correct=None queries=1 test_input_queries=0 turns=3 tokens=5051
[157/160] running topbottom3d/topbottom3d7 ...
  ok correct=None queries=0 test_input_queries=0 turns=2 tokens=5213
[158/160] running topbottom3d/topbottom3d8 ...
  ok correct=None queries=2 test_input_queries=0 turns=4 tokens=6126
[159/160] running topbottom3d/topbottom3d9 ...
  ok correct=None queries=1 test_input_queries=0 turns=7 tokens=19806
[160/160] running topbottom3d/topbottom3d10 ...
  ok correct=None queries=0 test_input_queries=0 turns=2 tokens=5814
{
  "finished_at": "2026-09-11T08:58:52.652804+00:00",
  "elapsed_s": 3485.994,
  "n_tasks": 160,
  "n_ok": 160,
  "n_error": 0,
  "n_skipped": 0,
  "n_correct": 0,
  "n_sampler_exhausted": 0,
  "total_usage": {
    "input_tokens": 1782950,
    "cached_input_tokens": 916903,
    "output_tokens": 116458,
    "reasoning_tokens": 19563,
    "total_tokens": 1899408
  }
}
