[1/50] running test2_t1 ...
  ok correct=None queries=2 test_input_queries=0 turns=4 tokens=11797
[2/50] running test2_t2 ...
  ok correct=None queries=2 test_input_queries=0 turns=4 tokens=8158
[3/50] running test2_t3 ...
  ok correct=None queries=5 test_input_queries=0 turns=10 tokens=19816
[4/50] running test2_t4 ...
  ok correct=None queries=2 test_input_queries=0 turns=5 tokens=16434
[5/50] running test2_t5 ...
  ok correct=None queries=2 test_input_queries=0 turns=4 tokens=7885
[6/50] running test2_t6 ...
  ok correct=None queries=4 test_input_queries=0 turns=12 tokens=48422
[7/50] running test2_t7 ...
  ok correct=None queries=2 test_input_queries=0 turns=7 tokens=17869
[8/50] running test2_t8 ...
  ok correct=None queries=2 test_input_queries=0 turns=4 tokens=7077
[9/50] running test2_t9 ...
  ok correct=None queries=1 test_input_queries=0 turns=4 tokens=6850
[10/50] running test2_t10 ...
  ok correct=None queries=0 test_input_queries=0 turns=2 tokens=2698
[11/50] running test2_t11 ...
  ok correct=None queries=2 test_input_queries=0 turns=4 tokens=11810
[12/50] running test2_t12 ...
  ok correct=None queries=4 test_input_queries=0 turns=6 tokens=17894
[13/50] running test2_t13 ...
  ok correct=None queries=1 test_input_queries=0 turns=3 tokens=7886
[14/50] running test2_t14 ...
  ok correct=None queries=4 test_input_queries=0 turns=6 tokens=11944
[15/50] running test2_t15 ...
  ok correct=None queries=2 test_input_queries=0 turns=4 tokens=9974
[16/50] running test2_t16 ...
  ok correct=None queries=3 test_input_queries=0 turns=6 tokens=18572
[17/50] running test2_t17 ...
  ok correct=None queries=2 test_input_queries=0 turns=6 tokens=28362
[18/50] running test2_t18 ...
  ok correct=None queries=2 test_input_queries=0 turns=8 tokens=32928
[19/50] running test2_t19 ...
  ok correct=None queries=4 test_input_queries=0 turns=9 tokens=40198
[20/50] running test2_t20 ...
  ok correct=None queries=7 test_input_queries=0 turns=9 tokens=36995
[21/50] running test2_t21 ...
  ok correct=None queries=1 test_input_queries=0 turns=4 tokens=7819
[22/50] running test2_t22 ...
  ok correct=None queries=3 test_input_queries=0 turns=8 tokens=33104
[23/50] running test2_t23 ...
  ok correct=None queries=3 test_input_queries=0 turns=5 tokens=15158
[24/50] running test2_t24 ...
  ok correct=None queries=3 test_input_queries=0 turns=5 tokens=17337
[25/50] running test2_t25 ...
  ok correct=None queries=2 test_input_queries=0 turns=5 tokens=15459
[26/50] running test2_t26 ...
  ok correct=None queries=1 test_input_queries=0 turns=3 tokens=6931
[27/50] running test2_t27 ...
  ok correct=None queries=0 test_input_queries=0 turns=2 tokens=15241
[28/50] running test2_t28 ...
  ok correct=None queries=5 test_input_queries=0 turns=11 tokens=42046
[29/50] running test2_t29 ...
  ok correct=None queries=1 test_input_queries=0 turns=4 tokens=11627
[30/50] running test2_t30 ...
  ok correct=None queries=4 test_input_queries=0 turns=7 tokens=18304
[31/50] running test2_t31 ...
  ok correct=None queries=2 test_input_queries=0 turns=4 tokens=12530
[32/50] running test2_t32 ...
  ok correct=None queries=0 test_input_queries=0 turns=2 tokens=3878
[33/50] running test2_t33 ...
  ok correct=None queries=4 test_input_queries=0 turns=14 tokens=44258
[34/50] running test2_t34 ...
  ok correct=None queries=2 test_input_queries=0 turns=6 tokens=14541
[35/50] running test2_t35 ...
  ok correct=None queries=1 test_input_queries=0 turns=3 tokens=6569
[36/50] running test2_t36 ...
  ok correct=None queries=0 test_input_queries=0 turns=4 tokens=17604
[37/50] running test2_t37 ...
  ok correct=None queries=1 test_input_queries=0 turns=4 tokens=12549
[38/50] running test2_t38 ...
  ok correct=None queries=3 test_input_queries=0 turns=5 tokens=9346
[39/50] running test2_t39 ...
  ok correct=None queries=0 test_input_queries=0 turns=2 tokens=9767
[40/50] running test2_t40 ...
  ok correct=None queries=2 test_input_queries=0 turns=4 tokens=19620
[41/50] running test2_t41 ...
  ok correct=None queries=3 test_input_queries=0 turns=6 tokens=18481
[42/50] running test2_t42 ...
  ok correct=None queries=1 test_input_queries=0 turns=4 tokens=10343
[43/50] running test2_t43 ...
  ok correct=None queries=2 test_input_queries=0 turns=4 tokens=16271
[44/50] running test2_t44 ...
  ok correct=None queries=2 test_input_queries=0 turns=4 tokens=8867
[45/50] running test2_t45 ...
  ok correct=None queries=4 test_input_queries=0 turns=7 tokens=17641
[46/50] running test2_t46 ...
  ok correct=None queries=3 test_input_queries=0 turns=8 tokens=21910
[47/50] running test2_t47 ...
  ok correct=None queries=0 test_input_queries=0 turns=2 tokens=1982
[48/50] running test2_t48 ...
  ok correct=None queries=1 test_input_queries=0 turns=5 tokens=19825
[49/50] running test2_t49 ...
  ok correct=None queries=2 test_input_queries=0 turns=5 tokens=15587
[50/50] running test2_t50 ...
  ok correct=None queries=0 test_input_queries=0 turns=2 tokens=5237
{
  "finished_at": "2026-09-11T09:29:51.126436+00:00",
  "elapsed_s": 1858.252,
  "n_tasks": 50,
  "n_ok": 50,
  "n_error": 0,
  "n_skipped": 0,
  "n_correct": 0,
  "n_sampler_exhausted": 0,
  "total_usage": {
    "input_tokens": 765857,
    "cached_input_tokens": 419729,
    "output_tokens": 67544,
    "reasoning_tokens": 23434,
    "total_tokens": 833401
  }
}
