[1/249] running 00d62c1b (narrow=keymoon) ...
  ok correct=True queries=0 turns=2
[2/249] running 017c7c7b (narrow=keymoon) ...
  ok correct=True queries=1 turns=3
[3/249] running 025d127b (narrow=neurips) ...
  ok correct=True queries=1 turns=3
[4/249] running 045e512c (narrow=google) ...
  ok correct=True queries=0 turns=2
[5/249] running 0520fde7 (narrow=google) ...
  ok correct=True queries=1 turns=3
[6/249] running 05269061 (narrow=neurips) ...
  ok correct=True queries=0 turns=2
[7/249] running 06df4c85 (narrow=keymoon) ...
  ok correct=True queries=0 turns=2
[8/249] running 08ed6ac7 (narrow=neurips) ...
  ok correct=True queries=0 turns=2
[9/249] running 09629e4f (narrow=keymoon) ...
  ok correct=True queries=1 turns=3
[10/249] running 0962bcdd (narrow=neurips) ...
  ok correct=True queries=0 turns=2
[11/249] running 0a938d79 (narrow=neurips) ...
  ok correct=True queries=1 turns=3
[12/249] running 0b148d64 (narrow=neurips) ...
  ok correct=True queries=1 turns=3
[13/249] running 0ca9ddb6 (narrow=keymoon) ...
  ok correct=True queries=3 turns=5
[14/249] running 0d3d703e (narrow=neurips) ...
  ok correct=True queries=1 turns=3
[15/249] running 10fcaaa3 (narrow=keymoon) ...
  ok correct=True queries=2 turns=4
[16/249] running 1190e5a7 (narrow=google) ...
  ok correct=True queries=0 turns=2
[17/249] running 178fcbfb (narrow=google) ...
  ok correct=True queries=1 turns=3
[18/249] running 1a07d186 (narrow=neurips) ...
  ok correct=True queries=0 turns=2
[19/249] running 1b2d62fb (narrow=google) ...
  ok correct=True queries=0 turns=2
[20/249] running 1bfc4729 (narrow=neurips) ...
  ok correct=True queries=2 turns=4
[21/249] running 1caeab9d (narrow=google) ...
  ok correct=True queries=1 turns=3
[22/249] running 1e32b0e9 (narrow=neurips) ...
  ok correct=True queries=0 turns=2
[23/249] running 1f642eb9 (narrow=neurips) ...
  ok correct=True queries=0 turns=2
[24/249] running 1f876c06 (narrow=neurips) ...
  ok correct=True queries=0 turns=2
[25/249] running 1fad071e (narrow=neurips) ...
  ok correct=False queries=1 turns=3
[26/249] running 2204b7a8 (narrow=neurips) ...
  ok correct=True queries=0 turns=2
[27/249] running 22168020 (narrow=neurips) ...
  ok correct=True queries=0 turns=2
[28/249] running 22233c11 (narrow=google) ...
  ok correct=False queries=1 turns=3
[29/249] running 2281f1f4 (narrow=neurips) ...
  ok correct=True queries=0 turns=2
[30/249] running 22eb0ac0 (narrow=keymoon) ...
  ok correct=True queries=0 turns=2
[31/249] running 23581191 (narrow=neurips) ...
  ok correct=False queries=0 turns=2
[32/249] running 239be575 (narrow=google) ...
  ok correct=False queries=4 turns=8
[33/249] running 253bf280 (narrow=neurips) ...
  ok correct=True queries=2 turns=4
[34/249] running 25d487eb (narrow=google) ...
  ok correct=True queries=0 turns=2
[35/249] running 25d8a9c8 (narrow=neurips) ...
  ok correct=True queries=0 turns=2
[36/249] running 272f95fa (narrow=neurips) ...
  ok correct=True queries=0 turns=2
[37/249] running 27a28665 (narrow=neurips) ...
  ok correct=True queries=8 turns=12
[38/249] running 29623171 (narrow=neurips) ...
  ok correct=True queries=1 turns=3
[39/249] running 2bcee788 (narrow=neurips) ...
  ok correct=True queries=1 turns=3
[40/249] running 2bee17df (narrow=keymoon) ...
  ok correct=True queries=2 turns=4
[41/249] running 2c608aff (narrow=neurips) ...
  ok correct=True queries=0 turns=2
[42/249] running 2dc579da (narrow=neurips) ...
  ok correct=False queries=3 turns=7
[43/249] running 2dee498d (narrow=neurips) ...
  ok correct=True queries=1 turns=3
[44/249] running 31aa019c (narrow=neurips) ...
  ok correct=True queries=1 turns=3
[45/249] running 321b1fc6 (narrow=neurips) ...
  ok correct=True queries=0 turns=2
[46/249] running 3428a4f5 (narrow=keymoon) ...
  ok correct=True queries=0 turns=2
[47/249] running 3618c87e (narrow=neurips) ...
  ok correct=True queries=2 turns=4
[48/249] running 3631a71a (narrow=keymoon) ...
  ok correct=True queries=0 turns=2
[49/249] running 363442ee (narrow=neurips) ...
  ok correct=True queries=0 turns=2
[50/249] running 36fdfd69 (narrow=google) ...
  ok correct=True queries=0 turns=2
[51/249] running 3aa6fb7a (narrow=keymoon) ...
  ok correct=True queries=0 turns=2
[52/249] running 3ac3eb23 (narrow=neurips) ...
  ok correct=True queries=1 turns=4
[53/249] running 3bd67248 (narrow=neurips) ...
  ok correct=False queries=1 turns=4
[54/249] running 3bdb4ada (narrow=neurips) ...
  ok correct=True queries=0 turns=2
[55/249] running 3befdf3e (narrow=neurips) ...
  ok correct=True queries=1 turns=3
[56/249] running 3de23699 (narrow=google) ...
  ok correct=True queries=0 turns=2
[57/249] running 3e980e27 (narrow=neurips) ...
  ok correct=False queries=1 turns=3
[58/249] running 3eda0437 (narrow=google) ...
  ok correct=False queries=1 turns=3
[59/249] running 40853293 (narrow=neurips) ...
  ok correct=True queries=0 turns=2
[60/249] running 41e4d17e (narrow=google) ...
  ok correct=True queries=0 turns=2
[61/249] running 4258a5f9 (narrow=keymoon) ...
  ok correct=True queries=0 turns=2
[62/249] running 42a50994 (narrow=google) ...
  ok correct=True queries=0 turns=2
[63/249] running 4347f46a (narrow=neurips) ...
  ok correct=True queries=0 turns=2
[64/249] running 444801d8 (narrow=neurips) ...
  ok correct=True queries=1 turns=3
[65/249] running 445eab21 (narrow=neurips) ...
  ok correct=True queries=1 turns=3
[66/249] running 44d8ac46 (narrow=google) ...
  ok correct=True queries=4 turns=6
[67/249] running 4522001f (narrow=neurips) ...
  ok correct=False queries=5 turns=9
[68/249] running 469497ad (narrow=keymoon) ...
  ok correct=True queries=2 turns=5
[69/249] running 46f33fce (narrow=keymoon) ...
  ok correct=True queries=1 turns=3
[70/249] running 47c1f68c (narrow=neurips) ...
  ok correct=True queries=1 turns=3
[71/249] running 48d8fb45 (narrow=neurips) ...
  ok correct=True queries=0 turns=2
[72/249] running 496994bd (narrow=neurips) ...
  ok correct=True queries=0 turns=2
[73/249] running 5117e062 (narrow=neurips) ...
  ok correct=True queries=1 turns=3
[74/249] running 5168d44c (narrow=neurips) ...
  ok correct=False queries=1 turns=3
[75/249] running 539a4f51 (narrow=keymoon) ...
  ok correct=False queries=1 turns=3
[76/249] running 543a7ed5 (narrow=keymoon) ...
  ok correct=True queries=0 turns=2
[77/249] running 54d9e175 (narrow=neurips) ...
  ok correct=True queries=1 turns=3
[78/249] running 5582e5ca (narrow=neurips) ...
  ok correct=True queries=1 turns=3
[79/249] running 5614dbcf (narrow=keymoon) ...
  ok correct=True queries=0 turns=2
[80/249] running 56ff96f3 (narrow=google) ...
  ok correct=True queries=0 turns=2
[81/249] running 57aa92db (narrow=neurips) ...
  ok correct=True queries=0 turns=2
[82/249] running 5bd6f4ac (narrow=neurips) ...
  ok correct=True queries=2 turns=4
[83/249] running 5c0a986e (narrow=neurips) ...
  ok correct=True queries=1 turns=3
[84/249] running 5c2c9af4 (narrow=neurips) ...
  ok correct=True queries=0 turns=2
[85/249] running 60b61512 (narrow=neurips) ...
  ok correct=True queries=0 turns=2
[86/249] running 623ea044 (narrow=google) ...
  ok correct=True queries=0 turns=2
[87/249] running 63613498 (narrow=neurips) ...
  ok correct=False queries=0 turns=2
[88/249] running 6430c8c4 (narrow=google) ...
  ok correct=True queries=0 turns=2
[89/249] running 6455b5f5 (narrow=keymoon) ...
  ok correct=True queries=1 turns=3
[90/249] running 67385a82 (narrow=google) ...
  ok correct=True queries=1 turns=3
[91/249] running 673ef223 (narrow=neurips) ...
  ok correct=False queries=1 turns=5
[92/249] running 6773b310 (narrow=neurips) ...
  ok correct=False queries=1 turns=3
[93/249] running 67a423a3 (narrow=google) ...
  ok correct=True queries=0 turns=2
[94/249] running 67e8384a (narrow=keymoon) ...
  ok correct=True queries=0 turns=2
[95/249] running 694f12f3 (narrow=google) ...
  ok correct=True queries=2 turns=4
[96/249] running 6b9890af (narrow=google) ...
  ok correct=True queries=0 turns=2
[97/249] running 6c434453 (narrow=neurips) ...
  ok correct=True queries=2 turns=4
[98/249] running 6cdd2623 (narrow=google) ...
  ok correct=True queries=0 turns=2
[99/249] running 6d58a25d (narrow=google) ...
  ok correct=True queries=0 turns=2
[100/249] running 6d75e8bb (narrow=keymoon) ...
  ok correct=True queries=0 turns=2
[101/249] running 6e02f1e3 (narrow=neurips) ...
  ok correct=False queries=4 turns=6
[102/249] running 6e82a1ae (narrow=neurips) ...
  ok correct=True queries=1 turns=3
[103/249] running 72ca375d (narrow=neurips) ...
  ok correct=True queries=1 turns=3
[104/249] running 73251a56 (narrow=keymoon) ...
  ok correct=True queries=0 turns=2
[105/249] running 7447852a (narrow=keymoon) ...
  ok correct=True queries=4 turns=6
[106/249] running 746b3537 (narrow=neurips) ...
  ok correct=True queries=2 turns=4
[107/249] running 75b8110e (narrow=neurips) ...
  ok correct=True queries=1 turns=4
[108/249] running 760b3cac (narrow=neurips) ...
  ok correct=True queries=2 turns=4
[109/249] running 776ffc46 (narrow=keymoon) ...
  ok correct=False queries=0 turns=2
[110/249] running 77fdfe62 (narrow=keymoon) ...
  ok correct=True queries=0 turns=2
[111/249] running 780d0b14 (narrow=neurips) ...
  ok correct=True queries=0 turns=2
[112/249] running 7837ac64 (narrow=google) ...
  ok correct=True queries=0 turns=2
[113/249] running 794b24be (narrow=neurips) ...
  ok correct=False queries=10 turns=12
[114/249] running 7b6016b9 (narrow=keymoon) ...
  ok correct=True queries=0 turns=2
[115/249] running 7c008303 (narrow=keymoon) ...
  ok correct=True queries=0 turns=2
[116/249] running 7df24a62 (narrow=google) ...
  ok correct=False queries=0 turns=2
[117/249] running 80af3007 (narrow=neurips) ...
  ok correct=True queries=0 turns=2
[118/249] running 810b9b61 (narrow=keymoon) ...
  ok correct=True queries=1 turns=3
[119/249] running 82819916 (narrow=neurips) ...
  ok correct=False queries=0 turns=2
[120/249] running 83302e8f (narrow=google) ...
  ok correct=True queries=0 turns=2
[121/249] running 834ec97d (narrow=keymoon) ...
  ok correct=True queries=2 turns=4
[122/249] running 8403a5d5 (narrow=neurips) ...
  ok correct=True queries=2 turns=4
[123/249] running 846bdb03 (narrow=neurips) ...
  ok correct=True queries=0 turns=2
[124/249] running 855e0971 (narrow=neurips) ...
  ok correct=True queries=0 turns=2
[125/249] running 868de0fa (narrow=neurips) ...
  ok correct=True queries=1 turns=3
[126/249] running 88a10436 (narrow=neurips) ...
  ok correct=True queries=1 turns=3
[127/249] running 88a62173 (narrow=neurips) ...
  ok correct=True queries=2 turns=4
[128/249] running 890034e9 (narrow=google) ...
  ok correct=True queries=0 turns=2
[129/249] running 8d5021e8 (narrow=neurips) ...
  ok correct=True queries=1 turns=3
[130/249] running 8d510a79 (narrow=neurips) ...
  ok correct=True queries=0 turns=2
[131/249] running 8e1813be (narrow=keymoon) ...
  ok correct=True queries=1 turns=3
[132/249] running 8e5a5113 (narrow=neurips) ...
  ok correct=True queries=0 turns=2
[133/249] running 8eb1be9a (narrow=google) ...
  ok correct=False queries=0 turns=2
[134/249] running 913fb3ed (narrow=keymoon) ...
  ok correct=False queries=0 turns=2
[135/249] running 91413438 (narrow=google) ...
  ok correct=True queries=2 turns=4
[136/249] running 9172f3a0 (narrow=keymoon) ...
  ok correct=True queries=0 turns=2
[137/249] running 928ad970 (narrow=neurips) ...
  ok correct=True queries=0 turns=2
[138/249] running 93b581b8 (narrow=google) ...
  ok correct=True queries=1 turns=3
[139/249] running 941d9a10 (narrow=keymoon) ...
  ok correct=True queries=0 turns=2
[140/249] running 94f9d214 (narrow=google) ...
  ok correct=True queries=0 turns=2
[141/249] running 95990924 (narrow=keymoon) ...
  ok correct=True queries=0 turns=2
[142/249] running 97999447 (narrow=neurips) ...
  ok correct=True queries=0 turns=2
[143/249] running 995c5fa3 (narrow=keymoon) ...
  ok correct=False queries=1 turns=3
[144/249] running 99b1bc43 (narrow=google) ...
  ok correct=True queries=0 turns=2
[145/249] running 99fa7670 (narrow=keymoon) ...
  ok correct=False queries=1 turns=3
[146/249] running 9aec4887 (narrow=neurips) ...
  ok correct=True queries=0 turns=2
[147/249] running 9d9215db (narrow=neurips) ...
  ok correct=True queries=0 turns=2
[148/249] running 9ecd008a (narrow=neurips) ...
  ok correct=True queries=0 turns=2
[149/249] running 9edfc990 (narrow=keymoon) ...
  ok correct=True queries=0 turns=2
[150/249] running 9f236235 (narrow=keymoon) ...
  ok correct=True queries=0 turns=2
[151/249] running a1570a43 (narrow=keymoon) ...
  ok correct=True queries=1 turns=3
[152/249] running a2fd1cf0 (narrow=neurips) ...
  ok correct=True queries=1 turns=3
[153/249] running a3325580 (narrow=neurips) ...
  ok correct=False queries=1 turns=3
[154/249] running a3df8b1e (narrow=keymoon) ...
  ok correct=True queries=0 turns=2
[155/249] running a48eeaf7 (narrow=neurips) ...
  ok correct=True queries=0 turns=2
[156/249] running a5f85a15 (narrow=google) ...
  ok correct=True queries=6 turns=8
[157/249] running a61ba2ce (narrow=keymoon) ...
  ok correct=True queries=0 turns=2
[158/249] running a61f2674 (narrow=neurips) ...
  ok correct=True queries=0 turns=2
[159/249] running a65b410d (narrow=neurips) ...
  ok correct=False queries=1 turns=4
[160/249] running a68b268e (narrow=google) ...
  ok correct=True queries=1 turns=5
[161/249] running a699fb00 (narrow=neurips) ...
  ok correct=True queries=1 turns=3
[162/249] running a78176bb (narrow=neurips) ...
  ok correct=False queries=2 turns=4
[163/249] running a79310a0 (narrow=neurips) ...
  ok correct=True queries=2 turns=4
[164/249] running a85d4709 (narrow=neurips) ...
  ok correct=True queries=1 turns=3
[165/249] running a9f96cdd (narrow=keymoon) ...
  ok correct=True queries=1 turns=3
[166/249] running aabf363d (narrow=neurips) ...
  ok correct=True queries=0 turns=2
[167/249] running aedd82e4 (narrow=google) ...
  ok correct=True queries=1 turns=3
[168/249] running b0c4d837 (narrow=keymoon) ...
  ok correct=False queries=5 turns=7
[169/249] running b1948b0a (narrow=neurips) ...
  ok correct=True queries=1 turns=3
[170/249] running b230c067 (narrow=neurips) ...
  ok correct=True queries=1 turns=3
[171/249] running b27ca6d3 (narrow=neurips) ...
  ok correct=True queries=0 turns=2
[172/249] running b2862040 (narrow=keymoon) ...
  ok correct=False queries=0 turns=2
[173/249] running b527c5c6 (narrow=neurips) ...
  ok correct=False queries=0 turns=2
[174/249] running b60334d2 (narrow=keymoon) ...
  ok correct=True queries=0 turns=2
[175/249] running b6afb2da (narrow=neurips) ...
  ok correct=True queries=0 turns=2
[176/249] running b7249182 (narrow=keymoon) ...
  ok correct=True queries=1 turns=3
[177/249] running b775ac94 (narrow=neurips) ...
  ok correct=True queries=0 turns=2
[178/249] running b8825c91 (narrow=neurips) ...
  ok correct=True queries=0 turns=2
[179/249] running b8cdaf2b (narrow=google) ...
  ok correct=True queries=1 turns=3
[180/249] running b94a9452 (narrow=neurips) ...
  ok correct=True queries=0 turns=2
[181/249] running ba26e723 (narrow=google) ...
  ok correct=False queries=1 turns=3
[182/249] running ba97ae07 (narrow=neurips) ...
  ok correct=True queries=2 turns=4
[183/249] running bc1d5164 (narrow=neurips) ...
  ok correct=False queries=11 turns=14
[184/249] running bda2d7a6 (narrow=neurips) ...
  ok correct=True queries=1 turns=3
[185/249] running bdad9b1f (narrow=neurips) ...
  ok correct=True queries=0 turns=2
[186/249] running be94b721 (narrow=neurips) ...
  ok correct=True queries=1 turns=3
[187/249] running beb8660c (narrow=neurips) ...
  ok correct=False queries=1 turns=6
[188/249] running c0f76784 (narrow=google) ...
  ok correct=True queries=1 turns=3
[189/249] running c1d99e64 (narrow=neurips) ...
  ok correct=True queries=0 turns=2
[190/249] running c8cbb738 (narrow=keymoon) ...
  ok correct=True queries=0 turns=2
[191/249] running c8f0f002 (narrow=neurips) ...
  ok correct=True queries=1 turns=3
[192/249] running c909285e (narrow=neurips) ...
  ok correct=True queries=0 turns=2
[193/249] running caa06a1f (narrow=google) ...
  ok correct=False queries=1 turns=3
[194/249] running cbded52d (narrow=keymoon) ...
  ok correct=True queries=1 turns=3
[195/249] running cce03e0d (narrow=neurips) ...
  ok correct=False queries=0 turns=2
[196/249] running cdecee7f (narrow=keymoon) ...
  ok correct=True queries=1 turns=3
[197/249] running ce22a75a (narrow=neurips) ...
  ok correct=True queries=0 turns=2
[198/249] running ce4f8723 (narrow=keymoon) ...
  ok correct=True queries=0 turns=2
[199/249] running cf98881b (narrow=google) ...
  ok correct=True queries=0 turns=2
[200/249] running d037b0a7 (narrow=neurips) ...
  ok correct=True queries=1 turns=3
[201/249] running d06dbe63 (narrow=google) ...
  ok correct=True queries=1 turns=3
[202/249] running d0f5fe59 (narrow=google) ...
  ok correct=True queries=1 turns=3
[203/249] running d13f3404 (narrow=neurips) ...
  ok correct=True queries=3 turns=5
[204/249] running d22278a0 (narrow=google) ...
  ok correct=True queries=2 turns=4
[205/249] running d2abd087 (narrow=neurips) ...
  ok correct=True queries=1 turns=3
[206/249] running d406998b (narrow=neurips) ...
  ok correct=False queries=1 turns=3
[207/249] running d43fd935 (narrow=google) ...
  ok correct=False queries=1 turns=3
[208/249] running d4469b4b (narrow=neurips) ...
  ok correct=True queries=5 turns=7
[209/249] running d4a91cb9 (narrow=neurips) ...
  ok correct=True queries=1 turns=3
[210/249] running d4f3cd78 (narrow=keymoon) ...
<string>:1: SyntaxWarning: invalid decimal literal
<string>:1: SyntaxWarning: invalid decimal literal
<string>:1: SyntaxWarning: invalid decimal literal
<string>:1: SyntaxWarning: invalid decimal literal
<string>:1: SyntaxWarning: invalid decimal literal
<string>:1: SyntaxWarning: invalid decimal literal
<string>:1: SyntaxWarning: invalid decimal literal
<string>:1: SyntaxWarning: invalid decimal literal
<string>:1: SyntaxWarning: invalid decimal literal
<string>:1: SyntaxWarning: invalid decimal literal
<string>:1: SyntaxWarning: invalid decimal literal
<string>:1: SyntaxWarning: invalid decimal literal
<string>:1: SyntaxWarning: invalid decimal literal
<string>:1: SyntaxWarning: invalid decimal literal
<string>:1: SyntaxWarning: invalid decimal literal
<string>:1: SyntaxWarning: invalid decimal literal
<string>:1: SyntaxWarning: invalid decimal literal
<string>:1: SyntaxWarning: invalid decimal literal
<string>:1: SyntaxWarning: invalid decimal literal
<string>:1: SyntaxWarning: invalid decimal literal
<string>:1: SyntaxWarning: invalid decimal literal
<string>:1: SyntaxWarning: invalid decimal literal
<string>:1: SyntaxWarning: invalid decimal literal
<string>:1: SyntaxWarning: invalid decimal literal
<string>:1: SyntaxWarning: invalid decimal literal
<string>:1: SyntaxWarning: invalid decimal literal
<string>:1: SyntaxWarning: invalid decimal literal
<string>:1: SyntaxWarning: invalid decimal literal
<string>:1: SyntaxWarning: invalid decimal literal
<string>:1: SyntaxWarning: invalid decimal literal
<string>:1: SyntaxWarning: invalid decimal literal
<string>:1: SyntaxWarning: invalid decimal literal
<string>:1: SyntaxWarning: invalid decimal literal
<string>:1: SyntaxWarning: invalid decimal literal
<string>:1: SyntaxWarning: invalid decimal literal
<string>:1: SyntaxWarning: invalid decimal literal
<string>:1: SyntaxWarning: invalid decimal literal
<string>:1: SyntaxWarning: invalid decimal literal
<string>:1: SyntaxWarning: invalid decimal literal
<string>:1: SyntaxWarning: invalid decimal literal
  ok correct=False queries=0 turns=2
[211/249] running d511f180 (narrow=neurips) ...
  ok correct=True queries=1 turns=3
[212/249] running d5d6de2d (narrow=neurips) ...
  ok correct=True queries=0 turns=2
[213/249] running d687bc17 (narrow=neurips) ...
  ok correct=True queries=0 turns=2
[214/249] running d6ad076f (narrow=neurips) ...
  ok correct=True queries=2 turns=4
[215/249] running d8c310e9 (narrow=neurips) ...
  ok correct=True queries=0 turns=2
[216/249] running d90796e8 (narrow=google) ...
  ok correct=True queries=2 turns=4
[217/249] running d9f24cd1 (narrow=neurips) ...
  ok correct=True queries=0 turns=2
[218/249] running dae9d2b5 (narrow=neurips) ...
  ok correct=False queries=1 turns=3
[219/249] running db3e9e38 (narrow=neurips) ...
  ok correct=True queries=1 turns=4
[220/249] running db93a21d (narrow=neurips) ...
  ok correct=False queries=1 turns=3
[221/249] running dbc1a6ce (narrow=neurips) ...
  ok correct=True queries=0 turns=2
[222/249] running dc0a314f (narrow=neurips) ...
  ok correct=True queries=0 turns=2
[223/249] running dc1df850 (narrow=neurips) ...
  ok correct=False queries=3 turns=5
[224/249] running ddf7fa4f (narrow=neurips) ...
  ok correct=True queries=1 turns=3
[225/249] running de1cd16c (narrow=neurips) ...
  ok correct=True queries=0 turns=2
[226/249] running ded97339 (narrow=google) ...
  ok correct=True queries=1 turns=3
[227/249] running e179c5f4 (narrow=neurips) ...
  ok correct=False queries=3 turns=5
[228/249] running e3497940 (narrow=neurips) ...
  ok correct=True queries=1 turns=3
[229/249] running e40b9e2f (narrow=keymoon) ...
  ok correct=True queries=3 turns=5
[230/249] running e48d4e1a (narrow=google) ...
  ok correct=True queries=1 turns=3
[231/249] running e509e548 (narrow=google) ...
  ok correct=False queries=2 turns=4
[232/249] running e50d258f (narrow=google) ...
  ok correct=True queries=1 turns=3
[233/249] running e76a88a6 (narrow=neurips) ...
  ok correct=True queries=0 turns=2
[234/249] running e8593010 (narrow=neurips) ...
  ok correct=True queries=0 turns=2
[235/249] running e8dc4411 (narrow=google) ...
  ok correct=True queries=1 turns=3
[236/249] running e9614598 (narrow=keymoon) ...
  ok correct=True queries=0 turns=2
[237/249] running e98196ab (narrow=neurips) ...
  ok correct=True queries=0 turns=2
[238/249] running ea786f4a (narrow=neurips) ...
  ok correct=False queries=3 turns=5
[239/249] running eb281b96 (narrow=neurips) ...
  ok correct=True queries=2 turns=4
[240/249] running ef135b50 (narrow=neurips) ...
  ok correct=False queries=2 turns=4
[241/249] running f1cefba8 (narrow=neurips) ...
  ok correct=True queries=1 turns=3
[242/249] running f25fbde4 (narrow=neurips) ...
  ok correct=True queries=0 turns=2
[243/249] running f25ffba3 (narrow=neurips) ...
  ok correct=True queries=0 turns=2
[244/249] running f2829549 (narrow=google) ...
  ok correct=True queries=0 turns=2
[245/249] running f35d900a (narrow=neurips) ...
  ok correct=True queries=1 turns=3
[246/249] running f5b8619d (narrow=neurips) ...
  ok correct=False queries=1 turns=3
[247/249] running f8c80d96 (narrow=keymoon) ...
  ok correct=False queries=0 turns=3
[248/249] running fcc82909 (narrow=keymoon) ...
  ok correct=False queries=0 turns=2
[249/249] running feca6190 (narrow=neurips) ...
  ok correct=True queries=2 turns=4

249/249 ok · correct 202 · 73.5 min
