[1/50] ok test2_t1 correct=False tests=1/1
[2/50] ok test2_t2 correct=False tests=1/1
[3/50] ok test2_t3 correct=False tests=0/1
[4/50] ok test2_t4 correct=True tests=2/1
[5/50] ok test2_t5 correct=True tests=2/1
[6/50] ok test2_t6 correct=False tests=0/1
[7/50] ok test2_t7 correct=True tests=2/1
[8/50] ok test2_t8 correct=False tests=0/1
[9/50] ok test2_t9 correct=True tests=2/1
[10/50] ok test2_t10 correct=True tests=2/1
[11/50] ok test2_t11 correct=False tests=0/1
[12/50] ok test2_t12 correct=False tests=0/1
[13/50] ok test2_t13 correct=False tests=0/1
[14/50] ok test2_t14 correct=True tests=2/1
[15/50] ok test2_t15 correct=True tests=2/1
[16/50] ok test2_t16 correct=True tests=2/1
[17/50] ok test2_t17 correct=False tests=0/1
[18/50] ok test2_t18 correct=False tests=0/1
[19/50] ok test2_t19 correct=True tests=2/1
[20/50] ok test2_t20 correct=True tests=2/1
[21/50] ok test2_t21 correct=True tests=2/1
[22/50] ok test2_t22 correct=False tests=1/1
[23/50] skip existing test2_t23
[24/50] ok test2_t24 correct=False tests=0/1
[25/50] ok test2_t25 correct=True tests=2/1
[26/50] ok test2_t26 correct=False tests=1/1
[27/50] ok test2_t27 correct=False tests=1/1
[28/50] ok test2_t28 correct=False tests=1/1
[29/50] ok test2_t29 correct=True tests=2/1
[30/50] ok test2_t30 correct=True tests=2/1
[31/50] ok test2_t31 correct=True tests=2/1
[32/50] ok test2_t32 correct=True tests=2/1
[33/50] ok test2_t33 correct=False tests=0/1
[34/50] ok test2_t34 correct=False tests=1/1
[35/50] ok test2_t35 correct=False tests=0/1
[36/50] ok test2_t36 correct=False tests=0/1
[37/50] ok test2_t37 correct=True tests=2/1
[38/50] ok test2_t38 correct=True tests=2/1
[39/50] ok test2_t39 correct=True tests=2/1
[40/50] ok test2_t40 correct=False tests=1/1
[41/50] ok test2_t41 correct=False tests=0/1
[42/50] ok test2_t42 correct=True tests=2/1
[43/50] ok test2_t43 correct=True tests=2/1
[44/50] ok test2_t44 correct=True tests=2/1
[45/50] ok test2_t45 correct=True tests=2/1
[46/50] ok test2_t46 correct=True tests=2/1
[47/50] ok test2_t47 correct=True tests=2/1
[48/50] ok test2_t48 correct=False tests=1/1
[49/50] ok test2_t49 correct=True tests=2/1
[50/50] ok test2_t50 correct=True tests=2/1
{
  "finished_at": "2026-09-19T08:24:45.659140+00:00",
  "elapsed_s": 7876.369,
  "n_tasks": 50,
  "n_ok": 49,
  "n_error": 0,
  "n_skipped": 1,
  "n_correct": 27,
  "accuracy": 0.54,
  "total_usage": {
    "input_tokens": 2440464,
    "cached_input_tokens": 1087104,
    "output_tokens": 2463239,
    "reasoning_tokens": 2422860,
    "total_tokens": 4903703
  }
}
