[1/160] ok abovebelow/abovebelow1 correct=True tests=4/3
[2/160] ok abovebelow/abovebelow2 correct=False tests=0/3
[3/160] ok abovebelow/abovebelow3 correct=True tests=4/3
[4/160] ok abovebelow/abovebelow4 correct=True tests=3/2
[5/160] ok abovebelow/abovebelow5 correct=True tests=3/2
[6/160] ok abovebelow/abovebelow6 correct=True tests=3/2
[7/160] ok abovebelow/abovebelow7 correct=True tests=3/2
[8/160] ok abovebelow/abovebelow8 correct=True tests=4/3
[9/160] ok abovebelow/abovebelow9 correct=True tests=3/2
[10/160] ok abovebelow/abovebelow10 correct=True tests=3/2
[11/160] ok center/center1 correct=False tests=2/2
[12/160] ok center/center2 correct=True tests=4/3
[13/160] ok center/center3 correct=True tests=4/3
[14/160] ok center/center4 correct=True tests=4/3
[15/160] ok center/center5 correct=True tests=4/3
[16/160] ok center/center6 correct=True tests=4/3
[17/160] ok center/center7 correct=True tests=4/3
[18/160] ok center/center8 correct=True tests=3/2
[19/160] ok center/center9 correct=True tests=4/3
[20/160] ok center/center10 correct=True tests=4/3
[21/160] ok cleanup/cleanup1 correct=True tests=3/2
[22/160] ok cleanup/cleanup2 correct=True tests=4/3
[23/160] ok cleanup/cleanup3 correct=False tests=2/2
[24/160] ok cleanup/cleanup4 correct=True tests=4/3
[25/160] ok cleanup/cleanup5 correct=False tests=1/2
[26/160] ok cleanup/cleanup6 correct=True tests=3/2
[27/160] ok cleanup/cleanup7 correct=False tests=2/3
[28/160] ok cleanup/cleanup8 correct=True tests=3/2
[29/160] ok cleanup/cleanup9 correct=False tests=2/2
[30/160] ok cleanup/cleanup10 correct=False tests=2/2
[31/160] ok completeshape/completeshape1 correct=True tests=3/2
[32/160] ok completeshape/completeshape2 correct=True tests=4/3
[33/160] ok completeshape/completeshape3 correct=True tests=3/2
[34/160] ok completeshape/completeshape4 correct=True tests=3/2
[35/160] ok completeshape/completeshape5 correct=True tests=3/2
[36/160] ok completeshape/completeshape6 correct=True tests=3/2
[37/160] ok completeshape/completeshape7 correct=True tests=3/2
[38/160] ok completeshape/completeshape8 correct=False tests=2/2
[39/160] ok completeshape/completeshape9 correct=True tests=3/2
[40/160] ok completeshape/completeshape10 correct=False tests=2/2
[41/160] ok copy/copy1 correct=True tests=4/3
[42/160] ok copy/copy2 correct=True tests=3/2
[43/160] ok copy/copy3 correct=True tests=3/2
[44/160] ok copy/copy4 correct=False tests=2/2
[45/160] ok copy/copy5 correct=True tests=4/3
[46/160] ok copy/copy6 correct=True tests=3/2
[47/160] ok copy/copy7 correct=False tests=2/2
[48/160] ok copy/copy8 correct=True tests=3/2
[49/160] ok copy/copy9 correct=True tests=4/3
[50/160] ok copy/copy10 correct=True tests=3/2
[51/160] ok count/count1 correct=True tests=4/3
[52/160] ok count/count2 correct=True tests=4/3
[53/160] ok count/count3 correct=True tests=4/3
[54/160] ok count/count4 correct=True tests=4/3
[55/160] ok count/count5 correct=True tests=4/3
[56/160] ok count/count6 correct=True tests=3/2
[57/160] ok count/count7 correct=True tests=3/2
[58/160] ok count/count8 correct=True tests=3/2
[59/160] ok count/count9 correct=True tests=4/3
[60/160] ok count/count10 correct=True tests=4/3
[61/160] ok extendtoboundary/extendtoboundary1 correct=True tests=3/2
[62/160] ok extendtoboundary/extendtoboundary2 correct=True tests=4/3
[63/160] ok extendtoboundary/extendtoboundary3 correct=False tests=3/3
[64/160] ok extendtoboundary/extendtoboundary4 correct=True tests=4/3
[65/160] ok extendtoboundary/extendtoboundary5 correct=True tests=4/3
[66/160] ok extendtoboundary/extendtoboundary6 correct=True tests=4/3
[67/160] ok extendtoboundary/extendtoboundary7 correct=True tests=3/2
[68/160] ok extendtoboundary/extendtoboundary8 correct=True tests=3/2
[69/160] ok extendtoboundary/extendtoboundary9 correct=False tests=3/3
[70/160] ok extendtoboundary/extendtoboundary10 correct=True tests=3/2
[71/160] ok extract/extract1 correct=False tests=3/3
[72/160] ok extract/extract2 correct=True tests=4/3
[73/160] ok extract/extract3 correct=False tests=2/2
[74/160] ok extract/extract4 correct=True tests=4/3
[75/160] ok extract/extract5 correct=True tests=3/2
[76/160] ok extract/extract6 correct=True tests=3/2
[77/160] ok extract/extract7 correct=False tests=2/2
[78/160] ok extract/extract8 correct=True tests=3/2
[79/160] ok extract/extract9 correct=True tests=3/2
[80/160] ok extract/extract10 correct=True tests=3/2
[81/160] ok fillednotfilled/fillednotfilled1 correct=False tests=3/3
[82/160] ok fillednotfilled/fillednotfilled2 correct=True tests=4/3
[83/160] ok fillednotfilled/fillednotfilled3 correct=True tests=4/3
[84/160] ok fillednotfilled/fillednotfilled4 correct=True tests=4/3
[85/160] ok fillednotfilled/fillednotfilled5 correct=True tests=3/2
[86/160] ok fillednotfilled/fillednotfilled6 correct=True tests=2/1
[87/160] ok fillednotfilled/fillednotfilled7 correct=True tests=4/3
[88/160] ok fillednotfilled/fillednotfilled8 correct=True tests=3/2
[89/160] ok fillednotfilled/fillednotfilled9 correct=True tests=4/3
[90/160] ok fillednotfilled/fillednotfilled10 correct=True tests=4/3
[91/160] ok horizontalvertical/horizontalvertical1 correct=True tests=3/2
[92/160] ok horizontalvertical/horizontalvertical2 correct=True tests=3/2
[93/160] ok horizontalvertical/horizontalvertical3 correct=True tests=4/3
[94/160] ok horizontalvertical/horizontalvertical4 correct=True tests=3/2
[95/160] ok horizontalvertical/horizontalvertical5 correct=False tests=3/3
[96/160] ok horizontalvertical/horizontalvertical6 correct=True tests=4/3
[97/160] ok horizontalvertical/horizontalvertical7 correct=True tests=4/3
[98/160] ok horizontalvertical/horizontalvertical8 correct=True tests=4/3
[99/160] ok horizontalvertical/horizontalvertical9 correct=True tests=3/2
[100/160] ok horizontalvertical/horizontalvertical10 correct=True tests=3/2
[101/160] ok insideoutside/insideoutside1 correct=True tests=4/3
[102/160] ok insideoutside/insideoutside2 correct=True tests=4/3
[103/160] ok insideoutside/insideoutside3 correct=True tests=4/3
[104/160] ok insideoutside/insideoutside4 correct=True tests=4/3
[105/160] ok insideoutside/insideoutside5 correct=True tests=4/3
[106/160] ok insideoutside/insideoutside6 correct=False tests=2/2
[107/160] ok insideoutside/insideoutside7 correct=True tests=4/3
[108/160] ok insideoutside/insideoutside8 correct=True tests=3/2
[109/160] ok insideoutside/insideoutside9 correct=False tests=2/2
[110/160] ok insideoutside/insideoutside10 correct=True tests=3/2
[111/160] ok movetoboundary/movetoboundary1 correct=True tests=4/3
[112/160] ok movetoboundary/movetoboundary2 correct=True tests=4/3
[113/160] ok movetoboundary/movetoboundary3 correct=True tests=3/2
[114/160] ok movetoboundary/movetoboundary4 correct=True tests=3/2
[115/160] ok movetoboundary/movetoboundary5 correct=True tests=3/2
[116/160] ok movetoboundary/movetoboundary6 correct=True tests=4/3
[117/160] ok movetoboundary/movetoboundary7 correct=True tests=3/2
[118/160] ok movetoboundary/movetoboundary8 correct=True tests=3/2
[119/160] ok movetoboundary/movetoboundary9 correct=True tests=3/2
[120/160] ok movetoboundary/movetoboundary10 correct=True tests=3/2
[121/160] ok order/order1 correct=True tests=3/2
[122/160] ok order/order2 correct=True tests=3/2
[123/160] ok order/order3 correct=True tests=3/2
[124/160] ok order/order4 correct=False tests=2/2
[125/160] ok order/order5 correct=True tests=3/2
[126/160] ok order/order6 correct=True tests=3/2
[127/160] ok order/order7 correct=True tests=4/3
[128/160] ok order/order8 correct=True tests=3/2
[129/160] ok order/order9 correct=True tests=3/2
[130/160] ok order/order10 correct=True tests=3/2
[131/160] ok samedifferent/samedifferent1 correct=True tests=4/3
[132/160] ok samedifferent/samedifferent2 correct=True tests=4/3
[133/160] ok samedifferent/samedifferent3 correct=True tests=4/3
[134/160] ok samedifferent/samedifferent4 correct=True tests=3/2
[135/160] ok samedifferent/samedifferent5 correct=True tests=4/3
[136/160] ok samedifferent/samedifferent6 correct=False tests=3/3
[137/160] ok samedifferent/samedifferent7 correct=True tests=4/3
[138/160] ok samedifferent/samedifferent8 correct=True tests=4/3
[139/160] ok samedifferent/samedifferent9 correct=False tests=3/3
[140/160] ok samedifferent/samedifferent10 correct=True tests=4/3
[141/160] ok topbottom2d/topbottom2d1 correct=True tests=4/3
[142/160] ok topbottom2d/topbottom2d2 correct=True tests=4/3
[143/160] ok topbottom2d/topbottom2d3 correct=True tests=4/3
[144/160] ok topbottom2d/topbottom2d4 correct=True tests=4/3
[145/160] ok topbottom2d/topbottom2d5 correct=True tests=4/3
[146/160] ok topbottom2d/topbottom2d6 correct=True tests=4/3
[147/160] ok topbottom2d/topbottom2d7 correct=True tests=4/3
[148/160] ok topbottom2d/topbottom2d8 correct=True tests=4/3
[149/160] ok topbottom2d/topbottom2d9 correct=False tests=1/3
[150/160] ok topbottom2d/topbottom2d10 correct=True tests=3/2
[151/160] ok topbottom3d/topbottom3d1 correct=True tests=4/3
[152/160] ok topbottom3d/topbottom3d2 correct=True tests=4/3
[153/160] ok topbottom3d/topbottom3d3 correct=False tests=2/3
[154/160] ok topbottom3d/topbottom3d4 correct=True tests=4/3
[155/160] ok topbottom3d/topbottom3d5 correct=True tests=4/3
[156/160] ok topbottom3d/topbottom3d6 correct=True tests=4/3
[157/160] ok topbottom3d/topbottom3d7 correct=True tests=4/3
[158/160] ok topbottom3d/topbottom3d8 correct=True tests=4/3
[159/160] ok topbottom3d/topbottom3d9 correct=True tests=4/3
[160/160] ok topbottom3d/topbottom3d10 correct=True tests=3/2
{
  "finished_at": "2026-09-19T06:13:28.900700+00:00",
  "elapsed_s": 7506.846,
  "n_tasks": 160,
  "n_ok": 160,
  "n_error": 0,
  "n_skipped": 0,
  "n_correct": 135,
  "accuracy": 0.84375,
  "total_usage": {
    "input_tokens": 3633206,
    "cached_input_tokens": 2301952,
    "output_tokens": 1980473,
    "reasoning_tokens": 1819102,
    "total_tokens": 5613679
  }
}
