[1/160] skip existing abovebelow/abovebelow1
[2/160] skip existing abovebelow/abovebelow2
[3/160] skip existing abovebelow/abovebelow3
[4/160] skip existing abovebelow/abovebelow4
[5/160] skip existing abovebelow/abovebelow5
[6/160] skip existing abovebelow/abovebelow6
[7/160] skip existing abovebelow/abovebelow7
[8/160] skip existing abovebelow/abovebelow8
[9/160] skip existing abovebelow/abovebelow9
[10/160] skip existing abovebelow/abovebelow10
[11/160] skip existing center/center1
[12/160] skip existing center/center2
[13/160] skip existing center/center3
[14/160] skip existing center/center4
[15/160] skip existing center/center5
[16/160] skip existing center/center6
[17/160] skip existing center/center7
[18/160] skip existing center/center8
[19/160] skip existing center/center9
[20/160] skip existing center/center10
[21/160] skip existing cleanup/cleanup1
[22/160] skip existing cleanup/cleanup2
[23/160] skip existing cleanup/cleanup3
[24/160] skip existing cleanup/cleanup4
[25/160] skip existing cleanup/cleanup5
[26/160] skip existing cleanup/cleanup6
[27/160] skip existing cleanup/cleanup7
[28/160] skip existing cleanup/cleanup8
[29/160] skip existing cleanup/cleanup9
[30/160] skip existing cleanup/cleanup10
[31/160] skip existing completeshape/completeshape1
[32/160] skip existing completeshape/completeshape2
[33/160] skip existing completeshape/completeshape3
[34/160] skip existing completeshape/completeshape4
[35/160] skip existing completeshape/completeshape5
[36/160] skip existing completeshape/completeshape6
[37/160] skip existing completeshape/completeshape7
[38/160] skip existing completeshape/completeshape8
[39/160] skip existing completeshape/completeshape9
[40/160] skip existing completeshape/completeshape10
[41/160] skip existing copy/copy1
[42/160] skip existing copy/copy2
[43/160] skip existing copy/copy3
[44/160] skip existing copy/copy4
[45/160] skip existing copy/copy5
[46/160] skip existing copy/copy6
[47/160] skip existing copy/copy7
[48/160] skip existing copy/copy8
[49/160] skip existing copy/copy9
[50/160] skip existing copy/copy10
[51/160] skip existing count/count1
[52/160] skip existing count/count2
[53/160] skip existing count/count3
[54/160] skip existing count/count4
[55/160] skip existing count/count5
[56/160] skip existing count/count6
[57/160] skip existing count/count7
[58/160] skip existing count/count8
[59/160] skip existing count/count9
[60/160] skip existing count/count10
[61/160] skip existing extendtoboundary/extendtoboundary1
[62/160] skip existing extendtoboundary/extendtoboundary2
[63/160] skip existing extendtoboundary/extendtoboundary3
[64/160] skip existing extendtoboundary/extendtoboundary4
[65/160] skip existing extendtoboundary/extendtoboundary5
[66/160] skip existing extendtoboundary/extendtoboundary6
[67/160] skip existing extendtoboundary/extendtoboundary7
[68/160] skip existing extendtoboundary/extendtoboundary8
[69/160] skip existing extendtoboundary/extendtoboundary9
[70/160] skip existing extendtoboundary/extendtoboundary10
[71/160] skip existing extract/extract1
[72/160] skip existing extract/extract2
[73/160] skip existing extract/extract3
[74/160] skip existing extract/extract4
[75/160] skip existing extract/extract5
[76/160] skip existing extract/extract6
[77/160] skip existing extract/extract7
[78/160] skip existing extract/extract8
[79/160] skip existing extract/extract9
[80/160] skip existing extract/extract10
[81/160] skip existing fillednotfilled/fillednotfilled1
[82/160] skip existing fillednotfilled/fillednotfilled2
[83/160] skip existing fillednotfilled/fillednotfilled3
[84/160] skip existing fillednotfilled/fillednotfilled4
[85/160] skip existing fillednotfilled/fillednotfilled5
[86/160] skip existing fillednotfilled/fillednotfilled6
[87/160] skip existing fillednotfilled/fillednotfilled7
[88/160] skip existing fillednotfilled/fillednotfilled8
[89/160] skip existing fillednotfilled/fillednotfilled9
[90/160] skip existing fillednotfilled/fillednotfilled10
[91/160] skip existing horizontalvertical/horizontalvertical1
[92/160] skip existing horizontalvertical/horizontalvertical2
[93/160] skip existing horizontalvertical/horizontalvertical3
[94/160] skip existing horizontalvertical/horizontalvertical4
[95/160] skip existing horizontalvertical/horizontalvertical5
[96/160] skip existing horizontalvertical/horizontalvertical6
[97/160] skip existing horizontalvertical/horizontalvertical7
[98/160] skip existing horizontalvertical/horizontalvertical8
[99/160] skip existing horizontalvertical/horizontalvertical9
[100/160] skip existing horizontalvertical/horizontalvertical10
[101/160] skip existing insideoutside/insideoutside1
[102/160] skip existing insideoutside/insideoutside2
[103/160] skip existing insideoutside/insideoutside3
[104/160] skip existing insideoutside/insideoutside4
[105/160] skip existing insideoutside/insideoutside5
[106/160] skip existing insideoutside/insideoutside6
[107/160] skip existing insideoutside/insideoutside7
[108/160] skip existing insideoutside/insideoutside8
[109/160] skip existing insideoutside/insideoutside9
[110/160] skip existing insideoutside/insideoutside10
[111/160] skip existing movetoboundary/movetoboundary1
[112/160] skip existing movetoboundary/movetoboundary2
[113/160] skip existing movetoboundary/movetoboundary3
[114/160] skip existing movetoboundary/movetoboundary4
[115/160] skip existing movetoboundary/movetoboundary5
[116/160] skip existing movetoboundary/movetoboundary6
[117/160] skip existing movetoboundary/movetoboundary7
[118/160] skip existing movetoboundary/movetoboundary8
[119/160] skip existing movetoboundary/movetoboundary9
[120/160] skip existing movetoboundary/movetoboundary10
[121/160] skip existing order/order1
[122/160] skip existing order/order2
[123/160] skip existing order/order3
[124/160] skip existing order/order4
[125/160] skip existing order/order5
[126/160] skip existing order/order6
[127/160] skip existing order/order7
[128/160] skip existing order/order8
[129/160] skip existing order/order9
[130/160] skip existing order/order10
[131/160] skip existing samedifferent/samedifferent1
[132/160] skip existing samedifferent/samedifferent2
[133/160] skip existing samedifferent/samedifferent3
[134/160] skip existing samedifferent/samedifferent4
[135/160] skip existing samedifferent/samedifferent5
[136/160] skip existing samedifferent/samedifferent6
[137/160] skip existing samedifferent/samedifferent7
[138/160] skip existing samedifferent/samedifferent8
[139/160] skip existing samedifferent/samedifferent9
[140/160] skip existing samedifferent/samedifferent10
[141/160] skip existing topbottom2d/topbottom2d1
[142/160] skip existing topbottom2d/topbottom2d2
[143/160] skip existing topbottom2d/topbottom2d3
[144/160] skip existing topbottom2d/topbottom2d4
[145/160] skip existing topbottom2d/topbottom2d5
[146/160] skip existing topbottom2d/topbottom2d6
[147/160] skip existing topbottom2d/topbottom2d7
[148/160] skip existing topbottom2d/topbottom2d8
[149/160] skip existing topbottom2d/topbottom2d9
[150/160] skip existing topbottom2d/topbottom2d10
[151/160] skip existing topbottom3d/topbottom3d1
[152/160] skip existing topbottom3d/topbottom3d2
[153/160] skip existing topbottom3d/topbottom3d3
[154/160] skip existing topbottom3d/topbottom3d4
[155/160] skip existing topbottom3d/topbottom3d5
[156/160] skip existing topbottom3d/topbottom3d6
[157/160] skip existing topbottom3d/topbottom3d7
[158/160] skip existing topbottom3d/topbottom3d8
[159/160] skip existing topbottom3d/topbottom3d9
[160/160] skip existing topbottom3d/topbottom3d10
{
  "finished_at": "2026-09-19T00:54:18.811890+00:00",
  "elapsed_s": 0.042,
  "n_tasks": 160,
  "n_ok": 0,
  "n_error": 0,
  "n_skipped": 160,
  "n_correct": 71,
  "accuracy": 0.44375,
  "total_usage": {
    "input_tokens": 2599949,
    "cached_input_tokens": 186143,
    "output_tokens": 412285,
    "reasoning_tokens": 273116,
    "total_tokens": 3012234
  }
}
