[1/160] skip existing abovebelow/abovebelow1
[2/160] skip existing abovebelow/abovebelow2
[3/160] skip existing abovebelow/abovebelow3
[4/160] skip existing abovebelow/abovebelow4
[5/160] skip existing abovebelow/abovebelow5
[6/160] skip existing abovebelow/abovebelow6
[7/160] skip existing abovebelow/abovebelow7
[8/160] skip existing abovebelow/abovebelow8
[9/160] skip existing abovebelow/abovebelow9
[10/160] skip existing abovebelow/abovebelow10
[11/160] skip existing center/center1
[12/160] skip existing center/center2
[13/160] skip existing center/center3
[14/160] skip existing center/center4
[15/160] skip existing center/center5
[16/160] skip existing center/center6
[17/160] skip existing center/center7
[18/160] skip existing center/center8
[19/160] skip existing center/center9
[20/160] skip existing center/center10
[21/160] skip existing cleanup/cleanup1
[22/160] skip existing cleanup/cleanup2
[23/160] skip existing cleanup/cleanup3
[24/160] skip existing cleanup/cleanup4
[25/160] skip existing cleanup/cleanup5
[26/160] skip existing cleanup/cleanup6
[27/160] skip existing cleanup/cleanup7
[28/160] skip existing cleanup/cleanup8
[29/160] skip existing cleanup/cleanup9
[30/160] skip existing cleanup/cleanup10
[31/160] skip existing completeshape/completeshape1
[32/160] skip existing completeshape/completeshape2
[33/160] skip existing completeshape/completeshape3
[34/160] skip existing completeshape/completeshape4
[35/160] skip existing completeshape/completeshape5
[36/160] skip existing completeshape/completeshape6
[37/160] skip existing completeshape/completeshape7
[38/160] skip existing completeshape/completeshape8
[39/160] skip existing completeshape/completeshape9
[40/160] skip existing completeshape/completeshape10
[41/160] skip existing copy/copy1
[42/160] skip existing copy/copy2
[43/160] skip existing copy/copy3
[44/160] skip existing copy/copy4
[45/160] skip existing copy/copy5
[46/160] skip existing copy/copy6
[47/160] skip existing copy/copy7
[48/160] skip existing copy/copy8
[49/160] skip existing copy/copy9
[50/160] skip existing copy/copy10
[51/160] skip existing count/count1
[52/160] skip existing count/count2
[53/160] skip existing count/count3
[54/160] skip existing count/count4
[55/160] skip existing count/count5
[56/160] skip existing count/count6
[57/160] skip existing count/count7
[58/160] skip existing count/count8
[59/160] skip existing count/count9
[60/160] skip existing count/count10
[61/160] skip existing extendtoboundary/extendtoboundary1
[62/160] skip existing extendtoboundary/extendtoboundary2
[63/160] skip existing extendtoboundary/extendtoboundary3
[64/160] skip existing extendtoboundary/extendtoboundary4
[65/160] skip existing extendtoboundary/extendtoboundary5
[66/160] skip existing extendtoboundary/extendtoboundary6
[67/160] skip existing extendtoboundary/extendtoboundary7
[68/160] skip existing extendtoboundary/extendtoboundary8
[69/160] skip existing extendtoboundary/extendtoboundary9
[70/160] skip existing extendtoboundary/extendtoboundary10
[71/160] skip existing extract/extract1
[72/160] skip existing extract/extract2
[73/160] skip existing extract/extract3
[74/160] skip existing extract/extract4
[75/160] skip existing extract/extract5
[76/160] skip existing extract/extract6
[77/160] skip existing extract/extract7
[78/160] skip existing extract/extract8
[79/160] skip existing extract/extract9
[80/160] skip existing extract/extract10
[81/160] skip existing fillednotfilled/fillednotfilled1
[82/160] skip existing fillednotfilled/fillednotfilled2
[83/160] skip existing fillednotfilled/fillednotfilled3
[84/160] skip existing fillednotfilled/fillednotfilled4
[85/160] skip existing fillednotfilled/fillednotfilled5
[86/160] skip existing fillednotfilled/fillednotfilled6
[87/160] skip existing fillednotfilled/fillednotfilled7
[88/160] skip existing fillednotfilled/fillednotfilled8
[89/160] skip existing fillednotfilled/fillednotfilled9
[90/160] skip existing fillednotfilled/fillednotfilled10
[91/160] skip existing horizontalvertical/horizontalvertical1
[92/160] skip existing horizontalvertical/horizontalvertical2
[93/160] skip existing horizontalvertical/horizontalvertical3
[94/160] skip existing horizontalvertical/horizontalvertical4
[95/160] skip existing horizontalvertical/horizontalvertical5
[96/160] skip existing horizontalvertical/horizontalvertical6
[97/160] skip existing horizontalvertical/horizontalvertical7
[98/160] skip existing horizontalvertical/horizontalvertical8
[99/160] skip existing horizontalvertical/horizontalvertical9
[100/160] skip existing horizontalvertical/horizontalvertical10
[101/160] skip existing insideoutside/insideoutside1
[102/160] skip existing insideoutside/insideoutside2
[103/160] skip existing insideoutside/insideoutside3
[104/160] skip existing insideoutside/insideoutside4
[105/160] skip existing insideoutside/insideoutside5
[106/160] skip existing insideoutside/insideoutside6
[107/160] skip existing insideoutside/insideoutside7
[108/160] skip existing insideoutside/insideoutside8
[109/160] skip existing insideoutside/insideoutside9
[110/160] skip existing insideoutside/insideoutside10
[111/160] ok movetoboundary/movetoboundary1 correct=True tests=4/3
[112/160] ok movetoboundary/movetoboundary2 correct=True tests=4/3
[113/160] ok movetoboundary/movetoboundary3 correct=True tests=3/2
[114/160] ok movetoboundary/movetoboundary4 correct=True tests=3/2
[115/160] ok movetoboundary/movetoboundary5 correct=True tests=3/2
[116/160] ok movetoboundary/movetoboundary6 correct=True tests=4/3
[117/160] ok movetoboundary/movetoboundary7 correct=True tests=3/2
[118/160] ok movetoboundary/movetoboundary8 correct=True tests=3/2
[119/160] ok movetoboundary/movetoboundary9 correct=True tests=3/2
[120/160] ok movetoboundary/movetoboundary10 correct=True tests=3/2
[121/160] ok order/order1 correct=True tests=3/2
[122/160] ok order/order2 correct=True tests=3/2
[123/160] ok order/order3 correct=True tests=3/2
[124/160] ok order/order4 correct=True tests=3/2
[125/160] ok order/order5 correct=True tests=3/2
[126/160] ok order/order6 correct=True tests=3/2
[127/160] ok order/order7 correct=True tests=4/3
[128/160] ok order/order8 correct=True tests=3/2
[129/160] ok order/order9 correct=True tests=3/2
[130/160] ok order/order10 correct=True tests=3/2
[131/160] ok samedifferent/samedifferent1 correct=True tests=4/3
[132/160] ok samedifferent/samedifferent2 correct=True tests=4/3
[133/160] ok samedifferent/samedifferent3 correct=True tests=4/3
[134/160] ok samedifferent/samedifferent4 correct=True tests=3/2
[135/160] ok samedifferent/samedifferent5 correct=True tests=4/3
[136/160] ok samedifferent/samedifferent6 correct=True tests=4/3
[137/160] ok samedifferent/samedifferent7 correct=True tests=4/3
[138/160] ok samedifferent/samedifferent8 correct=False tests=3/3
[139/160] ok samedifferent/samedifferent9 correct=False tests=0/3
[140/160] ok samedifferent/samedifferent10 correct=True tests=4/3
[141/160] ok topbottom2d/topbottom2d1 correct=False tests=2/3
[142/160] ok topbottom2d/topbottom2d2 correct=True tests=4/3
[143/160] ok topbottom2d/topbottom2d3 correct=True tests=4/3
[144/160] ok topbottom2d/topbottom2d4 correct=True tests=4/3
[145/160] ok topbottom2d/topbottom2d5 correct=True tests=4/3
[146/160] ok topbottom2d/topbottom2d6 correct=True tests=4/3
[147/160] ok topbottom2d/topbottom2d7 correct=True tests=4/3
[148/160] ok topbottom2d/topbottom2d8 correct=True tests=4/3
[149/160] ok topbottom2d/topbottom2d9 correct=True tests=4/3
[150/160] ok topbottom2d/topbottom2d10 correct=True tests=3/2
[151/160] ok topbottom3d/topbottom3d1 correct=True tests=4/3
[152/160] ok topbottom3d/topbottom3d2 correct=True tests=4/3
[153/160] ok topbottom3d/topbottom3d3 correct=True tests=4/3
[154/160] ok topbottom3d/topbottom3d4 correct=True tests=4/3
[155/160] ok topbottom3d/topbottom3d5 correct=True tests=4/3
[156/160] ok topbottom3d/topbottom3d6 correct=True tests=4/3
[157/160] ok topbottom3d/topbottom3d7 correct=True tests=4/3
[158/160] ok topbottom3d/topbottom3d8 correct=True tests=4/3
[159/160] ok topbottom3d/topbottom3d9 correct=True tests=4/3
[160/160] ok topbottom3d/topbottom3d10 correct=True tests=3/2
{
  "finished_at": "2026-09-19T01:17:46.651357+00:00",
  "elapsed_s": 854.896,
  "n_tasks": 160,
  "n_ok": 50,
  "n_error": 0,
  "n_skipped": 110,
  "n_correct": 154,
  "accuracy": 0.9625,
  "total_usage": {
    "input_tokens": 2189916,
    "cached_input_tokens": 0,
    "output_tokens": 139455,
    "reasoning_tokens": 11802,
    "total_tokens": 2329371
  }
}
