[1/50] skip existing test2_t1
[2/50] skip existing test2_t2
[3/50] skip existing test2_t3
[4/50] skip existing test2_t4
[5/50] skip existing test2_t5
[6/50] skip existing test2_t6
[7/50] skip existing test2_t7
[8/50] skip existing test2_t8
[9/50] skip existing test2_t9
[10/50] skip existing test2_t10
[11/50] skip existing test2_t11
[12/50] skip existing test2_t12
[13/50] skip existing test2_t13
[14/50] skip existing test2_t14
[15/50] skip existing test2_t15
[16/50] skip existing test2_t16
[17/50] skip existing test2_t17
[18/50] skip existing test2_t18
[19/50] skip existing test2_t19
[20/50] skip existing test2_t20
[21/50] skip existing test2_t21
[22/50] skip existing test2_t22
[23/50] skip existing test2_t23
[24/50] skip existing test2_t24
[25/50] skip existing test2_t25
[26/50] skip existing test2_t26
[27/50] skip existing test2_t27
[28/50] skip existing test2_t28
[29/50] skip existing test2_t29
[30/50] skip existing test2_t30
[31/50] skip existing test2_t31
[32/50] skip existing test2_t32
[33/50] skip existing test2_t33
[34/50] skip existing test2_t34
[35/50] skip existing test2_t35
[36/50] skip existing test2_t36
[37/50] skip existing test2_t37
[38/50] skip existing test2_t38
[39/50] skip existing test2_t39
[40/50] skip existing test2_t40
[41/50] skip existing test2_t41
[42/50] skip existing test2_t42
[43/50] skip existing test2_t43
[44/50] skip existing test2_t44
[45/50] skip existing test2_t45
[46/50] skip existing test2_t46
[47/50] skip existing test2_t47
[48/50] skip existing test2_t48
[49/50] skip existing test2_t49
[50/50] skip existing test2_t50
{
  "finished_at": "2026-09-18T23:58:27.222774+00:00",
  "elapsed_s": 0.012,
  "n_tasks": 50,
  "n_ok": 0,
  "n_error": 0,
  "n_skipped": 50,
  "n_correct": 0,
  "accuracy": 0.0,
  "total_usage": {
    "input_tokens": 600119,
    "cached_input_tokens": 33832,
    "output_tokens": 187999,
    "reasoning_tokens": 152133,
    "total_tokens": 788118
  }
}
