[1/160] skip existing abovebelow/abovebelow1
[2/160] skip existing abovebelow/abovebelow2
[3/160] skip existing abovebelow/abovebelow3
[4/160] skip existing abovebelow/abovebelow4
[5/160] skip existing abovebelow/abovebelow5
[6/160] skip existing abovebelow/abovebelow6
[7/160] skip existing abovebelow/abovebelow7
[8/160] skip existing abovebelow/abovebelow8
[9/160] skip existing abovebelow/abovebelow9
[10/160] skip existing abovebelow/abovebelow10
[11/160] skip existing center/center1
[12/160] skip existing center/center2
[13/160] skip existing center/center3
[14/160] skip existing center/center4
[15/160] skip existing center/center5
[16/160] skip existing center/center6
[17/160] skip existing center/center7
[18/160] skip existing center/center8
[19/160] skip existing center/center9
[20/160] skip existing center/center10
[21/160] skip existing cleanup/cleanup1
[22/160] skip existing cleanup/cleanup2
[23/160] skip existing cleanup/cleanup3
[24/160] skip existing cleanup/cleanup4
[25/160] skip existing cleanup/cleanup5
[26/160] skip existing cleanup/cleanup6
[27/160] skip existing cleanup/cleanup7
[28/160] skip existing cleanup/cleanup8
[29/160] skip existing cleanup/cleanup9
[30/160] skip existing cleanup/cleanup10
[31/160] skip existing completeshape/completeshape1
[32/160] skip existing completeshape/completeshape2
[33/160] skip existing completeshape/completeshape3
[34/160] skip existing completeshape/completeshape4
[35/160] skip existing completeshape/completeshape5
[36/160] skip existing completeshape/completeshape6
[37/160] skip existing completeshape/completeshape7
[38/160] skip existing completeshape/completeshape8
[39/160] skip existing completeshape/completeshape9
[40/160] skip existing completeshape/completeshape10
[41/160] skip existing copy/copy1
[42/160] skip existing copy/copy2
[43/160] skip existing copy/copy3
[44/160] skip existing copy/copy4
[45/160] skip existing copy/copy5
[46/160] skip existing copy/copy6
[47/160] skip existing copy/copy7
[48/160] skip existing copy/copy8
[49/160] skip existing copy/copy9
[50/160] skip existing copy/copy10
[51/160] skip existing count/count1
[52/160] skip existing count/count2
[53/160] skip existing count/count3
[54/160] skip existing count/count4
[55/160] skip existing count/count5
[56/160] skip existing count/count6
[57/160] skip existing count/count7
[58/160] skip existing count/count8
[59/160] skip existing count/count9
[60/160] skip existing count/count10
[61/160] skip existing extendtoboundary/extendtoboundary1
[62/160] skip existing extendtoboundary/extendtoboundary2
[63/160] skip existing extendtoboundary/extendtoboundary3
[64/160] skip existing extendtoboundary/extendtoboundary4
[65/160] skip existing extendtoboundary/extendtoboundary5
[66/160] ok extendtoboundary/extendtoboundary6 correct=False tests=3/3
[67/160] ok extendtoboundary/extendtoboundary7 correct=True tests=3/2
[68/160] skip existing extendtoboundary/extendtoboundary8
[69/160] skip existing extendtoboundary/extendtoboundary9
[70/160] ok extendtoboundary/extendtoboundary10 correct=True tests=3/2
[71/160] ok extract/extract1 correct=True tests=4/3
[72/160] ok extract/extract2 correct=True tests=4/3
[73/160] ok extract/extract3 correct=True tests=3/2
[74/160] ok extract/extract4 correct=True tests=4/3
[75/160] ok extract/extract5 correct=True tests=3/2
[76/160] ok extract/extract6 correct=False tests=2/2
[77/160] ok extract/extract7 correct=True tests=3/2
[78/160] ok extract/extract8 correct=True tests=3/2
[79/160] ok extract/extract9 correct=True tests=3/2
[80/160] ok extract/extract10 correct=True tests=3/2
[81/160] ok fillednotfilled/fillednotfilled1 correct=True tests=4/3
[82/160] ok fillednotfilled/fillednotfilled2 correct=True tests=4/3
[83/160] ok fillednotfilled/fillednotfilled3 correct=True tests=4/3
[84/160] ok fillednotfilled/fillednotfilled4 correct=True tests=4/3
[85/160] ok fillednotfilled/fillednotfilled5 correct=True tests=3/2
[86/160] ok fillednotfilled/fillednotfilled6 correct=True tests=2/1
[87/160] skip existing fillednotfilled/fillednotfilled7
[88/160] ok fillednotfilled/fillednotfilled8 correct=True tests=3/2
[89/160] ok fillednotfilled/fillednotfilled9 correct=True tests=4/3
[90/160] skip existing fillednotfilled/fillednotfilled10
[91/160] skip existing horizontalvertical/horizontalvertical1
[92/160] skip existing horizontalvertical/horizontalvertical2
[93/160] skip existing horizontalvertical/horizontalvertical3
[94/160] skip existing horizontalvertical/horizontalvertical4
[95/160] ok horizontalvertical/horizontalvertical5 correct=False tests=3/3
[96/160] ok horizontalvertical/horizontalvertical6 correct=False tests=3/3
[97/160] skip existing horizontalvertical/horizontalvertical7
[98/160] skip existing horizontalvertical/horizontalvertical8
[99/160] ok horizontalvertical/horizontalvertical9 correct=False tests=0/2
[100/160] skip existing horizontalvertical/horizontalvertical10
[101/160] skip existing insideoutside/insideoutside1
[102/160] ok insideoutside/insideoutside2 correct=False tests=3/3
[103/160] ok insideoutside/insideoutside3 correct=True tests=4/3
[104/160] ok insideoutside/insideoutside4 correct=True tests=4/3
[105/160] ok insideoutside/insideoutside5 correct=True tests=4/3
[106/160] ok insideoutside/insideoutside6 correct=True tests=3/2
[107/160] skip existing insideoutside/insideoutside7
[108/160] ok insideoutside/insideoutside8 correct=True tests=3/2
[109/160] ok insideoutside/insideoutside9 correct=True tests=3/2
[110/160] ok insideoutside/insideoutside10 correct=False tests=1/2
[111/160] skip existing movetoboundary/movetoboundary1
[112/160] skip existing movetoboundary/movetoboundary2
[113/160] skip existing movetoboundary/movetoboundary3
[114/160] skip existing movetoboundary/movetoboundary4
[115/160] skip existing movetoboundary/movetoboundary5
[116/160] skip existing movetoboundary/movetoboundary6
[117/160] skip existing movetoboundary/movetoboundary7
[118/160] skip existing movetoboundary/movetoboundary8
[119/160] skip existing movetoboundary/movetoboundary9
[120/160] skip existing movetoboundary/movetoboundary10
[121/160] skip existing order/order1
[122/160] skip existing order/order2
[123/160] skip existing order/order3
[124/160] skip existing order/order4
[125/160] skip existing order/order5
[126/160] skip existing order/order6
[127/160] skip existing order/order7
[128/160] skip existing order/order8
[129/160] skip existing order/order9
[130/160] skip existing order/order10
[131/160] skip existing samedifferent/samedifferent1
[132/160] ok samedifferent/samedifferent2 correct=True tests=4/3
[133/160] ok samedifferent/samedifferent3 correct=False tests=3/3
[134/160] ok samedifferent/samedifferent4 correct=True tests=3/2
[135/160] ok samedifferent/samedifferent5 correct=True tests=4/3
[136/160] ok samedifferent/samedifferent6 correct=True tests=4/3
[137/160] ok samedifferent/samedifferent7 correct=True tests=4/3
[138/160] ok samedifferent/samedifferent8 correct=False tests=2/3
[139/160] skip existing samedifferent/samedifferent9
[140/160] skip existing samedifferent/samedifferent10
[141/160] ok topbottom2d/topbottom2d1 correct=True tests=4/3
[142/160] ok topbottom2d/topbottom2d2 correct=False tests=1/3
[143/160] ok topbottom2d/topbottom2d3 correct=True tests=4/3
[144/160] ok topbottom2d/topbottom2d4 correct=True tests=4/3
[145/160] ok topbottom2d/topbottom2d5 correct=True tests=4/3
[146/160] ok topbottom2d/topbottom2d6 correct=True tests=4/3
[147/160] ok topbottom2d/topbottom2d7 correct=True tests=4/3
[148/160] ok topbottom2d/topbottom2d8 correct=True tests=4/3
[149/160] ok topbottom2d/topbottom2d9 correct=False tests=3/3
[150/160] ok topbottom2d/topbottom2d10 correct=True tests=3/2
[151/160] ok topbottom3d/topbottom3d1 correct=True tests=4/3
[152/160] ok topbottom3d/topbottom3d2 correct=True tests=4/3
[153/160] ok topbottom3d/topbottom3d3 correct=True tests=4/3
[154/160] ok topbottom3d/topbottom3d4 correct=False tests=1/3
[155/160] ok topbottom3d/topbottom3d5 correct=False tests=3/3
[156/160] skip existing topbottom3d/topbottom3d6
[157/160] skip existing topbottom3d/topbottom3d7
[158/160] skip existing topbottom3d/topbottom3d8
[159/160] skip existing topbottom3d/topbottom3d9
[160/160] skip existing topbottom3d/topbottom3d10
{
  "finished_at": "2026-09-19T00:54:18.334067+00:00",
  "elapsed_s": 3350.736,
  "n_tasks": 160,
  "n_ok": 54,
  "n_error": 0,
  "n_skipped": 106,
  "n_correct": 124,
  "accuracy": 0.775,
  "total_usage": {
    "input_tokens": 3231432,
    "cached_input_tokens": 0,
    "output_tokens": 2144744,
    "reasoning_tokens": 1928953,
    "total_tokens": 5376176
  }
}
rect=True tests=4/3
[147/160] ok topbottom2d/topbottom2d7 correct=True tests=4/3
[148/160] ok topbottom2d/topbottom2d8 correct=True tests=4/3
[149/160] ok topbottom2d/topbottom2d9 correct=False tests=3/3
[150/160] ok topbottom2d/topbottom2d10 correct=True tests=3/2
[151/160] skip existing topbottom3d/topbottom3d1
[152/160] skip existing topbottom3d/topbottom3d2
[153/160] ok topbottom3d/topbottom3d3 correct=True tests=4/3
[154/160] skip existing topbottom3d/topbottom3d4
[155/160] ok topbottom3d/topbottom3d5 correct=False tests=3/3
[156/160] ok topbottom3d/topbottom3d6 correct=True tests=4/3
[157/160] ok topbottom3d/topbottom3d7 correct=True tests=4/3
[158/160] ok topbottom3d/topbottom3d8 correct=True tests=4/3
[159/160] ok topbottom3d/topbottom3d9 correct=True tests=4/3
[160/160] ok topbottom3d/topbottom3d10 correct=False tests=2/2
{
  "finished_at": "2026-09-19T00:49:03.477581+00:00",
  "elapsed_s": 5333.489,
  "n_tasks": 160,
  "n_ok": 153,
  "n_error": 0,
  "n_skipped": 7,
  "n_correct": 127,
  "accuracy": 0.79375,
  "total_usage": {
    "input_tokens": 2781047,
    "cached_input_tokens": 0,
    "output_tokens": 1785353,
    "reasoning_tokens": 1589712,
    "total_tokens": 4566400
  }
}
