2026-09-02 11:52:48,143 INFO GitMonsters candidates: 341
2026-09-02 11:52:48,315 INFO ArunSehrawat candidates (V2 only): 102
2026-09-02 11:52:48,650 INFO CT Pang align: 538 programs × 1000 tasks (initial_window=8 max_window=64)
2026-09-02 11:55:53,271 INFO GitMonsters candidates: 341
2026-09-02 11:55:53,392 INFO ArunSehrawat candidates (V2 only): 102
2026-09-02 11:55:53,748 INFO CT Pang align: 538 programs × 1000 tasks (initial_window=8 max_window=64)
2026-09-02 11:55:53,891 INFO CT Pang progress program=0/538 mapped=0 cursor_task=0 cache=0
2026-09-02 11:56:04,040 INFO CT Pang progress program=25/538 mapped=21 cursor_task=43 cache=424
2026-09-02 11:56:04,102 INFO CT Pang progress program=50/538 mapped=46 cursor_task=97 cache=624
2026-09-02 11:56:06,506 INFO CT Pang progress program=75/538 mapped=69 cursor_task=136 cache=936
2026-09-02 11:56:06,562 INFO CT Pang progress program=100/538 mapped=94 cursor_task=186 cache=1136
2026-09-02 11:56:06,721 INFO CT Pang progress program=125/538 mapped=115 cursor_task=228 cache=1560
2026-09-02 11:56:06,880 INFO CT Pang progress program=150/538 mapped=135 cursor_task=273 cache=2040
2026-09-02 11:56:13,839 INFO CT Pang progress program=175/538 mapped=156 cursor_task=311 cache=2464
2026-09-02 11:56:13,965 INFO CT Pang progress program=200/538 mapped=180 cursor_task=357 cache=2720
2026-09-02 11:56:14,012 INFO CT Pang progress program=225/538 mapped=204 cursor_task=399 cache=2976
2026-09-02 11:56:14,094 INFO CT Pang progress program=250/538 mapped=226 cursor_task=443 cache=3344
2026-09-02 11:56:22,204 INFO CT Pang progress program=275/538 mapped=251 cursor_task=500 cache=3544
2026-09-02 11:56:28,511 INFO CT Pang progress program=300/538 mapped=273 cursor_task=546 cache=3912
2026-09-02 11:56:28,643 INFO CT Pang progress program=325/538 mapped=296 cursor_task=593 cache=4224
2026-09-02 11:56:28,730 INFO CT Pang progress program=350/538 mapped=319 cursor_task=639 cache=4536
2026-09-02 11:56:33,996 INFO CT Pang progress program=375/538 mapped=342 cursor_task=682 cache=4848
2026-09-02 11:56:34,064 INFO CT Pang progress program=400/538 mapped=367 cursor_task=739 cache=5048
2026-09-02 11:56:34,146 INFO CT Pang progress program=425/538 mapped=391 cursor_task=787 cache=5304
2026-09-02 11:56:34,192 INFO CT Pang progress program=450/538 mapped=415 cursor_task=824 cache=5560
2026-09-02 11:56:36,297 INFO CT Pang progress program=475/538 mapped=439 cursor_task=874 cache=5816
2026-09-02 11:56:36,406 INFO CT Pang progress program=500/538 mapped=460 cursor_task=920 cache=6240
2026-09-02 11:56:36,455 INFO CT Pang progress program=525/538 mapped=485 cursor_task=967 cache=6440
2026-09-02 11:56:36,534 INFO CT Pang alignment done: mapped=497 rejected=41 -> /Users/claas/Documents/SFI/ActiveARC/ActiveARC/external/agi2_verifiers/logs/ct_pang_alignment.json
2026-09-02 11:56:36,670 INFO CT Pang V2 candidates: 225 (mapped total 497)
2026-09-02 11:56:36,680 INFO Total candidates written: 668
2026-09-02 11:56:36,681 INFO Collected 668 candidates
2026-09-02 11:56:55,783 INFO Validating 5 candidates (workers=2)
2026-09-02 11:56:56,444 INFO [pass1 1/5] valid task=00576224 cand=ctpang__prog0000__00576224 off=3/3 dyn=250/250 timeouts=0
2026-09-02 11:56:56,448 INFO [pass1 2/5] valid task=00576224 cand=arun__llm_task_solutions__00576224 off=3/3 dyn=250/250 timeouts=0
2026-09-02 11:56:56,463 INFO [pass1 3/5] valid task=00576224 cand=gitmonsters__00576224 off=3/3 dyn=250/250 timeouts=0
2026-09-02 11:56:56,668 INFO [pass1 5/5] valid task=00dbd492 cand=gitmonsters__00dbd492 off=5/5 dyn=250/250 timeouts=0
2026-09-02 11:56:56,690 INFO DONE valid_candidates=4 tasks_covered=2/500 pending_left=0
2026-09-02 11:57:39,173 INFO Validating 668 candidates (workers=8)
2026-09-02 11:57:39,509 INFO [pass1 1/668] valid task=00576224 cand=gitmonsters__00576224 off=3/3 dyn=250/250 timeouts=0
2026-09-02 11:57:39,536 INFO [pass1 2/668] valid task=00576224 cand=arun__llm_task_solutions__00576224 off=3/3 dyn=250/250 timeouts=0
2026-09-02 11:57:39,542 INFO [pass1 3/668] valid task=00576224 cand=ctpang__prog0000__00576224 off=3/3 dyn=250/250 timeouts=0
2026-09-02 11:57:39,597 INFO [pass1 4/668] valid task=0692e18c cand=arun__llm_task_solutions__0692e18c off=4/4 dyn=250/250 timeouts=0
2026-09-02 11:57:39,608 INFO [pass1 5/668] valid task=03560426 cand=gitmonsters__03560426 off=4/4 dyn=250/250 timeouts=0
2026-09-02 11:57:39,650 INFO [pass1 6/668] valid task=0692e18c cand=ctpang__prog0009__0692e18c off=4/4 dyn=250/250 timeouts=0
2026-09-02 11:57:39,666 INFO [pass1 7/668] valid task=03560426 cand=arun__our_task_solutions__03560426 off=4/4 dyn=250/250 timeouts=0
2026-09-02 11:57:39,674 INFO [pass1 8/668] valid task=0692e18c cand=gitmonsters__0692e18c off=4/4 dyn=250/250 timeouts=0
2026-09-02 11:57:39,675 INFO [pass1 9/668] valid task=03560426 cand=ctpang__prog0005__03560426 off=4/4 dyn=250/250 timeouts=0
2026-09-02 11:57:39,811 INFO [pass1 12/668] valid task=0b17323b cand=gitmonsters__0b17323b off=3/3 dyn=250/250 timeouts=0
2026-09-02 11:57:39,814 INFO [pass1 13/668] valid task=00dbd492 cand=gitmonsters__00dbd492 off=5/5 dyn=250/250 timeouts=0
2026-09-02 11:57:39,922 INFO [pass1 14/668] valid task=0bb8deee cand=ctpang__prog0015__0bb8deee off=4/4 dyn=250/250 timeouts=0
2026-09-02 11:57:40,008 INFO [pass1 15/668] valid task=0bb8deee cand=gitmonsters__0bb8deee off=4/4 dyn=250/250 timeouts=0
2026-09-02 11:57:40,052 INFO [pass1 16/668] valid task=0c786b71 cand=arun__llm_task_solutions__0c786b71 off=4/4 dyn=250/250 timeouts=0
2026-09-02 11:57:40,109 INFO [pass1 17/668] valid task=0c786b71 cand=ctpang__prog0017__0c786b71 off=4/4 dyn=250/250 timeouts=0
2026-09-02 11:57:40,111 INFO [pass1 18/668] valid task=05a7bcf2 cand=gitmonsters__05a7bcf2 off=4/4 dyn=250/250 timeouts=0
2026-09-02 11:57:40,176 INFO [pass1 19/668] valid task=0c786b71 cand=gitmonsters__0c786b71 off=4/4 dyn=250/250 timeouts=0
2026-09-02 11:57:40,202 INFO [pass1 20/668] valid task=0c9aba6e cand=gitmonsters__0c9aba6e off=5/5 dyn=250/250 timeouts=0
2026-09-02 11:57:40,344 INFO [pass1 21/668] valid task=0e671a1a cand=gitmonsters__0e671a1a off=5/5 dyn=250/250 timeouts=0
2026-09-02 11:57:40,534 INFO [pass1 22/668] valid task=0f63c0b9 cand=ctpang__prog0021__0f63c0b9 off=5/5 dyn=250/250 timeouts=0
2026-09-02 11:57:40,685 INFO [pass1 23/668] valid task=0f63c0b9 cand=gitmonsters__0f63c0b9 off=5/5 dyn=250/250 timeouts=0
2026-09-02 11:57:41,160 INFO [pass1 25/668] invalid task=103eff5b cand=arun__our_task_solutions__103eff5b off=0/0 dyn=0/0 timeouts=0
2026-09-02 11:57:41,260 INFO [pass1 27/668] valid task=11e1fe23 cand=ctpang__prog0024__11e1fe23 off=3/3 dyn=250/250 timeouts=0
2026-09-02 11:57:41,297 INFO [pass1 28/668] valid task=11e1fe23 cand=gitmonsters__11e1fe23 off=3/3 dyn=250/250 timeouts=0
2026-09-02 11:57:43,341 INFO [pass1 34/668] valid task=070dd51e cand=gitmonsters__070dd51e off=3/3 dyn=250/250 timeouts=0
2026-09-02 11:57:43,354 INFO [pass1 35/668] valid task=070dd51e cand=ctpang__prog0010__070dd51e off=3/3 dyn=250/250 timeouts=0
2026-09-02 11:57:43,436 INFO [pass1 36/668] valid task=137f0df0 cand=ctpang__prog0030__137f0df0 off=4/4 dyn=250/250 timeouts=0
2026-09-02 11:57:43,520 INFO [pass1 38/668] valid task=137f0df0 cand=gitmonsters__137f0df0 off=4/4 dyn=250/250 timeouts=0
2026-09-02 11:57:43,742 INFO [pass1 39/668] valid task=140c817e cand=ctpang__prog0031__140c817e off=4/4 dyn=250/250 timeouts=0
2026-09-02 11:57:43,966 INFO [pass1 40/668] valid task=140c817e cand=gitmonsters__140c817e off=4/4 dyn=250/250 timeouts=0
2026-09-02 11:57:47,354 INFO [pass1 46/668] valid task=15696249 cand=arun__llm_task_solutions__15696249 off=5/5 dyn=250/250 timeouts=0
2026-09-02 11:57:47,380 INFO [pass1 47/668] valid task=15696249 cand=ctpang__prog0033__15696249 off=5/5 dyn=250/250 timeouts=0
2026-09-02 11:57:47,426 INFO [pass1 48/668] valid task=15696249 cand=gitmonsters__15696249 off=5/5 dyn=250/250 timeouts=0
2026-09-02 11:57:47,593 INFO [pass1 49/668] valid task=17b80ad2 cand=arun__our_task_solutions__17b80ad2 off=5/5 dyn=250/250 timeouts=0
2026-09-02 11:57:47,628 INFO [pass1 50/668] valid task=17b80ad2 cand=ctpang__prog0035__17b80ad2 off=5/5 dyn=250/250 timeouts=0
2026-09-02 11:57:47,672 INFO [pass1 51/668] valid task=17cae0c1 cand=gitmonsters__17cae0c1 off=5/5 dyn=250/250 timeouts=0
2026-09-02 11:57:47,810 INFO [pass1 52/668] valid task=17b80ad2 cand=gitmonsters__17b80ad2 off=5/5 dyn=250/250 timeouts=0
2026-09-02 11:57:47,885 INFO [pass1 53/668] valid task=195ba7dc cand=arun__our_task_solutions__195ba7dc off=5/5 dyn=250/250 timeouts=0
2026-09-02 11:57:47,949 INFO [pass1 54/668] valid task=195ba7dc cand=ctpang__prog0037__195ba7dc off=5/5 dyn=250/250 timeouts=0
2026-09-02 11:57:48,013 INFO [pass1 55/668] valid task=195ba7dc cand=gitmonsters__195ba7dc off=5/5 dyn=250/250 timeouts=0
2026-09-02 11:57:48,360 INFO [pass1 56/668] valid task=1990f7a8 cand=ctpang__prog0038__1990f7a8 off=4/4 dyn=250/250 timeouts=0
2026-09-02 11:57:48,726 INFO [pass1 57/668] valid task=1990f7a8 cand=gitmonsters__1990f7a8 off=4/4 dyn=250/250 timeouts=0
2026-09-02 11:58:08,916 INFO [pass1 70/668] valid task=1d398264 cand=ctpang__prog0047__1d398264 off=5/5 dyn=250/250 timeouts=0
2026-09-02 11:58:09,195 INFO [pass1 71/668] valid task=1d398264 cand=gitmonsters__1d398264 off=5/5 dyn=250/250 timeouts=0
2026-09-02 12:01:31,160 INFO [pass1 72/668] valid task=15663ba9 cand=gitmonsters__15663ba9 off=4/4 dyn=250/250 timeouts=0
2026-09-02 12:01:40,827 INFO [pass1 75/668] valid task=2072aba6 cand=arun__our_task_solutions__2072aba6 off=4/4 dyn=250/250 timeouts=0
2026-09-02 12:01:40,862 INFO [pass1 76/668] valid task=2072aba6 cand=ctpang__prog0054__2072aba6 off=4/4 dyn=250/250 timeouts=0
2026-09-02 12:01:40,894 INFO [pass1 77/668] valid task=2072aba6 cand=gitmonsters__2072aba6 off=4/4 dyn=250/250 timeouts=0
2026-09-02 12:01:43,076 INFO [pass1 80/668] valid task=20981f0e cand=arun__our_task_solutions__20981f0e off=4/4 dyn=250/250 timeouts=0
2026-09-02 12:01:43,241 INFO [pass1 81/668] valid task=20981f0e cand=gitmonsters__20981f0e off=4/4 dyn=250/250 timeouts=0
2026-09-02 12:03:03,760 INFO [pass1 82/668] valid task=20fb2937 cand=arun__our_task_solutions__20fb2937 off=3/3 dyn=250/250 timeouts=0
2026-09-02 12:04:24,363 INFO [pass1 83/668] valid task=20fb2937 cand=ctpang__prog0056__20fb2937 off=3/3 dyn=250/250 timeouts=0
2026-09-02 12:04:31,585 INFO [pass1 85/668] valid task=21f83797 cand=ctpang__prog0057__21f83797 off=3/3 dyn=250/250 timeouts=0
2026-09-02 12:04:31,697 INFO [pass1 86/668] valid task=21f83797 cand=gitmonsters__21f83797 off=3/3 dyn=250/250 timeouts=0
2026-09-02 12:09:21,937 INFO Validating 668 candidates (workers=8)
2026-09-02 12:09:23,239 INFO Validation pass1: resume=89 prefiltered_done=37 remaining=542
2026-09-02 12:10:48,052 INFO Validating 668 candidates (workers=8)
2026-09-02 12:10:49,016 INFO Validation pass1: resume=126 prefiltered_done=0 remaining=542
2026-09-02 12:11:15,959 INFO [pass1 1/542] invalid task=25094a63 cand=gitmonsters__25094a63 off=0/0 dyn=0/0 timeouts=0
2026-09-02 12:11:16,890 INFO [pass1 2/542] invalid task=2546ccf6 cand=gitmonsters__2546ccf6 off=0/0 dyn=0/0 timeouts=0
2026-09-02 12:11:25,935 INFO [pass1 3/542] invalid task=256b0a75 cand=gitmonsters__256b0a75 off=0/0 dyn=0/0 timeouts=0
2026-09-02 12:11:26,989 INFO [pass1 4/542] valid task=25e02866 cand=ctpang__prog0073__25e02866 off=3/3 dyn=250/250 timeouts=0
2026-09-02 12:11:27,064 INFO [pass1 5/542] valid task=2601afb7 cand=ctpang__prog0075__2601afb7 off=4/4 dyn=250/250 timeouts=0
2026-09-02 12:11:27,125 INFO [pass1 6/542] valid task=2601afb7 cand=gitmonsters__2601afb7 off=4/4 dyn=250/250 timeouts=0
2026-09-02 12:11:27,242 INFO [pass1 7/542] valid task=2685904e cand=ctpang__prog0076__2685904e off=7/7 dyn=250/250 timeouts=0
2026-09-02 12:11:27,313 INFO [pass1 8/542] valid task=2685904e cand=gitmonsters__2685904e off=7/7 dyn=250/250 timeouts=0
2026-09-02 12:21:13,375 INFO [pass1 10/542] invalid task=230f2e48 cand=ctpang__prog0064__230f2e48 off=4/4 dyn=6/7 timeouts=0
2026-09-02 12:50:16,221 INFO Validating 668 candidates (workers=8)
2026-09-02 12:50:17,102 INFO Validation pass1: resume=136 prefiltered_done=0 remaining=532
2026-09-02 12:50:21,912 INFO [pass1 1/532] valid task=13f06aa5 cand=arun__our_task_solutions__13f06aa5 off=4/4 dyn=250/250 timeouts=0
2026-09-02 12:50:23,390 INFO [pass1 2/532] invalid task=278e5215 cand=arun__our_task_solutions__278e5215 off=0/0 dyn=0/0 timeouts=0
2026-09-02 12:50:24,897 INFO [pass1 3/532] invalid task=278e5215 cand=ctpang__prog0079__278e5215 off=0/0 dyn=0/0 timeouts=0
2026-09-02 12:50:25,252 INFO [pass1 4/532] valid task=27a77e38 cand=arun__our_task_solutions__27a77e38 off=4/4 dyn=250/250 timeouts=0
2026-09-02 12:50:25,446 INFO [pass1 5/532] valid task=27a77e38 cand=ctpang__prog0080__27a77e38 off=4/4 dyn=250/250 timeouts=0
2026-09-02 12:50:25,591 INFO [pass1 6/532] valid task=27a77e38 cand=gitmonsters__27a77e38 off=4/4 dyn=250/250 timeouts=0
2026-09-02 12:50:25,947 INFO [pass1 7/532] valid task=27f8ce4f cand=gitmonsters__27f8ce4f off=5/5 dyn=250/250 timeouts=0
2026-09-02 12:50:26,308 INFO [pass1 8/532] valid task=281123b4 cand=ctpang__prog0081__281123b4 off=7/7 dyn=250/250 timeouts=0
2026-09-02 12:50:26,450 INFO [pass1 9/532] valid task=281123b4 cand=gitmonsters__281123b4 off=7/7 dyn=250/250 timeouts=0
2026-09-02 12:52:17,130 INFO [pass1 10/532] pending_timeout task=1a2e2828 cand=ctpang__prog0041__1a2e2828 off=0/0 dyn=0/0 timeouts=1
2026-09-02 12:52:17,137 INFO [pass1 11/532] pending_timeout task=1c56ad9f cand=gitmonsters__1c56ad9f off=0/0 dyn=0/0 timeouts=1
2026-09-02 12:52:17,138 INFO [pass1 12/532] pending_timeout task=1a2e2828 cand=arun__llm_task_solutions__1a2e2828 off=0/0 dyn=0/0 timeouts=1
2026-09-02 12:52:17,145 INFO [pass1 13/532] pending_timeout task=1a2e2828 cand=gitmonsters__1a2e2828 off=0/0 dyn=0/0 timeouts=1
2026-09-02 12:52:17,150 INFO [pass1 14/532] pending_timeout task=2753e76c cand=ctpang__prog0078__2753e76c off=0/0 dyn=0/0 timeouts=1
2026-09-02 12:52:17,154 INFO [pass1 15/532] pending_timeout task=0d87d2a6 cand=gitmonsters__0d87d2a6 off=0/0 dyn=0/0 timeouts=1
2026-09-02 12:52:17,155 INFO [pass1 16/532] pending_timeout task=2753e76c cand=gitmonsters__2753e76c off=0/0 dyn=0/0 timeouts=1
2026-09-02 12:52:17,570 INFO [pass1 17/532] valid task=29700607 cand=gitmonsters__29700607 off=4/4 dyn=250/250 timeouts=0
2026-09-02 12:52:17,605 INFO [pass1 18/532] valid task=29700607 cand=ctpang__prog0084__29700607 off=4/4 dyn=250/250 timeouts=0
2026-09-02 12:52:18,114 INFO [pass1 20/532] valid task=2c737e39 cand=gitmonsters__2c737e39 off=4/4 dyn=250/250 timeouts=0
2026-09-02 12:52:18,465 INFO [pass1 24/532] valid task=310f3251 cand=gitmonsters__310f3251 off=6/6 dyn=250/250 timeouts=0
2026-09-02 12:52:18,512 INFO [pass1 25/532] valid task=310f3251 cand=ctpang__prog0092__310f3251 off=6/6 dyn=250/250 timeouts=0
2026-09-02 12:52:19,076 INFO [pass1 28/532] valid task=31d5ba1a cand=arun__our_task_solutions__31d5ba1a off=7/7 dyn=250/250 timeouts=0
2026-09-02 12:52:19,113 INFO [pass1 29/532] valid task=31d5ba1a cand=ctpang__prog0095__31d5ba1a off=7/7 dyn=250/250 timeouts=0
2026-09-02 12:52:19,201 INFO [pass1 30/532] valid task=31d5ba1a cand=gitmonsters__31d5ba1a off=7/7 dyn=250/250 timeouts=0
2026-09-02 12:52:19,495 INFO [pass1 32/532] valid task=32e9702f cand=ctpang__prog0097__32e9702f off=4/4 dyn=250/250 timeouts=0
2026-09-02 12:52:19,515 INFO [pass1 33/532] valid task=32e9702f cand=gitmonsters__32e9702f off=4/4 dyn=250/250 timeouts=0
2026-09-02 12:52:19,965 INFO [pass1 34/532] valid task=332efdb3 cand=gitmonsters__332efdb3 off=4/4 dyn=250/250 timeouts=0
2026-09-02 12:52:19,994 INFO [pass1 35/532] valid task=332efdb3 cand=ctpang__prog0099__332efdb3 off=4/4 dyn=250/250 timeouts=0
2026-09-02 12:52:21,303 INFO [pass1 39/532] valid task=34b99a2b cand=arun__llm_task_solutions__34b99a2b off=5/5 dyn=250/250 timeouts=0
2026-09-02 12:52:21,471 INFO [pass1 40/532] invalid task=31adaf00 cand=gitmonsters__31adaf00 off=0/0 dyn=0/0 timeouts=0
2026-09-02 12:52:21,491 INFO [pass1 41/532] valid task=34b99a2b cand=ctpang__prog0105__34b99a2b off=5/5 dyn=250/250 timeouts=0
2026-09-02 12:52:21,608 INFO [pass1 42/532] valid task=34b99a2b cand=gitmonsters__34b99a2b off=5/5 dyn=250/250 timeouts=0
2026-09-02 12:52:22,022 INFO [pass1 43/532] valid task=37ce87bb cand=arun__our_task_solutions__37ce87bb off=4/4 dyn=250/250 timeouts=0
2026-09-02 12:52:22,259 INFO [pass1 44/532] valid task=37ce87bb cand=ctpang__prog0108__37ce87bb off=4/4 dyn=250/250 timeouts=0
2026-09-02 12:52:26,460 INFO [pass1 45/532] pending_timeout task=292dd178 cand=gitmonsters__292dd178 off=0/0 dyn=0/0 timeouts=1
2026-09-02 12:52:26,827 INFO [pass1 46/532] valid task=3979b1a8 cand=ctpang__prog0110__3979b1a8 off=3/3 dyn=250/250 timeouts=0
2026-09-02 12:52:26,976 INFO [pass1 47/532] valid task=3979b1a8 cand=gitmonsters__3979b1a8 off=3/3 dyn=250/250 timeouts=0
2026-09-02 12:52:28,153 INFO [pass1 50/532] invalid task=3a301edc cand=gitmonsters__3a301edc off=0/0 dyn=0/0 timeouts=0
2026-09-02 12:52:29,648 INFO [pass1 54/532] valid task=3d31c5b3 cand=gitmonsters__3d31c5b3 off=7/7 dyn=250/250 timeouts=0
2026-09-02 12:52:31,601 INFO [pass1 58/532] valid task=3f23242b cand=ctpang__prog0125__3f23242b off=3/3 dyn=250/250 timeouts=0
2026-09-02 12:52:31,642 INFO [pass1 59/532] valid task=3f23242b cand=gitmonsters__3f23242b off=3/3 dyn=250/250 timeouts=0
2026-09-02 12:52:35,735 INFO [pass1 60/532] valid task=3d6c6e23 cand=ctpang__prog0122__3d6c6e23 off=4/4 dyn=250/250 timeouts=0
2026-09-02 12:52:38,019 INFO [pass1 62/532] valid task=42a15761 cand=gitmonsters__42a15761 off=4/4 dyn=250/250 timeouts=0
2026-09-02 12:52:40,535 INFO [pass1 65/532] valid task=45737921 cand=ctpang__prog0137__45737921 off=4/4 dyn=250/250 timeouts=0
2026-09-02 12:52:40,775 INFO [pass1 66/532] valid task=45737921 cand=gitmonsters__45737921 off=4/4 dyn=250/250 timeouts=0
2026-09-02 12:52:41,217 INFO [pass1 67/532] valid task=45bbe264 cand=arun__our_task_solutions__45bbe264 off=4/4 dyn=250/250 timeouts=0
2026-09-02 12:52:41,489 INFO [pass1 68/532] valid task=45bbe264 cand=ctpang__prog0138__45bbe264 off=4/4 dyn=250/250 timeouts=0
2026-09-02 12:52:41,703 INFO [pass1 69/532] valid task=45bbe264 cand=gitmonsters__45bbe264 off=4/4 dyn=250/250 timeouts=0
2026-09-02 12:52:43,065 INFO [pass1 70/532] valid task=470c91de cand=arun__our_task_solutions__470c91de off=4/4 dyn=250/250 timeouts=0
2026-09-02 12:52:43,406 INFO [pass1 71/532] valid task=48131b3c cand=ctpang__prog0143__48131b3c off=4/4 dyn=250/250 timeouts=0
2026-09-02 12:52:43,549 INFO [pass1 72/532] valid task=48131b3c cand=gitmonsters__48131b3c off=4/4 dyn=250/250 timeouts=0
2026-09-02 12:52:45,414 INFO [pass1 75/532] valid task=48f8583b cand=ctpang__prog0146__48f8583b off=7/7 dyn=250/250 timeouts=0
2026-09-02 12:52:45,549 INFO [pass1 76/532] valid task=48f8583b cand=gitmonsters__48f8583b off=7/7 dyn=250/250 timeouts=0
2026-09-02 12:53:08,427 INFO [pass1 77/532] valid task=494ef9d7 cand=ctpang__prog0148__494ef9d7 off=5/5 dyn=250/250 timeouts=0
2026-09-02 12:53:08,747 INFO [pass1 78/532] valid task=3490cc26 cand=gitmonsters__3490cc26 off=5/5 dyn=250/250 timeouts=0
2026-09-02 12:53:08,844 INFO [pass1 79/532] valid task=4a1cacc2 cand=arun__our_task_solutions__4a1cacc2 off=5/5 dyn=250/250 timeouts=0
2026-09-02 12:53:08,949 INFO [pass1 80/532] valid task=4a1cacc2 cand=ctpang__prog0151__4a1cacc2 off=5/5 dyn=250/250 timeouts=0
2026-09-02 12:53:09,002 INFO [pass1 81/532] valid task=4a1cacc2 cand=gitmonsters__4a1cacc2 off=5/5 dyn=250/250 timeouts=0
2026-09-02 12:53:09,468 INFO [pass1 82/532] valid task=4cd1b7b2 cand=arun__our_task_solutions__4cd1b7b2 off=4/4 dyn=250/250 timeouts=0
2026-09-02 12:53:09,641 INFO [pass1 83/532] valid task=4cd1b7b2 cand=ctpang__prog0155__4cd1b7b2 off=4/4 dyn=250/250 timeouts=0
2026-09-02 12:53:09,765 INFO [pass1 85/532] valid task=4cd1b7b2 cand=gitmonsters__4cd1b7b2 off=4/4 dyn=250/250 timeouts=0
2026-09-02 12:53:11,432 INFO [pass1 88/532] valid task=506d28a5 cand=ctpang__prog0159__506d28a5 off=5/5 dyn=250/250 timeouts=0
2026-09-02 12:53:11,564 INFO [pass1 89/532] valid task=506d28a5 cand=gitmonsters__506d28a5 off=5/5 dyn=250/250 timeouts=0
2026-09-02 12:53:12,066 INFO [pass1 90/532] invalid task=4f537728 cand=gitmonsters__4f537728 off=0/0 dyn=0/0 timeouts=0
2026-09-02 12:53:12,068 INFO [pass1 91/532] valid task=50a16a69 cand=ctpang__prog0161__50a16a69 off=4/4 dyn=250/250 timeouts=0
2026-09-02 12:53:12,327 INFO [pass1 92/532] valid task=50a16a69 cand=gitmonsters__50a16a69 off=4/4 dyn=250/250 timeouts=0
2026-09-02 12:53:13,583 INFO [pass1 95/532] valid task=50c07299 cand=ctpang__prog0163__50c07299 off=4/4 dyn=250/250 timeouts=0
2026-09-02 12:53:31,227 INFO [pass1 100/532] invalid task=40f6cd08 cand=gitmonsters__40f6cd08 off=0/0 dyn=0/0 timeouts=0
2026-09-02 12:53:55,291 INFO [pass1 101/532] valid task=342ae2ed cand=ctpang__prog0103__342ae2ed off=4/4 dyn=250/250 timeouts=0
2026-09-02 12:53:57,530 INFO [pass1 103/532] valid task=575b1a71 cand=ctpang__prog0185__575b1a71 off=4/4 dyn=250/250 timeouts=0
2026-09-02 12:53:57,701 INFO [pass1 104/532] valid task=575b1a71 cand=gitmonsters__575b1a71 off=4/4 dyn=250/250 timeouts=0
2026-09-02 12:53:58,056 INFO [pass1 105/532] valid task=5783df64 cand=ctpang__prog0186__5783df64 off=4/4 dyn=250/250 timeouts=0
2026-09-02 12:53:58,194 INFO [pass1 106/532] valid task=5783df64 cand=gitmonsters__5783df64 off=4/4 dyn=250/250 timeouts=0
2026-09-02 12:54:02,479 INFO [pass1 110/532] valid task=58e15b12 cand=gitmonsters__58e15b12 off=4/4 dyn=250/250 timeouts=0
2026-09-02 12:54:02,806 INFO [pass1 111/532] valid task=59341089 cand=arun__our_task_solutions__59341089 off=5/5 dyn=250/250 timeouts=0
2026-09-02 12:54:02,982 INFO [pass1 113/532] valid task=59341089 cand=ctpang__prog0189__59341089 off=5/5 dyn=250/250 timeouts=0
2026-09-02 12:54:03,074 INFO [pass1 114/532] valid task=59341089 cand=gitmonsters__59341089 off=5/5 dyn=250/250 timeouts=0
2026-09-02 12:54:03,423 INFO [pass1 115/532] valid task=5ad8a7c0 cand=arun__our_task_solutions__5ad8a7c0 off=6/6 dyn=250/250 timeouts=0
2026-09-02 12:54:07,967 INFO [pass1 117/532] valid task=5af49b42 cand=ctpang__prog0190__5af49b42 off=4/4 dyn=250/250 timeouts=0
2026-09-02 12:54:08,617 INFO [pass1 118/532] valid task=5b526a93 cand=ctpang__prog0191__5b526a93 off=3/3 dyn=250/250 timeouts=0
2026-09-02 12:54:09,265 INFO [pass1 120/532] valid task=5b6cbef5 cand=arun__our_task_solutions__5b6cbef5 off=6/6 dyn=250/250 timeouts=0
2026-09-02 12:54:09,498 INFO [pass1 121/532] valid task=5b6cbef5 cand=ctpang__prog0192__5b6cbef5 off=6/6 dyn=250/250 timeouts=0
2026-09-02 12:54:09,676 INFO [pass1 122/532] valid task=5b6cbef5 cand=gitmonsters__5b6cbef5 off=6/6 dyn=250/250 timeouts=0
2026-09-02 12:54:10,034 INFO [pass1 123/532] valid task=5d2a5c43 cand=ctpang__prog0195__5d2a5c43 off=7/7 dyn=250/250 timeouts=0
2026-09-02 12:54:10,171 INFO [pass1 124/532] valid task=5d2a5c43 cand=gitmonsters__5d2a5c43 off=7/7 dyn=250/250 timeouts=0
2026-09-02 12:54:10,571 INFO [pass1 125/532] valid task=5d588b4d cand=ctpang__prog0196__5d588b4d off=6/6 dyn=250/250 timeouts=0
2026-09-02 12:54:17,163 INFO [pass1 126/532] pending_timeout task=2c0b0aff cand=gitmonsters__2c0b0aff off=0/0 dyn=0/0 timeouts=1
2026-09-02 12:54:20,279 INFO [pass1 129/532] valid task=60c09cac cand=arun__llm_task_solutions__60c09cac off=3/3 dyn=250/250 timeouts=0
2026-09-02 12:54:20,463 INFO [pass1 130/532] valid task=60c09cac cand=ctpang__prog0199__60c09cac off=3/3 dyn=250/250 timeouts=0
2026-09-02 12:54:20,592 INFO [pass1 131/532] valid task=60c09cac cand=gitmonsters__60c09cac off=3/3 dyn=250/250 timeouts=0
2026-09-02 12:54:21,135 INFO [pass1 132/532] valid task=60d73be6 cand=ctpang__prog0200__60d73be6 off=4/4 dyn=250/250 timeouts=0
2026-09-02 12:54:21,497 INFO [pass1 134/532] pending_timeout task=358ba94e cand=gitmonsters__358ba94e off=0/0 dyn=0/0 timeouts=1
2026-09-02 12:54:21,900 INFO [pass1 135/532] valid task=62b74c02 cand=ctpang__prog0203__62b74c02 off=4/4 dyn=250/250 timeouts=0
2026-09-02 12:54:22,030 INFO [pass1 136/532] valid task=62b74c02 cand=gitmonsters__62b74c02 off=4/4 dyn=250/250 timeouts=0
2026-09-02 12:54:22,268 INFO [pass1 138/532] pending_timeout task=37d3e8b2 cand=gitmonsters__37d3e8b2 off=0/0 dyn=0/0 timeouts=1
2026-09-02 12:54:22,808 INFO [pass1 140/532] valid task=642248e4 cand=gitmonsters__642248e4 off=4/4 dyn=250/250 timeouts=0
2026-09-02 12:54:27,622 INFO [pass1 144/532] valid task=668eec9a cand=ctpang__prog0210__668eec9a off=4/4 dyn=250/250 timeouts=0
2026-09-02 12:54:27,947 INFO [pass1 145/532] valid task=66e6c45b cand=ctpang__prog0211__66e6c45b off=3/3 dyn=250/250 timeouts=0
2026-09-02 12:54:28,069 INFO [pass1 146/532] valid task=66e6c45b cand=gitmonsters__66e6c45b off=3/3 dyn=250/250 timeouts=0
2026-09-02 12:54:28,428 INFO [pass1 147/532] valid task=66f2d22f cand=ctpang__prog0212__66f2d22f off=5/5 dyn=250/250 timeouts=0
2026-09-02 12:54:28,563 INFO [pass1 148/532] valid task=66f2d22f cand=gitmonsters__66f2d22f off=5/5 dyn=250/250 timeouts=0
2026-09-02 12:54:31,649 INFO [pass1 149/532] pending_timeout task=414297c0 cand=gitmonsters__414297c0 off=0/0 dyn=0/0 timeouts=1
2026-09-02 12:54:34,051 INFO [pass1 150/532] invalid task=67636eac cand=ctpang__prog0215__67636eac off=0/0 dyn=0/0 timeouts=0
2026-09-02 12:54:36,831 INFO [pass1 153/532] valid task=68b67ca3 cand=arun__llm_task_solutions__68b67ca3 off=4/4 dyn=250/250 timeouts=0
2026-09-02 12:54:37,012 INFO [pass1 154/532] valid task=68b67ca3 cand=ctpang__prog0222__68b67ca3 off=4/4 dyn=250/250 timeouts=0
2026-09-02 12:54:37,144 INFO [pass1 156/532] valid task=68b67ca3 cand=gitmonsters__68b67ca3 off=4/4 dyn=250/250 timeouts=0
2026-09-02 12:54:37,529 INFO [pass1 157/532] valid task=695367ec cand=ctpang__prog0223__695367ec off=4/4 dyn=250/250 timeouts=0
2026-09-02 12:54:37,706 INFO [pass1 158/532] valid task=695367ec cand=gitmonsters__695367ec off=4/4 dyn=250/250 timeouts=0
2026-09-02 12:54:38,163 INFO [pass1 160/532] invalid task=692cd3b6 cand=gitmonsters__692cd3b6 off=0/0 dyn=0/0 timeouts=0
2026-09-02 12:54:38,382 INFO [pass1 161/532] valid task=6a11f6da cand=arun__our_task_solutions__6a11f6da off=6/6 dyn=250/250 timeouts=0
2026-09-02 12:54:38,532 INFO [pass1 162/532] valid task=6a11f6da cand=gitmonsters__6a11f6da off=6/6 dyn=250/250 timeouts=0
2026-09-02 12:54:38,557 INFO [pass1 163/532] valid task=6a11f6da cand=ctpang__prog0224__6a11f6da off=6/6 dyn=250/250 timeouts=0
2026-09-02 12:54:41,915 INFO [pass1 166/532] valid task=6d1d5c90 cand=ctpang__prog0231__6d1d5c90 off=4/4 dyn=250/250 timeouts=0
2026-09-02 12:54:42,250 INFO [pass1 167/532] valid task=6ea4a07e cand=gitmonsters__6ea4a07e off=8/8 dyn=250/250 timeouts=0
2026-09-02 12:55:18,054 INFO [pass1 170/532] invalid task=639f5a19 cand=gitmonsters__639f5a19 off=0/0 dyn=0/0 timeouts=0
2026-09-02 12:55:18,978 INFO [pass1 173/532] valid task=705a3229 cand=ctpang__prog0241__705a3229 off=5/5 dyn=250/250 timeouts=0
2026-09-02 12:55:19,199 INFO [pass1 174/532] valid task=705a3229 cand=gitmonsters__705a3229 off=5/5 dyn=250/250 timeouts=0
2026-09-02 12:55:19,819 INFO [pass1 175/532] valid task=712bf12e cand=arun__our_task_solutions__712bf12e off=4/4 dyn=250/250 timeouts=0
2026-09-02 12:55:20,051 INFO [pass1 176/532] valid task=712bf12e cand=gitmonsters__712bf12e off=4/4 dyn=250/250 timeouts=0
2026-09-02 12:55:20,411 INFO [pass1 177/532] valid task=72207abc cand=ctpang__prog0242__72207abc off=4/4 dyn=250/250 timeouts=0
2026-09-02 12:55:20,556 INFO [pass1 178/532] valid task=72207abc cand=gitmonsters__72207abc off=4/4 dyn=250/250 timeouts=0
2026-09-02 12:55:20,956 INFO [pass1 179/532] valid task=72a961c9 cand=arun__our_task_solutions__72a961c9 off=5/5 dyn=250/250 timeouts=0
2026-09-02 12:55:21,136 INFO [pass1 180/532] valid task=72a961c9 cand=gitmonsters__72a961c9 off=5/5 dyn=250/250 timeouts=0
2026-09-02 12:55:21,583 INFO [pass1 181/532] valid task=73182012 cand=ctpang__prog0244__73182012 off=4/4 dyn=250/250 timeouts=0
2026-09-02 12:55:21,752 INFO [pass1 182/532] valid task=73182012 cand=gitmonsters__73182012 off=4/4 dyn=250/250 timeouts=0
2026-09-02 12:55:24,457 INFO [pass1 183/532] pending_timeout task=551d5bf1 cand=ctpang__prog0177__551d5bf1 off=0/0 dyn=0/0 timeouts=1
2026-09-02 12:55:24,905 INFO [pass1 184/532] valid task=758abdf0 cand=ctpang__prog0248__758abdf0 off=3/3 dyn=250/250 timeouts=0
2026-09-02 12:55:25,341 INFO [pass1 185/532] valid task=759f3fd3 cand=gitmonsters__759f3fd3 off=3/3 dyn=250/250 timeouts=0
2026-09-02 12:55:26,096 INFO [pass1 186/532] valid task=73c3b0d8 cand=gitmonsters__73c3b0d8 off=5/5 dyn=250/250 timeouts=0
2026-09-02 12:55:26,468 INFO [pass1 187/532] valid task=770cc55f cand=ctpang__prog0250__770cc55f off=5/5 dyn=250/250 timeouts=0
2026-09-02 12:55:26,617 INFO [pass1 189/532] valid task=770cc55f cand=gitmonsters__770cc55f off=5/5 dyn=250/250 timeouts=0
2026-09-02 12:55:26,970 INFO [pass1 190/532] valid task=7953d61e cand=ctpang__prog0253__7953d61e off=6/6 dyn=250/250 timeouts=0
2026-09-02 12:55:27,111 INFO [pass1 191/532] valid task=7953d61e cand=gitmonsters__7953d61e off=6/6 dyn=250/250 timeouts=0
2026-09-02 12:55:27,600 INFO [pass1 192/532] valid task=79cce52d cand=arun__our_task_solutions__79cce52d off=4/4 dyn=250/250 timeouts=0
2026-09-02 12:55:31,241 INFO [pass1 194/532] pending_timeout task=551d5bf1 cand=gitmonsters__551d5bf1 off=0/0 dyn=0/0 timeouts=1
2026-09-02 12:55:54,321 INFO [pass1 199/532] valid task=7e02026e cand=arun__our_task_solutions__7e02026e off=4/4 dyn=250/250 timeouts=0
2026-09-02 12:55:54,576 INFO [pass1 200/532] valid task=7e02026e cand=gitmonsters__7e02026e off=4/4 dyn=250/250 timeouts=0
2026-09-02 12:55:54,931 INFO [pass1 201/532] valid task=7e4d4f7c cand=ctpang__prog0260__7e4d4f7c off=5/5 dyn=250/250 timeouts=0
2026-09-02 12:55:55,075 INFO [pass1 202/532] valid task=7e4d4f7c cand=gitmonsters__7e4d4f7c off=5/5 dyn=250/250 timeouts=0
2026-09-02 12:55:55,764 INFO [pass1 204/532] valid task=7ee1c6ea cand=gitmonsters__7ee1c6ea off=4/4 dyn=250/250 timeouts=0
2026-09-02 12:55:56,083 INFO [pass1 205/532] valid task=817e6c09 cand=gitmonsters__817e6c09 off=6/6 dyn=250/250 timeouts=0
2026-09-02 12:55:58,152 INFO [pass1 207/532] valid task=833966f4 cand=ctpang__prog0266__833966f4 off=3/3 dyn=250/250 timeouts=0
2026-09-02 12:55:58,536 INFO [pass1 208/532] valid task=833dafe3 cand=arun__llm_task_solutions__833dafe3 off=3/3 dyn=250/250 timeouts=0
2026-09-02 12:55:58,822 INFO [pass1 209/532] valid task=833dafe3 cand=ctpang__prog0267__833dafe3 off=3/3 dyn=250/250 timeouts=0
2026-09-02 12:55:59,001 INFO [pass1 210/532] valid task=833dafe3 cand=gitmonsters__833dafe3 off=3/3 dyn=250/250 timeouts=0
2026-09-02 12:56:05,681 INFO [pass1 214/532] pending_timeout task=5b37cb25 cand=gitmonsters__5b37cb25 off=0/0 dyn=0/0 timeouts=1
2026-09-02 12:56:15,884 INFO [pass1 216/532] valid task=8597cfd7 cand=ctpang__prog0274__8597cfd7 off=5/5 dyn=250/250 timeouts=0
2026-09-02 12:56:16,034 INFO [pass1 217/532] valid task=8597cfd7 cand=gitmonsters__8597cfd7 off=5/5 dyn=250/250 timeouts=0
2026-09-02 12:56:16,432 INFO [pass1 218/532] valid task=85b81ff1 cand=gitmonsters__85b81ff1 off=5/5 dyn=250/250 timeouts=0
2026-09-02 12:56:17,599 INFO [pass1 220/532] valid task=8618d23e cand=ctpang__prog0276__8618d23e off=4/4 dyn=250/250 timeouts=0
2026-09-02 12:56:41,518 INFO [pass1 223/532] pending_timeout task=6cbe9eb8 cand=arun__our_task_solutions__6cbe9eb8 off=0/0 dyn=0/0 timeouts=1
2026-09-02 12:56:49,827 INFO [pass1 227/532] pending_timeout task=6ffe8f07 cand=ctpang__prog0239__6ffe8f07 off=0/0 dyn=0/0 timeouts=1
2026-09-02 12:56:56,717 INFO [pass1 230/532] invalid task=8abad3cf cand=ctpang__prog0284__8abad3cf off=0/0 dyn=0/0 timeouts=0
2026-09-02 12:56:57,028 INFO [pass1 231/532] valid task=8b28cd80 cand=gitmonsters__8b28cd80 off=7/7 dyn=250/250 timeouts=0
2026-09-02 12:56:57,318 INFO [pass1 232/532] valid task=8ba14f53 cand=gitmonsters__8ba14f53 off=7/7 dyn=250/250 timeouts=0
2026-09-02 12:57:31,250 INFO [pass1 234/532] pending_timeout task=7d18a6fb cand=gitmonsters__7d18a6fb off=0/0 dyn=0/0 timeouts=1
2026-09-02 12:57:31,621 INFO [pass1 235/532] valid task=8e2edd66 cand=ctpang__prog0288__8e2edd66 off=4/4 dyn=250/250 timeouts=0
2026-09-02 12:57:31,760 INFO [pass1 236/532] valid task=8e2edd66 cand=gitmonsters__8e2edd66 off=4/4 dyn=250/250 timeouts=0
2026-09-02 12:57:32,273 INFO [pass1 237/532] pending_timeout task=7d1f7ee8 cand=gitmonsters__7d1f7ee8 off=0/0 dyn=0/0 timeouts=1
2026-09-02 12:57:32,680 INFO [pass1 238/532] valid task=8ee62060 cand=ctpang__prog0292__8ee62060 off=4/4 dyn=250/250 timeouts=0
2026-09-02 12:57:32,807 INFO [pass1 240/532] invalid task=8ee62060 cand=gitmonsters__8ee62060 off=4/4 dyn=4/5 timeouts=0
2026-09-02 12:57:42,087 INFO [pass1 250/532] invalid task=93b4f4b3 cand=ctpang__prog0305__93b4f4b3 off=0/0 dyn=0/0 timeouts=0
2026-09-02 12:57:42,496 INFO [pass1 251/532] valid task=94414823 cand=arun__our_task_solutions__94414823 off=4/4 dyn=250/250 timeouts=0
2026-09-02 12:57:42,734 INFO [pass1 253/532] valid task=94414823 cand=ctpang__prog0308__94414823 off=4/4 dyn=250/250 timeouts=0
2026-09-02 12:57:42,775 INFO [pass1 254/532] valid task=94414823 cand=gitmonsters__94414823 off=4/4 dyn=250/250 timeouts=0
2026-09-02 12:57:57,784 INFO [pass1 260/532] invalid task=97239e3d cand=gitmonsters__97239e3d off=4/4 dyn=0/1 timeouts=0
2026-09-02 12:57:58,449 INFO [pass1 261/532] valid task=973e499e cand=ctpang__prog0315__973e499e off=5/5 dyn=250/250 timeouts=0
2026-09-02 12:58:03,529 INFO [pass1 263/532] pending_timeout task=84f2aca1 cand=ctpang__prog0272__84f2aca1 off=0/0 dyn=0/0 timeouts=1
2026-09-02 12:58:04,200 INFO [pass1 264/532] valid task=992798f6 cand=gitmonsters__992798f6 off=5/5 dyn=250/250 timeouts=0
2026-09-02 12:58:05,698 INFO [pass1 265/532] pending_timeout task=84f2aca1 cand=gitmonsters__84f2aca1 off=0/0 dyn=0/0 timeouts=1
2026-09-02 12:58:06,220 INFO [pass1 267/532] valid task=9968a131 cand=ctpang__prog0320__9968a131 off=3/3 dyn=250/250 timeouts=0
2026-09-02 12:58:07,680 INFO [pass1 269/532] valid task=9a4bb226 cand=ctpang__prog0324__9a4bb226 off=4/4 dyn=250/250 timeouts=0
2026-09-02 12:58:07,961 INFO [pass1 270/532] valid task=9a4bb226 cand=gitmonsters__9a4bb226 off=4/4 dyn=250/250 timeouts=0
2026-09-02 12:58:08,690 INFO [pass1 271/532] valid task=9b2a60aa cand=gitmonsters__9b2a60aa off=4/4 dyn=250/250 timeouts=0
2026-09-02 12:58:18,332 INFO [pass1 275/532] pending_timeout task=88207623 cand=ctpang__prog0280__88207623 off=0/0 dyn=0/0 timeouts=1
2026-09-02 12:58:18,732 INFO [pass1 276/532] valid task=9c1e755f cand=gitmonsters__9c1e755f off=5/5 dyn=250/250 timeouts=0
2026-09-02 12:58:19,086 INFO [pass1 277/532] valid task=9c56f360 cand=ctpang__prog0328__9c56f360 off=4/4 dyn=250/250 timeouts=0
2026-09-02 12:58:19,229 INFO [pass1 278/532] valid task=9c56f360 cand=gitmonsters__9c56f360 off=4/4 dyn=250/250 timeouts=0
2026-09-02 12:58:22,224 INFO [pass1 279/532] pending_timeout task=88207623 cand=gitmonsters__88207623 off=0/0 dyn=0/0 timeouts=1
2026-09-02 12:58:22,578 INFO [pass1 280/532] valid task=9caf5b84 cand=ctpang__prog0329__9caf5b84 off=5/5 dyn=250/250 timeouts=0
2026-09-02 12:58:22,950 INFO [pass1 281/532] valid task=9ddd00f0 cand=gitmonsters__9ddd00f0 off=3/3 dyn=250/250 timeouts=0
2026-09-02 12:58:25,045 INFO [pass1 283/532] valid task=9f27f097 cand=gitmonsters__9f27f097 off=4/4 dyn=250/250 timeouts=0
2026-09-02 12:58:26,853 INFO [pass1 286/532] valid task=9f5f939b cand=ctpang__prog0335__9f5f939b off=4/4 dyn=250/250 timeouts=0
2026-09-02 12:58:32,018 INFO [pass1 290/532] invalid task=a3f84088 cand=gitmonsters__a3f84088 off=0/0 dyn=0/0 timeouts=0
2026-09-02 12:58:38,944 INFO [pass1 295/532] valid task=a59b95c0 cand=ctpang__prog0345__a59b95c0 off=6/6 dyn=250/250 timeouts=0
2026-09-02 12:58:39,075 INFO [pass1 296/532] valid task=a59b95c0 cand=gitmonsters__a59b95c0 off=6/6 dyn=250/250 timeouts=0
2026-09-02 12:58:39,777 INFO [pass1 297/532] valid task=a644e277 cand=arun__our_task_solutions__a644e277 off=3/3 dyn=250/250 timeouts=0
2026-09-02 12:58:47,157 INFO [pass1 300/532] valid task=a8610ef7 cand=arun__our_task_solutions__a8610ef7 off=5/5 dyn=250/250 timeouts=0
2026-09-02 12:58:47,225 INFO [pass1 301/532] valid task=a8610ef7 cand=gitmonsters__a8610ef7 off=5/5 dyn=250/250 timeouts=0
2026-09-02 12:58:48,790 INFO [pass1 303/532] valid task=aa18de87 cand=ctpang__prog0359__aa18de87 off=5/5 dyn=250/250 timeouts=0
2026-09-02 12:58:48,865 INFO [pass1 304/532] valid task=aa18de87 cand=gitmonsters__aa18de87 off=5/5 dyn=250/250 timeouts=0
2026-09-02 12:58:50,405 INFO [pass1 308/532] valid task=aaef0977 cand=ctpang__prog0362__aaef0977 off=3/3 dyn=250/250 timeouts=0
2026-09-02 12:58:50,684 INFO [pass1 309/532] valid task=ac0c2ac3 cand=ctpang__prog0364__ac0c2ac3 off=4/4 dyn=250/250 timeouts=0
2026-09-02 12:58:52,445 INFO [pass1 310/532] invalid task=aab50785 cand=gitmonsters__aab50785 off=0/0 dyn=0/0 timeouts=0
2026-09-02 12:58:52,908 INFO [pass1 312/532] valid task=ac605cbb cand=gitmonsters__ac605cbb off=7/7 dyn=250/250 timeouts=0
2026-09-02 12:58:57,325 INFO [pass1 313/532] pending_timeout task=8cb8642d cand=gitmonsters__8cb8642d off=0/0 dyn=0/0 timeouts=1
2026-09-02 12:58:57,548 INFO [pass1 314/532] valid task=ad7e01d0 cand=ctpang__prog0367__ad7e01d0 off=5/5 dyn=250/250 timeouts=0
2026-09-02 12:58:57,652 INFO [pass1 315/532] valid task=ad7e01d0 cand=gitmonsters__ad7e01d0 off=5/5 dyn=250/250 timeouts=0
2026-09-02 12:59:02,155 INFO [pass1 316/532] pending_timeout task=8dae5dfc cand=gitmonsters__8dae5dfc off=0/0 dyn=0/0 timeouts=1
2026-09-02 12:59:37,945 INFO [pass1 317/532] valid task=96a8c0cd cand=gitmonsters__96a8c0cd off=5/5 dyn=250/250 timeouts=0
2026-09-02 12:59:40,215 INFO [pass1 320/532] valid task=af726779 cand=arun__our_task_solutions__af726779 off=6/6 dyn=250/250 timeouts=0
2026-09-02 12:59:40,382 INFO [pass1 321/532] valid task=af726779 cand=gitmonsters__af726779 off=6/6 dyn=250/250 timeouts=0
2026-09-02 12:59:48,895 INFO [pass1 324/532] valid task=b1fc8b8e cand=arun__our_task_solutions__b1fc8b8e off=7/7 dyn=250/250 timeouts=0
2026-09-02 12:59:48,977 INFO [pass1 325/532] valid task=b1fc8b8e cand=gitmonsters__b1fc8b8e off=7/7 dyn=250/250 timeouts=0
2026-09-02 12:59:49,204 INFO [pass1 326/532] valid task=b2bc3ffd cand=ctpang__prog0379__b2bc3ffd off=4/4 dyn=250/250 timeouts=0
2026-09-02 12:59:49,296 INFO [pass1 327/532] valid task=b2bc3ffd cand=gitmonsters__b2bc3ffd off=4/4 dyn=250/250 timeouts=0
2026-09-02 13:00:22,998 INFO [pass1 330/532] invalid task=b7256dcd cand=ctpang__prog0383__b7256dcd off=0/0 dyn=0/0 timeouts=0
2026-09-02 13:00:23,227 INFO [pass1 331/532] valid task=b745798f cand=ctpang__prog0384__b745798f off=4/4 dyn=250/250 timeouts=0
2026-09-02 13:00:33,844 INFO [pass1 333/532] pending_timeout task=a57f2f04 cand=ctpang__prog0344__a57f2f04 off=0/0 dyn=0/0 timeouts=1
2026-09-02 13:00:34,096 INFO [pass1 334/532] valid task=b7fb29bc cand=gitmonsters__b7fb29bc off=4/4 dyn=250/250 timeouts=0
2026-09-02 13:00:35,156 INFO [pass1 335/532] pending_timeout task=a57f2f04 cand=gitmonsters__a57f2f04 off=0/0 dyn=0/0 timeouts=1
2026-09-02 13:00:37,545 INFO [pass1 338/532] valid task=bae5c565 cand=arun__our_task_solutions__bae5c565 off=3/3 dyn=250/250 timeouts=0
2026-09-02 13:00:37,684 INFO [pass1 339/532] valid task=bae5c565 cand=ctpang__prog0394__bae5c565 off=3/3 dyn=250/250 timeouts=0
2026-09-02 13:00:37,784 INFO [pass1 340/532] valid task=bae5c565 cand=gitmonsters__bae5c565 off=3/3 dyn=250/250 timeouts=0
2026-09-02 13:00:45,966 INFO [pass1 346/532] valid task=bc4146bd cand=ctpang__prog0397__bc4146bd off=5/5 dyn=250/250 timeouts=0
2026-09-02 13:00:46,043 INFO [pass1 347/532] valid task=bc4146bd cand=gitmonsters__bc4146bd off=5/5 dyn=250/250 timeouts=0
2026-09-02 13:00:46,340 INFO [pass1 348/532] valid task=bcb3040b cand=ctpang__prog0398__bcb3040b off=4/4 dyn=250/250 timeouts=0
2026-09-02 13:00:46,466 INFO [pass1 349/532] valid task=bcb3040b cand=gitmonsters__bcb3040b off=4/4 dyn=250/250 timeouts=0
2026-09-02 13:00:47,232 INFO [pass1 350/532] pending_timeout task=a934301b cand=gitmonsters__a934301b off=0/0 dyn=0/0 timeouts=1
2026-09-02 13:00:47,566 INFO [pass1 352/532] valid task=bd283c4a cand=gitmonsters__bd283c4a off=3/3 dyn=250/250 timeouts=0
2026-09-02 13:00:50,691 INFO [pass1 356/532] pending_timeout task=ac3e2b04 cand=gitmonsters__ac3e2b04 off=0/0 dyn=0/0 timeouts=1
2026-09-02 13:00:51,224 INFO [pass1 359/532] valid task=c074846d cand=ctpang__prog0406__c074846d off=7/7 dyn=250/250 timeouts=0
2026-09-02 13:00:51,312 INFO [pass1 360/532] valid task=c074846d cand=gitmonsters__c074846d off=7/7 dyn=250/250 timeouts=0
2026-09-02 13:00:51,527 INFO [pass1 361/532] valid task=c1990cce cand=gitmonsters__c1990cce off=4/4 dyn=250/250 timeouts=0
2026-09-02 13:00:52,914 INFO [pass1 362/532] pending_timeout task=ad38a9d0 cand=ctpang__prog0366__ad38a9d0 off=0/0 dyn=0/0 timeouts=1
2026-09-02 13:00:54,467 INFO [pass1 365/532] valid task=c48954c1 cand=arun__our_task_solutions__c48954c1 off=4/4 dyn=250/250 timeouts=0
2026-09-02 13:00:54,491 INFO [pass1 366/532] valid task=c48954c1 cand=ctpang__prog0410__c48954c1 off=4/4 dyn=250/250 timeouts=0
2026-09-02 13:00:54,544 INFO [pass1 367/532] valid task=c48954c1 cand=gitmonsters__c48954c1 off=4/4 dyn=250/250 timeouts=0
2026-09-02 13:00:56,014 INFO [pass1 370/532] invalid task=c658a4bd cand=ctpang__prog0412__c658a4bd off=0/0 dyn=0/0 timeouts=0
2026-09-02 13:00:57,657 INFO [pass1 374/532] pending_timeout task=ae58858e cand=ctpang__prog0370__ae58858e off=0/0 dyn=0/0 timeouts=1
2026-09-02 13:00:58,537 INFO [pass1 379/532] valid task=c92b942c cand=gitmonsters__c92b942c off=5/5 dyn=250/250 timeouts=0
2026-09-02 13:00:58,826 INFO [pass1 380/532] invalid task=c8b7cc0f cand=gitmonsters__c8b7cc0f off=0/0 dyn=0/0 timeouts=0
2026-09-02 13:00:59,020 INFO [pass1 382/532] valid task=ca8de6ea cand=arun__our_task_solutions__ca8de6ea off=4/4 dyn=250/250 timeouts=0
2026-09-02 13:00:59,027 INFO [pass1 383/532] valid task=c97c0139 cand=gitmonsters__c97c0139 off=3/3 dyn=250/250 timeouts=0
2026-09-02 13:00:59,038 INFO [pass1 384/532] valid task=c97c0139 cand=ctpang__prog0418__c97c0139 off=3/3 dyn=250/250 timeouts=0
2026-09-02 13:00:59,041 INFO [pass1 385/532] valid task=ca8de6ea cand=ctpang__prog0421__ca8de6ea off=4/4 dyn=250/250 timeouts=0
2026-09-02 13:00:59,094 INFO [pass1 386/532] valid task=ca8de6ea cand=gitmonsters__ca8de6ea off=4/4 dyn=250/250 timeouts=0
2026-09-02 13:00:59,273 INFO [pass1 387/532] valid task=cad67732 cand=gitmonsters__cad67732 off=4/4 dyn=250/250 timeouts=0
2026-09-02 13:00:59,328 INFO [pass1 389/532] valid task=cb227835 cand=gitmonsters__cb227835 off=4/4 dyn=250/250 timeouts=0
2026-09-02 13:00:59,624 INFO [pass1 390/532] invalid task=ccd554ac cand=ctpang__prog0424__ccd554ac off=0/0 dyn=0/0 timeouts=0
2026-09-02 13:00:59,857 INFO [pass1 393/532] valid task=ce8d95cc cand=arun__our_task_solutions__ce8d95cc off=5/5 dyn=250/250 timeouts=0
2026-09-02 13:00:59,928 INFO [pass1 394/532] valid task=ce8d95cc cand=gitmonsters__ce8d95cc off=5/5 dyn=250/250 timeouts=0
2026-09-02 13:01:00,134 INFO [pass1 395/532] valid task=cf133acc cand=gitmonsters__cf133acc off=4/4 dyn=250/250 timeouts=0
2026-09-02 13:01:00,152 INFO [pass1 396/532] valid task=cf5fd0ad cand=arun__our_task_solutions__cf5fd0ad off=4/4 dyn=250/250 timeouts=0
2026-09-02 13:01:00,516 INFO [pass1 398/532] valid task=d19f7514 cand=ctpang__prog0436__d19f7514 off=5/5 dyn=250/250 timeouts=0
2026-09-02 13:01:00,603 INFO [pass1 399/532] valid task=d19f7514 cand=gitmonsters__d19f7514 off=5/5 dyn=250/250 timeouts=0
2026-09-02 13:01:01,175 INFO [pass1 400/532] invalid task=ce039d91 cand=arun__our_task_solutions__ce039d91 off=0/0 dyn=0/0 timeouts=0
2026-09-02 13:01:01,277 INFO [pass1 403/532] valid task=d282b262 cand=ctpang__prog0438__d282b262 off=4/4 dyn=250/250 timeouts=0
2026-09-02 13:01:01,447 INFO [pass1 405/532] valid task=d2acf2cb cand=ctpang__prog0440__d2acf2cb off=4/4 dyn=250/250 timeouts=0
2026-09-02 13:01:01,759 INFO [pass1 407/532] valid task=d304284e cand=ctpang__prog0441__d304284e off=3/3 dyn=250/250 timeouts=0
2026-09-02 13:01:01,879 INFO [pass1 408/532] valid task=d304284e cand=gitmonsters__d304284e off=3/3 dyn=250/250 timeouts=0
2026-09-02 13:01:01,985 INFO [pass1 409/532] valid task=d47aa2ff cand=ctpang__prog0446__d47aa2ff off=4/4 dyn=250/250 timeouts=0
2026-09-02 13:01:02,158 INFO [pass1 410/532] invalid task=d37a1ef5 cand=gitmonsters__d37a1ef5 off=0/0 dyn=0/0 timeouts=0
2026-09-02 13:01:02,161 INFO [pass1 411/532] pending_timeout task=ae58858e cand=gitmonsters__ae58858e off=0/0 dyn=0/0 timeouts=1
2026-09-02 13:01:02,208 INFO [pass1 412/532] valid task=d47aa2ff cand=gitmonsters__d47aa2ff off=4/4 dyn=250/250 timeouts=0
2026-09-02 13:01:03,612 INFO [pass1 419/532] valid task=da2b0fe3 cand=gitmonsters__da2b0fe3 off=5/5 dyn=250/250 timeouts=0
2026-09-02 13:01:03,718 INFO [pass1 420/532] valid task=dc2aa30b cand=gitmonsters__dc2aa30b off=4/4 dyn=250/250 timeouts=0
2026-09-02 13:01:03,728 INFO [pass1 421/532] valid task=dc2aa30b cand=arun__our_task_solutions__dc2aa30b off=4/4 dyn=250/250 timeouts=0
2026-09-02 13:01:07,996 INFO [pass1 427/532] valid task=df9fd884 cand=gitmonsters__df9fd884 off=4/4 dyn=250/250 timeouts=0
2026-09-02 13:01:10,903 INFO [pass1 430/532] valid task=e133d23d cand=arun__our_task_solutions__e133d23d off=6/6 dyn=250/250 timeouts=0
2026-09-02 13:01:11,024 INFO [pass1 431/532] valid task=e133d23d cand=ctpang__prog0472__e133d23d off=6/6 dyn=250/250 timeouts=0
2026-09-02 13:01:11,091 INFO [pass1 432/532] valid task=e133d23d cand=gitmonsters__e133d23d off=6/6 dyn=250/250 timeouts=0
2026-09-02 13:01:26,214 INFO [pass1 439/532] valid task=e345f17b cand=arun__our_task_solutions__e345f17b off=6/6 dyn=250/250 timeouts=0
2026-09-02 13:01:26,319 INFO [pass1 440/532] valid task=e345f17b cand=ctpang__prog0479__e345f17b off=6/6 dyn=250/250 timeouts=0
2026-09-02 13:01:26,395 INFO [pass1 441/532] valid task=e345f17b cand=gitmonsters__e345f17b off=6/6 dyn=250/250 timeouts=0
2026-09-02 13:01:26,655 INFO [pass1 442/532] valid task=e4075551 cand=ctpang__prog0480__e4075551 off=4/4 dyn=250/250 timeouts=0
2026-09-02 13:01:26,801 INFO [pass1 443/532] valid task=e4075551 cand=gitmonsters__e4075551 off=4/4 dyn=250/250 timeouts=0
2026-09-02 13:01:38,204 INFO [pass1 445/532] valid task=e1baa8a4 cand=ctpang__prog0474__e1baa8a4 off=5/5 dyn=250/250 timeouts=0
2026-09-02 13:01:38,456 INFO [pass1 446/532] valid task=e45ef808 cand=ctpang__prog0482__e45ef808 off=3/3 dyn=250/250 timeouts=0
2026-09-02 13:01:54,288 INFO [pass1 450/532] valid task=e5790162 cand=gitmonsters__e5790162 off=6/6 dyn=250/250 timeouts=0
2026-09-02 13:01:54,494 INFO [pass1 451/532] valid task=e5c44e8f cand=gitmonsters__e5c44e8f off=4/4 dyn=250/250 timeouts=0
2026-09-02 13:02:35,161 INFO [pass1 452/532] pending_timeout task=ba9d41b8 cand=ctpang__prog0393__ba9d41b8 off=0/0 dyn=0/0 timeouts=1
2026-09-02 13:02:35,359 INFO [pass1 453/532] valid task=e633a9e5 cand=ctpang__prog0487__e633a9e5 off=4/4 dyn=250/250 timeouts=0
2026-09-02 13:02:35,431 INFO [pass1 454/532] valid task=e633a9e5 cand=gitmonsters__e633a9e5 off=4/4 dyn=250/250 timeouts=0
2026-09-02 13:02:35,884 INFO [pass1 455/532] pending_timeout task=ba9d41b8 cand=gitmonsters__ba9d41b8 off=0/0 dyn=0/0 timeouts=1
2026-09-02 13:02:36,116 INFO [pass1 456/532] valid task=e69241bd cand=gitmonsters__e69241bd off=4/4 dyn=250/250 timeouts=0
2026-09-02 13:02:36,287 INFO [pass1 457/532] valid task=e6de6e8f cand=gitmonsters__e6de6e8f off=4/4 dyn=250/250 timeouts=0
2026-09-02 13:02:46,471 INFO [pass1 458/532] pending_timeout task=bd14c3bf cand=gitmonsters__bd14c3bf off=0/0 dyn=0/0 timeouts=1
2026-09-02 13:03:09,090 INFO [pass1 460/532] invalid task=e760a62e cand=arun__our_task_solutions__e760a62e off=0/0 dyn=0/0 timeouts=0
2026-09-02 13:03:11,301 INFO [pass1 462/532] valid task=e7639916 cand=ctpang__prog0491__e7639916 off=4/4 dyn=250/250 timeouts=0
2026-09-02 13:03:11,427 INFO [pass1 463/532] valid task=e7639916 cand=gitmonsters__e7639916 off=4/4 dyn=250/250 timeouts=0
2026-09-02 13:03:13,481 INFO [pass1 467/532] valid task=e7b06bea cand=ctpang__prog0494__e7b06bea off=6/6 dyn=250/250 timeouts=0
2026-09-02 13:03:13,590 INFO [pass1 468/532] valid task=e7b06bea cand=gitmonsters__e7b06bea off=6/6 dyn=250/250 timeouts=0
2026-09-02 13:03:20,965 INFO [pass1 470/532] invalid task=e7dd8335 cand=ctpang__prog0495__e7dd8335 off=0/0 dyn=0/0 timeouts=0
2026-09-02 13:03:23,053 INFO [pass1 471/532] valid task=e57337a4 cand=ctpang__prog0486__e57337a4 off=4/4 dyn=250/250 timeouts=0
2026-09-02 13:03:23,441 INFO [pass1 472/532] valid task=e84fef15 cand=ctpang__prog0496__e84fef15 off=4/4 dyn=250/250 timeouts=0
2026-09-02 13:03:23,631 INFO [pass1 473/532] valid task=e57337a4 cand=gitmonsters__e57337a4 off=4/4 dyn=250/250 timeouts=0
2026-09-02 13:03:23,875 INFO [pass1 474/532] valid task=e99362f0 cand=ctpang__prog0501__e99362f0 off=7/7 dyn=250/250 timeouts=0
2026-09-02 13:03:23,978 INFO [pass1 475/532] valid task=e99362f0 cand=gitmonsters__e99362f0 off=7/7 dyn=250/250 timeouts=0
2026-09-02 13:03:26,806 INFO [pass1 477/532] pending_timeout task=e41c6fd3 cand=ctpang__prog0481__e41c6fd3 off=0/0 dyn=0/0 timeouts=1
2026-09-02 13:03:29,460 INFO [pass1 480/532] invalid task=e9b4f6fc cand=gitmonsters__e9b4f6fc off=0/0 dyn=0/0 timeouts=0
2026-09-02 13:03:30,104 INFO [pass1 482/532] valid task=e9c9d9a1 cand=ctpang__prog0506__e9c9d9a1 off=4/4 dyn=250/250 timeouts=0
2026-09-02 13:03:30,272 INFO [pass1 483/532] valid task=e9c9d9a1 cand=gitmonsters__e9c9d9a1 off=4/4 dyn=250/250 timeouts=0
2026-09-02 13:03:30,513 INFO [pass1 485/532] valid task=ea9794b1 cand=ctpang__prog0509__ea9794b1 off=7/7 dyn=250/250 timeouts=0
2026-09-02 13:03:30,590 INFO [pass1 486/532] valid task=ea9794b1 cand=gitmonsters__ea9794b1 off=7/7 dyn=250/250 timeouts=0
2026-09-02 13:03:31,308 INFO [pass1 490/532] valid task=ed98d772 cand=arun__our_task_solutions__ed98d772 off=6/6 dyn=250/250 timeouts=0
2026-09-02 13:03:31,320 INFO [pass1 491/532] valid task=ed98d772 cand=ctpang__prog0514__ed98d772 off=6/6 dyn=250/250 timeouts=0
2026-09-02 13:03:31,381 INFO [pass1 492/532] valid task=ed98d772 cand=gitmonsters__ed98d772 off=6/6 dyn=250/250 timeouts=0
2026-09-02 13:03:31,637 INFO [pass1 493/532] valid task=ef26cbf6 cand=ctpang__prog0516__ef26cbf6 off=3/3 dyn=250/250 timeouts=0
2026-09-02 13:03:31,748 INFO [pass1 494/532] valid task=ef26cbf6 cand=gitmonsters__ef26cbf6 off=3/3 dyn=250/250 timeouts=0
2026-09-02 13:03:31,982 INFO [pass1 495/532] valid task=f0afb749 cand=arun__our_task_solutions__f0afb749 off=4/4 dyn=250/250 timeouts=0
2026-09-02 13:03:33,272 INFO [pass1 497/532] pending_timeout task=e41c6fd3 cand=gitmonsters__e41c6fd3 off=0/0 dyn=0/0 timeouts=1
2026-09-02 13:03:36,068 INFO [pass1 500/532] invalid task=e9bb6954 cand=gitmonsters__e9bb6954 off=0/0 dyn=0/0 timeouts=0
2026-09-02 13:03:36,294 INFO [pass1 501/532] valid task=f3cdc58f cand=ctpang__prog0521__f3cdc58f off=4/4 dyn=250/250 timeouts=0
2026-09-02 13:03:36,396 INFO [pass1 502/532] valid task=f3cdc58f cand=gitmonsters__f3cdc58f off=4/4 dyn=250/250 timeouts=0
2026-09-02 13:03:37,750 INFO [pass1 505/532] valid task=f45f5ca7 cand=gitmonsters__f45f5ca7 off=4/4 dyn=250/250 timeouts=0
2026-09-02 13:03:48,188 INFO [pass1 510/532] invalid task=f8be4b64 cand=gitmonsters__f8be4b64 off=5/5 dyn=38/39 timeouts=0
2026-09-02 13:03:48,982 INFO [pass1 511/532] valid task=f9a67cb5 cand=gitmonsters__f9a67cb5 off=4/4 dyn=250/250 timeouts=0
2026-09-02 13:03:54,181 INFO [pass1 519/532] valid task=fd02da9e cand=ctpang__prog0535__fd02da9e off=5/5 dyn=250/250 timeouts=0
2026-09-02 13:03:55,033 INFO [pass1 520/532] invalid task=fd4b2b02 cand=gitmonsters__fd4b2b02 off=0/0 dyn=0/0 timeouts=0
2026-09-02 13:03:55,313 INFO [pass1 521/532] valid task=fe9372f3 cand=gitmonsters__fe9372f3 off=3/3 dyn=250/250 timeouts=0
2026-09-02 13:03:57,005 INFO [pass1 523/532] valid task=ff72ca3e cand=arun__our_task_solutions__ff72ca3e off=5/5 dyn=250/250 timeouts=0
2026-09-02 13:03:57,215 INFO [pass1 524/532] valid task=ff72ca3e cand=ctpang__prog0537__ff72ca3e off=5/5 dyn=250/250 timeouts=0
2026-09-02 13:04:35,435 INFO [pass1 527/532] pending_timeout task=e681b708 cand=gitmonsters__e681b708 off=0/0 dyn=0/0 timeouts=1
2026-09-02 13:04:36,290 INFO [pass1 528/532] pending_timeout task=e74e1818 cand=ctpang__prog0490__e74e1818 off=0/0 dyn=0/0 timeouts=1
2026-09-02 13:04:46,473 INFO [pass1 529/532] pending_timeout task=e74e1818 cand=gitmonsters__e74e1818 off=0/0 dyn=0/0 timeouts=1
2026-09-02 13:05:31,323 INFO [pass1 530/532] pending_timeout task=edcc2ff0 cand=ctpang__prog0515__edcc2ff0 off=0/0 dyn=0/0 timeouts=1
2026-09-02 13:05:33,275 INFO [pass1 531/532] pending_timeout task=f21745ec cand=gitmonsters__f21745ec off=0/0 dyn=0/0 timeouts=1
2026-09-02 13:05:35,879 INFO [pass1 532/532] pending_timeout task=f3b10344 cand=gitmonsters__f3b10344 off=0/0 dyn=0/0 timeouts=1
2026-09-02 13:05:35,880 INFO Second pass for 43 pending_timeout candidates (timeout=60.0s)
2026-09-02 13:05:35,881 INFO Validation pass2: resume=0 prefiltered_done=0 remaining=43
2026-09-02 13:07:35,916 INFO [pass2 1/43] pending_timeout task=1a2e2828 cand=ctpang__prog0041__1a2e2828 off=0/0 dyn=0/0 timeouts=1
2026-09-02 13:07:35,917 INFO [pass2 2/43] pending_timeout task=1c56ad9f cand=gitmonsters__1c56ad9f off=0/0 dyn=0/0 timeouts=1
2026-09-02 13:07:35,917 INFO [pass2 3/43] pending_timeout task=2753e76c cand=ctpang__prog0078__2753e76c off=0/0 dyn=0/0 timeouts=1
2026-09-02 13:07:35,922 INFO [pass2 4/43] pending_timeout task=1a2e2828 cand=gitmonsters__1a2e2828 off=0/0 dyn=0/0 timeouts=1
2026-09-02 13:07:35,923 INFO [pass2 5/43] pending_timeout task=1a2e2828 cand=arun__llm_task_solutions__1a2e2828 off=0/0 dyn=0/0 timeouts=1
2026-09-02 13:07:35,926 INFO [pass2 6/43] pending_timeout task=0d87d2a6 cand=gitmonsters__0d87d2a6 off=0/0 dyn=0/0 timeouts=1
2026-09-02 13:07:35,926 INFO [pass2 7/43] pending_timeout task=292dd178 cand=gitmonsters__292dd178 off=0/0 dyn=0/0 timeouts=1
2026-09-02 13:07:35,930 INFO [pass2 8/43] pending_timeout task=2753e76c cand=gitmonsters__2753e76c off=0/0 dyn=0/0 timeouts=1
2026-09-02 13:09:35,922 INFO [pass2 9/43] pending_timeout task=2c0b0aff cand=gitmonsters__2c0b0aff off=0/0 dyn=0/0 timeouts=1
2026-09-02 13:09:35,922 INFO [pass2 10/43] pending_timeout task=358ba94e cand=gitmonsters__358ba94e off=0/0 dyn=0/0 timeouts=1
2026-09-02 13:09:35,926 INFO [pass2 11/43] pending_timeout task=37d3e8b2 cand=gitmonsters__37d3e8b2 off=0/0 dyn=0/0 timeouts=1
2026-09-02 13:09:35,930 INFO [pass2 12/43] pending_timeout task=414297c0 cand=gitmonsters__414297c0 off=0/0 dyn=0/0 timeouts=1
2026-09-02 13:09:35,932 INFO [pass2 13/43] pending_timeout task=551d5bf1 cand=ctpang__prog0177__551d5bf1 off=0/0 dyn=0/0 timeouts=1
2026-09-02 13:09:35,938 INFO [pass2 14/43] pending_timeout task=551d5bf1 cand=gitmonsters__551d5bf1 off=0/0 dyn=0/0 timeouts=1
2026-09-02 13:09:35,941 INFO [pass2 15/43] pending_timeout task=6cbe9eb8 cand=arun__our_task_solutions__6cbe9eb8 off=0/0 dyn=0/0 timeouts=1
2026-09-02 13:09:35,941 INFO [pass2 16/43] pending_timeout task=5b37cb25 cand=gitmonsters__5b37cb25 off=0/0 dyn=0/0 timeouts=1
2026-09-02 13:11:35,926 INFO [pass2 19/43] pending_timeout task=6ffe8f07 cand=ctpang__prog0239__6ffe8f07 off=0/0 dyn=0/0 timeouts=1
2026-09-02 13:11:35,929 INFO [pass2 20/43] pending_timeout task=7d18a6fb cand=gitmonsters__7d18a6fb off=0/0 dyn=0/0 timeouts=1
2026-09-02 13:11:35,936 INFO [pass2 21/43] pending_timeout task=7d1f7ee8 cand=gitmonsters__7d1f7ee8 off=0/0 dyn=0/0 timeouts=1
2026-09-02 13:11:35,941 INFO [pass2 22/43] pending_timeout task=84f2aca1 cand=gitmonsters__84f2aca1 off=0/0 dyn=0/0 timeouts=1
2026-09-02 13:11:35,942 INFO [pass2 23/43] pending_timeout task=84f2aca1 cand=ctpang__prog0272__84f2aca1 off=0/0 dyn=0/0 timeouts=1
2026-09-02 13:11:35,946 INFO [pass2 24/43] pending_timeout task=8cb8642d cand=gitmonsters__8cb8642d off=0/0 dyn=0/0 timeouts=1
2026-09-02 13:13:16,625 INFO [pass2 26/43] pending_timeout task=a57f2f04 cand=ctpang__prog0344__a57f2f04 off=0/0 dyn=0/0 timeouts=1
2026-09-02 13:13:35,932 INFO [pass2 27/43] pending_timeout task=a57f2f04 cand=gitmonsters__a57f2f04 off=0/0 dyn=0/0 timeouts=1
2026-09-02 13:13:35,937 INFO [pass2 28/43] pending_timeout task=a934301b cand=gitmonsters__a934301b off=0/0 dyn=0/0 timeouts=1
2026-09-02 13:13:35,941 INFO [pass2 29/43] pending_timeout task=ac3e2b04 cand=gitmonsters__ac3e2b04 off=0/0 dyn=0/0 timeouts=1
2026-09-02 13:13:35,945 INFO [pass2 30/43] pending_timeout task=ad38a9d0 cand=ctpang__prog0366__ad38a9d0 off=0/0 dyn=0/0 timeouts=1
2026-09-02 13:13:35,947 INFO [pass2 31/43] pending_timeout task=ae58858e cand=ctpang__prog0370__ae58858e off=0/0 dyn=0/0 timeouts=1
2026-09-02 13:13:35,955 INFO [pass2 32/43] pending_timeout task=ae58858e cand=gitmonsters__ae58858e off=0/0 dyn=0/0 timeouts=1
2026-09-02 13:14:36,559 INFO [pass2 33/43] pending_timeout task=ba9d41b8 cand=ctpang__prog0393__ba9d41b8 off=0/0 dyn=0/0 timeouts=1
2026-09-02 13:15:16,629 INFO [pass2 34/43] pending_timeout task=ba9d41b8 cand=gitmonsters__ba9d41b8 off=0/0 dyn=0/0 timeouts=1
2026-09-02 13:15:35,937 INFO [pass2 35/43] pending_timeout task=bd14c3bf cand=gitmonsters__bd14c3bf off=0/0 dyn=0/0 timeouts=1
2026-09-02 13:15:35,941 INFO [pass2 36/43] pending_timeout task=e41c6fd3 cand=ctpang__prog0481__e41c6fd3 off=0/0 dyn=0/0 timeouts=1
2026-09-02 13:15:35,944 INFO [pass2 37/43] pending_timeout task=e41c6fd3 cand=gitmonsters__e41c6fd3 off=0/0 dyn=0/0 timeouts=1
2026-09-02 13:15:35,948 INFO [pass2 38/43] pending_timeout task=e681b708 cand=gitmonsters__e681b708 off=0/0 dyn=0/0 timeouts=1
2026-09-02 13:15:35,955 INFO [pass2 39/43] pending_timeout task=e74e1818 cand=ctpang__prog0490__e74e1818 off=0/0 dyn=0/0 timeouts=1
2026-09-02 13:15:35,958 INFO [pass2 40/43] pending_timeout task=e74e1818 cand=gitmonsters__e74e1818 off=0/0 dyn=0/0 timeouts=1
2026-09-02 13:16:36,563 INFO [pass2 41/43] pending_timeout task=edcc2ff0 cand=ctpang__prog0515__edcc2ff0 off=0/0 dyn=0/0 timeouts=1
2026-09-02 13:17:16,632 INFO [pass2 42/43] pending_timeout task=f21745ec cand=gitmonsters__f21745ec off=0/0 dyn=0/0 timeouts=1
2026-09-02 13:17:35,940 INFO [pass2 43/43] pending_timeout task=f3b10344 cand=gitmonsters__f3b10344 off=0/0 dyn=0/0 timeouts=1
2026-09-02 13:17:36,101 INFO DONE valid_candidates=307 tasks_covered=180/500 pending_left=40
