2026-09-02 14:35:06,485 INFO Retrying 40 pending_timeout candidates (case_timeout=60s overall=900s workers=4)
2026-09-02 14:35:06,486 INFO Validation pass4: resume=0 prefiltered_done=0 remaining=40
/Library/Developer/CommandLineTools/Library/Frameworks/Python3.framework/Versions/3.9/lib/python3.9/multiprocessing/resource_tracker.py:216: UserWarning: resource_tracker: There appear to be 12 leaked semaphore objects to clean up at shutdown
  warnings.warn('resource_tracker: There appear to be %d '
2026-09-02 14:50:04,601 INFO Retrying 40 pending_timeout candidates (case_timeout=60.0s overall=240.0s workers=8)
2026-09-02 14:50:04,602 INFO Validation pass4: resume=0 prefiltered_done=0 remaining=40
2026-09-02 14:54:04,616 INFO [pass4 1/40] pending_timeout task=1a2e2828 cand=gitmonsters__1a2e2828 off=0/0 dyn=0/0 timeouts=1
2026-09-02 14:54:04,618 INFO [pass4 2/40] pending_timeout task=0d87d2a6 cand=gitmonsters__0d87d2a6 off=0/0 dyn=0/0 timeouts=1
2026-09-02 14:54:04,622 INFO [pass4 3/40] pending_timeout task=1a2e2828 cand=ctpang__prog0041__1a2e2828 off=0/0 dyn=0/0 timeouts=1
2026-09-02 14:54:04,625 INFO [pass4 4/40] pending_timeout task=1c56ad9f cand=gitmonsters__1c56ad9f off=0/0 dyn=0/0 timeouts=1
2026-09-02 14:54:04,630 INFO [pass4 5/40] pending_timeout task=2753e76c cand=ctpang__prog0078__2753e76c off=0/0 dyn=0/0 timeouts=1
2026-09-02 14:54:04,632 INFO [pass4 6/40] pending_timeout task=2753e76c cand=gitmonsters__2753e76c off=0/0 dyn=0/0 timeouts=1
2026-09-02 14:54:04,632 INFO [pass4 7/40] pending_timeout task=1a2e2828 cand=arun__llm_task_solutions__1a2e2828 off=0/0 dyn=0/0 timeouts=1
2026-09-02 14:54:04,632 INFO [pass4 8/40] pending_timeout task=292dd178 cand=gitmonsters__292dd178 off=0/0 dyn=0/0 timeouts=1
2026-09-02 14:58:04,621 INFO [pass4 10/40] pending_timeout task=2c0b0aff cand=gitmonsters__2c0b0aff off=0/0 dyn=0/0 timeouts=1
2026-09-02 14:58:04,628 INFO [pass4 11/40] pending_timeout task=37d3e8b2 cand=gitmonsters__37d3e8b2 off=0/0 dyn=0/0 timeouts=1
2026-09-02 14:58:04,631 INFO [pass4 12/40] pending_timeout task=551d5bf1 cand=ctpang__prog0177__551d5bf1 off=0/0 dyn=0/0 timeouts=1
2026-09-02 14:58:04,635 INFO [pass4 13/40] pending_timeout task=414297c0 cand=gitmonsters__414297c0 off=0/0 dyn=0/0 timeouts=1
2026-09-02 14:58:04,639 INFO [pass4 14/40] pending_timeout task=5b37cb25 cand=gitmonsters__5b37cb25 off=0/0 dyn=0/0 timeouts=1
2026-09-02 14:58:04,641 INFO [pass4 15/40] pending_timeout task=551d5bf1 cand=gitmonsters__551d5bf1 off=0/0 dyn=0/0 timeouts=1
2026-09-02 14:58:04,642 INFO [pass4 16/40] pending_timeout task=6cbe9eb8 cand=arun__our_task_solutions__6cbe9eb8 off=0/0 dyn=0/0 timeouts=1
2026-09-02 15:01:54,435 INFO [pass4 19/40] pending_timeout task=6ffe8f07 cand=ctpang__prog0239__6ffe8f07 off=0/0 dyn=0/0 timeouts=1
2026-09-02 15:02:04,578 INFO [pass4 20/40] pending_timeout task=7d18a6fb cand=gitmonsters__7d18a6fb off=0/0 dyn=0/0 timeouts=1
2026-09-02 15:02:04,585 INFO [pass4 21/40] pending_timeout task=7d1f7ee8 cand=gitmonsters__7d1f7ee8 off=0/0 dyn=0/0 timeouts=1
2026-09-02 15:02:04,599 INFO [pass4 22/40] pending_timeout task=8cb8642d cand=gitmonsters__8cb8642d off=0/0 dyn=0/0 timeouts=1
2026-09-02 15:02:04,602 INFO [pass4 23/40] pending_timeout task=a57f2f04 cand=ctpang__prog0344__a57f2f04 off=0/0 dyn=0/0 timeouts=1
2026-09-02 15:02:04,606 INFO [pass4 24/40] pending_timeout task=a57f2f04 cand=gitmonsters__a57f2f04 off=0/0 dyn=0/0 timeouts=1
